Archive member included to satisfy reference by file (symbol)

c:/toolchain/gcc-arm-none-eabi-10.3-2021.10/bin/../lib/gcc/arm-none-eabi/10.3.1/../../../../arm-none-eabi/lib/thumb/v7-m/nofp\libc_nano.a(lib_a-exit.o)
                              c:/toolchain/gcc-arm-none-eabi-10.3-2021.10/bin/../lib/gcc/arm-none-eabi/10.3.1/../../../../arm-none-eabi/lib/thumb/v7-m/nofp/crt0.o (exit)
c:/toolchain/gcc-arm-none-eabi-10.3-2021.10/bin/../lib/gcc/arm-none-eabi/10.3.1/../../../../arm-none-eabi/lib/thumb/v7-m/nofp\libc_nano.a(lib_a-impure.o)
                              c:/toolchain/gcc-arm-none-eabi-10.3-2021.10/bin/../lib/gcc/arm-none-eabi/10.3.1/../../../../arm-none-eabi/lib/thumb/v7-m/nofp\libc_nano.a(lib_a-exit.o) (_global_impure_ptr)
c:/toolchain/gcc-arm-none-eabi-10.3-2021.10/bin/../lib/gcc/arm-none-eabi/10.3.1/../../../../arm-none-eabi/lib/thumb/v7-m/nofp\libc_nano.a(lib_a-init.o)
                              c:/toolchain/gcc-arm-none-eabi-10.3-2021.10/bin/../lib/gcc/arm-none-eabi/10.3.1/../../../../arm-none-eabi/lib/thumb/v7-m/nofp/crt0.o (__libc_init_array)
c:/toolchain/gcc-arm-none-eabi-10.3-2021.10/bin/../lib/gcc/arm-none-eabi/10.3.1/../../../../arm-none-eabi/lib/thumb/v7-m/nofp\libc_nano.a(lib_a-malloc.o)
                              build/usbd_cdc.o (malloc)
c:/toolchain/gcc-arm-none-eabi-10.3-2021.10/bin/../lib/gcc/arm-none-eabi/10.3.1/../../../../arm-none-eabi/lib/thumb/v7-m/nofp\libc_nano.a(lib_a-memset.o)
                              c:/toolchain/gcc-arm-none-eabi-10.3-2021.10/bin/../lib/gcc/arm-none-eabi/10.3.1/../../../../arm-none-eabi/lib/thumb/v7-m/nofp/crt0.o (memset)
c:/toolchain/gcc-arm-none-eabi-10.3-2021.10/bin/../lib/gcc/arm-none-eabi/10.3.1/../../../../arm-none-eabi/lib/thumb/v7-m/nofp\libc_nano.a(lib_a-nano-freer.o)
                              c:/toolchain/gcc-arm-none-eabi-10.3-2021.10/bin/../lib/gcc/arm-none-eabi/10.3.1/../../../../arm-none-eabi/lib/thumb/v7-m/nofp\libc_nano.a(lib_a-malloc.o) (_free_r)
c:/toolchain/gcc-arm-none-eabi-10.3-2021.10/bin/../lib/gcc/arm-none-eabi/10.3.1/../../../../arm-none-eabi/lib/thumb/v7-m/nofp\libc_nano.a(lib_a-nano-mallocr.o)
                              c:/toolchain/gcc-arm-none-eabi-10.3-2021.10/bin/../lib/gcc/arm-none-eabi/10.3.1/../../../../arm-none-eabi/lib/thumb/v7-m/nofp\libc_nano.a(lib_a-malloc.o) (_malloc_r)
c:/toolchain/gcc-arm-none-eabi-10.3-2021.10/bin/../lib/gcc/arm-none-eabi/10.3.1/../../../../arm-none-eabi/lib/thumb/v7-m/nofp\libc_nano.a(lib_a-sbrkr.o)
                              c:/toolchain/gcc-arm-none-eabi-10.3-2021.10/bin/../lib/gcc/arm-none-eabi/10.3.1/../../../../arm-none-eabi/lib/thumb/v7-m/nofp\libc_nano.a(lib_a-nano-mallocr.o) (_sbrk_r)
c:/toolchain/gcc-arm-none-eabi-10.3-2021.10/bin/../lib/gcc/arm-none-eabi/10.3.1/../../../../arm-none-eabi/lib/thumb/v7-m/nofp\libc_nano.a(lib_a-mlock.o)
                              c:/toolchain/gcc-arm-none-eabi-10.3-2021.10/bin/../lib/gcc/arm-none-eabi/10.3.1/../../../../arm-none-eabi/lib/thumb/v7-m/nofp\libc_nano.a(lib_a-nano-freer.o) (__malloc_lock)
c:/toolchain/gcc-arm-none-eabi-10.3-2021.10/bin/../lib/gcc/arm-none-eabi/10.3.1/../../../../arm-none-eabi/lib/thumb/v7-m/nofp\libc_nano.a(lib_a-reent.o)
                              c:/toolchain/gcc-arm-none-eabi-10.3-2021.10/bin/../lib/gcc/arm-none-eabi/10.3.1/../../../../arm-none-eabi/lib/thumb/v7-m/nofp\libc_nano.a(lib_a-sbrkr.o) (errno)
c:/toolchain/gcc-arm-none-eabi-10.3-2021.10/bin/../lib/gcc/arm-none-eabi/10.3.1/../../../../arm-none-eabi/lib/thumb/v7-m/nofp\libc_nano.a(lib_a-lock.o)
                              c:/toolchain/gcc-arm-none-eabi-10.3-2021.10/bin/../lib/gcc/arm-none-eabi/10.3.1/../../../../arm-none-eabi/lib/thumb/v7-m/nofp\libc_nano.a(lib_a-mlock.o) (__retarget_lock_acquire_recursive)
c:/toolchain/gcc-arm-none-eabi-10.3-2021.10/bin/../lib/gcc/arm-none-eabi/10.3.1/../../../../arm-none-eabi/lib/thumb/v7-m/nofp\libnosys.a(sbrk.o)
                              c:/toolchain/gcc-arm-none-eabi-10.3-2021.10/bin/../lib/gcc/arm-none-eabi/10.3.1/../../../../arm-none-eabi/lib/thumb/v7-m/nofp\libc_nano.a(lib_a-sbrkr.o) (_sbrk)
c:/toolchain/gcc-arm-none-eabi-10.3-2021.10/bin/../lib/gcc/arm-none-eabi/10.3.1/../../../../arm-none-eabi/lib/thumb/v7-m/nofp\libnosys.a(_exit.o)
                              c:/toolchain/gcc-arm-none-eabi-10.3-2021.10/bin/../lib/gcc/arm-none-eabi/10.3.1/../../../../arm-none-eabi/lib/thumb/v7-m/nofp\libc_nano.a(lib_a-exit.o) (_exit)
c:/toolchain/gcc-arm-none-eabi-10.3-2021.10/bin/../lib/gcc/arm-none-eabi/10.3.1/thumb/v7-m/nofp\libgcc.a(_aeabi_uldivmod.o)
                              build/stm32f2xx_hal_rcc.o (__aeabi_uldivmod)
c:/toolchain/gcc-arm-none-eabi-10.3-2021.10/bin/../lib/gcc/arm-none-eabi/10.3.1/thumb/v7-m/nofp\libgcc.a(_udivmoddi4.o)
                              c:/toolchain/gcc-arm-none-eabi-10.3-2021.10/bin/../lib/gcc/arm-none-eabi/10.3.1/thumb/v7-m/nofp\libgcc.a(_aeabi_uldivmod.o) (__udivmoddi4)
[...]
Memory Configuration

Name             Origin             Length             Attributes
RAM              0x20000000         0x00020000         xrw
FLASH            0x08000000         0x00100000         xr
*default*        0x00000000         0xffffffff

Linker script and memory map

LOAD c:/toolchain/gcc-arm-none-eabi-10.3-2021.10/bin/../lib/gcc/arm-none-eabi/10.3.1/thumb/v7-m/nofp/crti.o
LOAD c:/toolchain/gcc-arm-none-eabi-10.3-2021.10/bin/../lib/gcc/arm-none-eabi/10.3.1/thumb/v7-m/nofp/crtbegin.o
LOAD c:/toolchain/gcc-arm-none-eabi-10.3-2021.10/bin/../lib/gcc/arm-none-eabi/10.3.1/../../../../arm-none-eabi/lib/thumb/v7-m/nofp/crt0.o
LOAD build/main.o
LOAD build/stm32f2xx_it.o
LOAD build/stm32f2xx_hal_msp.o
LOAD build/usb_device.o
LOAD build/usbd_desc.o
LOAD build/usbd_cdc_if.o
LOAD build/usbd_conf.o
LOAD build/stm32f2xx_ll_gpio.o
LOAD build/stm32f2xx_hal_pcd_ex.o
LOAD build/stm32f2xx_hal_pcd.o
LOAD build/stm32f2xx_ll_usb.o
LOAD build/stm32f2xx_ll_rcc.o
LOAD build/stm32f2xx_ll_utils.o
LOAD build/stm32f2xx_ll_exti.o
LOAD build/stm32f2xx_hal.o
LOAD build/stm32f2xx_hal_rcc.o
LOAD build/stm32f2xx_hal_rcc_ex.o
LOAD build/stm32f2xx_hal_cortex.o
LOAD build/stm32f2xx_hal_flash.o
LOAD build/stm32f2xx_hal_flash_ex.o
LOAD build/stm32f2xx_hal_pwr.o
LOAD build/stm32f2xx_hal_pwr_ex.o
LOAD build/stm32f2xx_hal_gpio.o
LOAD build/stm32f2xx_hal_dma.o
LOAD build/stm32f2xx_hal_dma_ex.o
LOAD build/stm32f2xx_hal_exti.o
LOAD build/stm32f2xx_hal_tim.o
LOAD build/stm32f2xx_hal_tim_ex.o
LOAD build/system_stm32f2xx.o
LOAD build/usbd_core.o
LOAD build/usbd_ctlreq.o
LOAD build/usbd_ioreq.o
LOAD build/usbd_cdc.o
LOAD build/startup_stm32f207xx.o
LOAD c:/toolchain/gcc-arm-none-eabi-10.3-2021.10/bin/../lib/gcc/arm-none-eabi/10.3.1/../../../../arm-none-eabi/lib/thumb/v7-m/nofp\libc_nano.a
LOAD c:/toolchain/gcc-arm-none-eabi-10.3-2021.10/bin/../lib/gcc/arm-none-eabi/10.3.1/../../../../arm-none-eabi/lib/thumb/v7-m/nofp\libm.a
LOAD c:/toolchain/gcc-arm-none-eabi-10.3-2021.10/bin/../lib/gcc/arm-none-eabi/10.3.1/../../../../arm-none-eabi/lib/thumb/v7-m/nofp\libnosys.a
START GROUP
LOAD c:/toolchain/gcc-arm-none-eabi-10.3-2021.10/bin/../lib/gcc/arm-none-eabi/10.3.1/thumb/v7-m/nofp\libgcc.a
LOAD c:/toolchain/gcc-arm-none-eabi-10.3-2021.10/bin/../lib/gcc/arm-none-eabi/10.3.1/../../../../arm-none-eabi/lib/thumb/v7-m/nofp\libc_nano.a
END GROUP
START GROUP
LOAD c:/toolchain/gcc-arm-none-eabi-10.3-2021.10/bin/../lib/gcc/arm-none-eabi/10.3.1/thumb/v7-m/nofp\libgcc.a
LOAD c:/toolchain/gcc-arm-none-eabi-10.3-2021.10/bin/../lib/gcc/arm-none-eabi/10.3.1/../../../../arm-none-eabi/lib/thumb/v7-m/nofp\libc_nano.a
END GROUP
LOAD c:/toolchain/gcc-arm-none-eabi-10.3-2021.10/bin/../lib/gcc/arm-none-eabi/10.3.1/thumb/v7-m/nofp/crtend.o
LOAD c:/toolchain/gcc-arm-none-eabi-10.3-2021.10/bin/../lib/gcc/arm-none-eabi/10.3.1/thumb/v7-m/nofp/crtn.o
                0x20020000                _estack = (ORIGIN (RAM) + LENGTH (RAM))
                0x00002000                _Min_Heap_Size = 0x2000
                0x00004000                _Min_Stack_Size = 0x4000

.isr_vector     0x08000000      0x184
                0x08000000                . = ALIGN (0x4)
 *(.isr_vector)
 .isr_vector    0x08000000      0x184 build/startup_stm32f207xx.o
                0x08000000                g_pfnVectors
                0x08000184                . = ALIGN (0x4)

.text           0x08000184     0x3010
                0x08000184                . = ALIGN (0x4)
 *(.text)
 .text          0x08000184       0x40 c:/toolchain/gcc-arm-none-eabi-10.3-2021.10/bin/../lib/gcc/arm-none-eabi/10.3.1/thumb/v7-m/nofp/crtbegin.o
 *(.text*)
 .text.MX_GPIO_Init
                0x080001c4       0x30 build/main.o
 .text.Error_Handler
                0x080001f4        0x4 build/main.o
                0x080001f4                Error_Handler
 .text.SystemClock_Config
                0x080001f8       0xc8 build/main.o
                0x080001f8                SystemClock_Config
 .text.main     0x080002c0       0x14 build/main.o
                0x080002c0                main
 .text.NMI_Handler
                0x080002d4        0x2 build/stm32f2xx_it.o
                0x080002d4                NMI_Handler
 .text.HardFault_Handler
                0x080002d6        0x2 build/stm32f2xx_it.o
                0x080002d6                HardFault_Handler
 .text.MemManage_Handler
                0x080002d8        0x2 build/stm32f2xx_it.o
                0x080002d8                MemManage_Handler
 .text.BusFault_Handler
                0x080002da        0x2 build/stm32f2xx_it.o
                0x080002da                BusFault_Handler
 .text.UsageFault_Handler
                0x080002dc        0x2 build/stm32f2xx_it.o
                0x080002dc                UsageFault_Handler
 .text.SVC_Handler
                0x080002de        0x2 build/stm32f2xx_it.o
                0x080002de                SVC_Handler
 .text.DebugMon_Handler
                0x080002e0        0x2 build/stm32f2xx_it.o
                0x080002e0                DebugMon_Handler
 .text.PendSV_Handler
                0x080002e2        0x2 build/stm32f2xx_it.o
                0x080002e2                PendSV_Handler
 .text.SysTick_Handler
                0x080002e4        0x8 build/stm32f2xx_it.o
                0x080002e4                SysTick_Handler
 .text.OTG_FS_IRQHandler
                0x080002ec       0x10 build/stm32f2xx_it.o
                0x080002ec                OTG_FS_IRQHandler
 .text.HAL_MspInit
                0x080002fc       0x38 build/stm32f2xx_hal_msp.o
                0x080002fc                HAL_MspInit
 .text.MX_USB_DEVICE_Init
                0x08000334       0x54 build/usb_device.o
                0x08000334                MX_USB_DEVICE_Init
 .text.USBD_FS_DeviceDescriptor
                0x08000388        0xc build/usbd_desc.o
                0x08000388                USBD_FS_DeviceDescriptor
 .text.USBD_FS_LangIDStrDescriptor
                0x08000394        0xc build/usbd_desc.o
                0x08000394                USBD_FS_LangIDStrDescriptor
 .text.IntToUnicode
                0x080003a0       0x46 build/usbd_desc.o
 *fill*         0x080003e6        0x2 
 .text.Get_SerialNum
                0x080003e8       0x38 build/usbd_desc.o
 .text.USBD_FS_SerialStrDescriptor
                0x08000420       0x14 build/usbd_desc.o
                0x08000420                USBD_FS_SerialStrDescriptor
 .text.USBD_FS_ProductStrDescriptor
                0x08000434       0x24 build/usbd_desc.o
                0x08000434                USBD_FS_ProductStrDescriptor
 .text.USBD_FS_ManufacturerStrDescriptor
                0x08000458       0x1c build/usbd_desc.o
                0x08000458                USBD_FS_ManufacturerStrDescriptor
 .text.USBD_FS_ConfigStrDescriptor
                0x08000474       0x24 build/usbd_desc.o
                0x08000474                USBD_FS_ConfigStrDescriptor
 .text.USBD_FS_InterfaceStrDescriptor
                0x08000498       0x24 build/usbd_desc.o
                0x08000498                USBD_FS_InterfaceStrDescriptor
 .text.CDC_DeInit_FS
                0x080004bc        0x4 build/usbd_cdc_if.o
 .text.CDC_Control_FS
                0x080004c0        0x4 build/usbd_cdc_if.o
 .text.CDC_Receive_FS
                0x080004c4       0x1c build/usbd_cdc_if.o
 .text.CDC_Init_FS
                0x080004e0       0x28 build/usbd_cdc_if.o
 .text.HAL_PCD_MspInit
                0x08000508       0x84 build/usbd_conf.o
                0x08000508                HAL_PCD_MspInit
 .text.HAL_PCD_SetupStageCallback
                0x0800058c       0x10 build/usbd_conf.o
                0x0800058c                HAL_PCD_SetupStageCallback
 .text.HAL_PCD_DataOutStageCallback
                0x0800059c       0x18 build/usbd_conf.o
                0x0800059c                HAL_PCD_DataOutStageCallback
 .text.HAL_PCD_DataInStageCallback
                0x080005b4       0x16 build/usbd_conf.o
                0x080005b4                HAL_PCD_DataInStageCallback
 .text.HAL_PCD_SOFCallback
                0x080005ca        0xc build/usbd_conf.o
                0x080005ca                HAL_PCD_SOFCallback
 .text.HAL_PCD_ResetCallback
                0x080005d6       0x2c build/usbd_conf.o
                0x080005d6                HAL_PCD_ResetCallback
 *fill*         0x08000602        0x2 
 .text.HAL_PCD_SuspendCallback
                0x08000604       0x30 build/usbd_conf.o
                0x08000604                HAL_PCD_SuspendCallback
 .text.HAL_PCD_ResumeCallback
                0x08000634        0xc build/usbd_conf.o
                0x08000634                HAL_PCD_ResumeCallback
 .text.HAL_PCD_ISOOUTIncompleteCallback
                0x08000640        0xc build/usbd_conf.o
                0x08000640                HAL_PCD_ISOOUTIncompleteCallback
 .text.HAL_PCD_ISOINIncompleteCallback
                0x0800064c        0xc build/usbd_conf.o
                0x0800064c                HAL_PCD_ISOINIncompleteCallback
 .text.HAL_PCD_ConnectCallback
                0x08000658        0xc build/usbd_conf.o
                0x08000658                HAL_PCD_ConnectCallback
 .text.HAL_PCD_DisconnectCallback
                0x08000664        0xc build/usbd_conf.o
                0x08000664                HAL_PCD_DisconnectCallback
 .text.USBD_LL_Init
                0x08000670       0x64 build/usbd_conf.o
                0x08000670                USBD_LL_Init
 .text.USBD_LL_IsStallEP
                0x080006d4       0x2e build/usbd_conf.o
                0x080006d4                USBD_LL_IsStallEP
 .text.USBD_LL_GetRxDataSize
                0x08000702        0xc build/usbd_conf.o
                0x08000702                USBD_LL_GetRxDataSize
 .text.USBD_Get_USB_Status
                0x0800070e       0x14 build/usbd_conf.o
                0x0800070e                USBD_Get_USB_Status
 .text.USBD_LL_Start
                0x08000722       0x10 build/usbd_conf.o
                0x08000722                USBD_LL_Start
 .text.USBD_LL_OpenEP
                0x08000732       0x16 build/usbd_conf.o
                0x08000732                USBD_LL_OpenEP
 .text.USBD_LL_CloseEP
                0x08000748       0x10 build/usbd_conf.o
                0x08000748                USBD_LL_CloseEP
 .text.USBD_LL_StallEP
                0x08000758       0x10 build/usbd_conf.o
                0x08000758                USBD_LL_StallEP
 .text.USBD_LL_ClearStallEP
                0x08000768       0x10 build/usbd_conf.o
                0x08000768                USBD_LL_ClearStallEP
 .text.USBD_LL_SetUSBAddress
                0x08000778       0x10 build/usbd_conf.o
                0x08000778                USBD_LL_SetUSBAddress
 .text.USBD_LL_Transmit
                0x08000788       0x10 build/usbd_conf.o
                0x08000788                USBD_LL_Transmit
 .text.USBD_LL_PrepareReceive
                0x08000798       0x10 build/usbd_conf.o
                0x08000798                USBD_LL_PrepareReceive
 .text.HAL_PCDEx_SetTxFiFo
                0x080007a8       0x4a build/stm32f2xx_hal_pcd_ex.o
                0x080007a8                HAL_PCDEx_SetTxFiFo
 .text.HAL_PCDEx_SetRxFiFo
                0x080007f2        0x8 build/stm32f2xx_hal_pcd_ex.o
                0x080007f2                HAL_PCDEx_SetRxFiFo
 .text.PCD_WriteEmptyTxFifo
                0x080007fa       0xd0 build/stm32f2xx_hal_pcd.o
 .text.HAL_PCD_Init
                0x080008ca      0x12e build/stm32f2xx_hal_pcd.o
                0x080008ca                HAL_PCD_Init
 .text.HAL_PCD_Start
                0x080009f8       0x2a build/stm32f2xx_hal_pcd.o
                0x080009f8                HAL_PCD_Start
 *fill*         0x08000a22        0x2 
 .text.PCD_EP_OutXfrComplete_int
                0x08000a24       0xf4 build/stm32f2xx_hal_pcd.o
 .text.PCD_EP_OutSetupPacket_int
                0x08000b18       0x50 build/stm32f2xx_hal_pcd.o
 .text.HAL_PCD_IRQHandler
                0x08000b68      0x460 build/stm32f2xx_hal_pcd.o
                0x08000b68                HAL_PCD_IRQHandler
 .text.HAL_PCD_SetAddress
                0x08000fc8       0x28 build/stm32f2xx_hal_pcd.o
                0x08000fc8                HAL_PCD_SetAddress
 .text.HAL_PCD_EP_Open
                0x08000ff0       0x8a build/stm32f2xx_hal_pcd.o
                0x08000ff0                HAL_PCD_EP_Open
 .text.HAL_PCD_EP_Close
                0x0800107a       0x72 build/stm32f2xx_hal_pcd.o
                0x0800107a                HAL_PCD_EP_Close
 .text.HAL_PCD_EP_Receive
                0x080010ec       0x5e build/stm32f2xx_hal_pcd.o
                0x080010ec                HAL_PCD_EP_Receive
 .text.HAL_PCD_EP_GetRxCount
                0x0800114a       0x12 build/stm32f2xx_hal_pcd.o
                0x0800114a                HAL_PCD_EP_GetRxCount
 .text.HAL_PCD_EP_Transmit
                0x0800115c       0x5e build/stm32f2xx_hal_pcd.o
                0x0800115c                HAL_PCD_EP_Transmit
 .text.HAL_PCD_EP_SetStall
                0x080011ba       0x88 build/stm32f2xx_hal_pcd.o
                0x080011ba                HAL_PCD_EP_SetStall
 .text.HAL_PCD_EP_ClrStall
                0x08001242       0x76 build/stm32f2xx_hal_pcd.o
                0x08001242                HAL_PCD_EP_ClrStall
 .text.USB_CoreReset
                0x080012b8       0x3c build/stm32f2xx_ll_usb.o
 .text.USB_CoreInit
                0x080012f4       0x7c build/stm32f2xx_ll_usb.o
                0x080012f4                USB_CoreInit
 .text.USB_SetTurnaroundTime
                0x08001370       0xe4 build/stm32f2xx_ll_usb.o
                0x08001370                USB_SetTurnaroundTime
 .text.USB_EnableGlobalInt
                0x08001454        0xc build/stm32f2xx_ll_usb.o
                0x08001454                USB_EnableGlobalInt
 .text.USB_DisableGlobalInt
                0x08001460        0xc build/stm32f2xx_ll_usb.o
                0x08001460                USB_DisableGlobalInt
 .text.USB_FlushTxFifo
                0x0800146c       0x28 build/stm32f2xx_ll_usb.o
                0x0800146c                USB_FlushTxFifo
 .text.USB_FlushRxFifo
                0x08001494       0x24 build/stm32f2xx_ll_usb.o
                0x08001494                USB_FlushRxFifo
 .text.USB_SetDevSpeed
                0x080014b8        0xe build/stm32f2xx_ll_usb.o
                0x080014b8                USB_SetDevSpeed
 *fill*         0x080014c6        0x2 
 .text.USB_DevInit
                0x080014c8      0x190 build/stm32f2xx_ll_usb.o
                0x080014c8                USB_DevInit
 .text.USB_GetDevSpeed
                0x08001658       0x22 build/stm32f2xx_ll_usb.o
                0x08001658                USB_GetDevSpeed
 .text.USB_ActivateEndpoint
                0x0800167a       0x9c build/stm32f2xx_ll_usb.o
                0x0800167a                USB_ActivateEndpoint
 *fill*         0x08001716        0x2 
 .text.USB_DeactivateEndpoint
                0x08001718       0xe0 build/stm32f2xx_ll_usb.o
                0x08001718                USB_DeactivateEndpoint
 .text.USB_EP0StartXfer
                0x080017f8      0x124 build/stm32f2xx_ll_usb.o
                0x080017f8                USB_EP0StartXfer
 .text.USB_WritePacket
                0x0800191c       0x2e build/stm32f2xx_ll_usb.o
                0x0800191c                USB_WritePacket
 *fill*         0x0800194a        0x2 
 .text.USB_EPStartXfer
                0x0800194c      0x238 build/stm32f2xx_ll_usb.o
                0x0800194c                USB_EPStartXfer
 .text.USB_ReadPacket
                0x08001b84       0x54 build/stm32f2xx_ll_usb.o
                0x08001b84                USB_ReadPacket
 .text.USB_EPSetStall
                0x08001bd8       0x5a build/stm32f2xx_ll_usb.o
                0x08001bd8                USB_EPSetStall
 .text.USB_EPClearStall
                0x08001c32       0x5c build/stm32f2xx_ll_usb.o
                0x08001c32                USB_EPClearStall
 .text.USB_SetDevAddress
                0x08001c8e       0x20 build/stm32f2xx_ll_usb.o
                0x08001c8e                USB_SetDevAddress
 .text.USB_DevConnect
                0x08001cae       0x1c build/stm32f2xx_ll_usb.o
                0x08001cae                USB_DevConnect
 .text.USB_DevDisconnect
                0x08001cca       0x1c build/stm32f2xx_ll_usb.o
                0x08001cca                USB_DevDisconnect
 .text.USB_ReadInterrupts
                0x08001ce6        0x8 build/stm32f2xx_ll_usb.o
                0x08001ce6                USB_ReadInterrupts
 .text.USB_ReadDevAllOutEpInterrupt
                0x08001cee       0x10 build/stm32f2xx_ll_usb.o
                0x08001cee                USB_ReadDevAllOutEpInterrupt
 .text.USB_ReadDevAllInEpInterrupt
                0x08001cfe       0x10 build/stm32f2xx_ll_usb.o
                0x08001cfe                USB_ReadDevAllInEpInterrupt
 .text.USB_ReadDevOutEPInterrupt
                0x08001d0e       0x12 build/stm32f2xx_ll_usb.o
                0x08001d0e                USB_ReadDevOutEPInterrupt
 .text.USB_ReadDevInEPInterrupt
                0x08001d20       0x26 build/stm32f2xx_ll_usb.o
                0x08001d20                USB_ReadDevInEPInterrupt
 .text.USB_GetMode
                0x08001d46        0x8 build/stm32f2xx_ll_usb.o
                0x08001d46                USB_GetMode
 .text.USB_SetCurrentMode
                0x08001d4e       0x62 build/stm32f2xx_ll_usb.o
                0x08001d4e                USB_SetCurrentMode
 .text.USB_ActivateSetup
                0x08001db0       0x20 build/stm32f2xx_ll_usb.o
                0x08001db0                USB_ActivateSetup
 .text.USB_EP0_OutStart
                0x08001dd0       0x5c build/stm32f2xx_ll_usb.o
                0x08001dd0                USB_EP0_OutStart
 .text.LL_SetSystemCoreClock
                0x08001e2c        0xc build/stm32f2xx_ll_utils.o
                0x08001e2c                LL_SetSystemCoreClock
 .text.HAL_InitTick
                0x08001e38       0x4c build/stm32f2xx_hal.o
                0x08001e38                HAL_InitTick
 .text.HAL_Init
                0x08001e84       0x34 build/stm32f2xx_hal.o
                0x08001e84                HAL_Init
 .text.HAL_IncTick
                0x08001eb8       0x18 build/stm32f2xx_hal.o
                0x08001eb8                HAL_IncTick
 .text.HAL_GetTick
                0x08001ed0        0xc build/stm32f2xx_hal.o
                0x08001ed0                HAL_GetTick
 .text.HAL_Delay
                0x08001edc       0x2c build/stm32f2xx_hal.o
                0x08001edc                HAL_Delay
 .text.HAL_RCC_GetHCLKFreq
                0x08001f08        0xc build/stm32f2xx_hal_rcc.o
                0x08001f08                HAL_RCC_GetHCLKFreq
 .text.HAL_NVIC_SetPriorityGrouping
                0x08001f14       0x24 build/stm32f2xx_hal_cortex.o
                0x08001f14                HAL_NVIC_SetPriorityGrouping
 .text.HAL_NVIC_SetPriority
                0x08001f38       0x70 build/stm32f2xx_hal_cortex.o
                0x08001f38                HAL_NVIC_SetPriority
 .text.HAL_NVIC_EnableIRQ
                0x08001fa8       0x1c build/stm32f2xx_hal_cortex.o
                0x08001fa8                HAL_NVIC_EnableIRQ
 .text.HAL_SYSTICK_Config
                0x08001fc4       0x28 build/stm32f2xx_hal_cortex.o
                0x08001fc4                HAL_SYSTICK_Config
 .text.HAL_GPIO_Init
                0x08001fec      0x208 build/stm32f2xx_hal_gpio.o
                0x08001fec                HAL_GPIO_Init
 .text.SystemInit
                0x080021f4        0x2 build/system_stm32f2xx.o
                0x080021f4                SystemInit
 .text.USBD_Init
                0x080021f6       0x2e build/usbd_core.o
                0x080021f6                USBD_Init
 .text.USBD_RegisterClass
                0x08002224        0xe build/usbd_core.o
                0x08002224                USBD_RegisterClass
 .text.USBD_Start
                0x08002232        0xa build/usbd_core.o
                0x08002232                USBD_Start
 .text.USBD_SetClassConfig
                0x0800223c       0x18 build/usbd_core.o
                0x0800223c                USBD_SetClassConfig
 .text.USBD_ClrClassConfig
                0x08002254        0xe build/usbd_core.o
                0x08002254                USBD_ClrClassConfig
 .text.USBD_LL_SetupStage
                0x08002262       0x5a build/usbd_core.o
                0x08002262                USBD_LL_SetupStage
 .text.USBD_LL_DataOutStage
                0x080022bc       0x8c build/usbd_core.o
                0x080022bc                USBD_LL_DataOutStage
 .text.USBD_LL_DataInStage
                0x08002348       0xd0 build/usbd_core.o
                0x08002348                USBD_LL_DataInStage
 .text.USBD_LL_Reset
                0x08002418       0x50 build/usbd_core.o
                0x08002418                USBD_LL_Reset
 .text.USBD_LL_SetSpeed
                0x08002468        0x6 build/usbd_core.o
                0x08002468                USBD_LL_SetSpeed
 .text.USBD_LL_Suspend
                0x0800246e       0x12 build/usbd_core.o
                0x0800246e                USBD_LL_Suspend
 .text.USBD_LL_Resume
                0x08002480       0x16 build/usbd_core.o
                0x08002480                USBD_LL_Resume
 .text.USBD_LL_SOF
                0x08002496       0x1c build/usbd_core.o
                0x08002496                USBD_LL_SOF
 .text.USBD_LL_IsoINIncomplete
                0x080024b2        0x4 build/usbd_core.o
                0x080024b2                USBD_LL_IsoINIncomplete
 .text.USBD_LL_IsoOUTIncomplete
                0x080024b6        0x4 build/usbd_core.o
                0x080024b6                USBD_LL_IsoOUTIncomplete
 .text.USBD_LL_DevConnected
                0x080024ba        0x4 build/usbd_core.o
                0x080024ba                USBD_LL_DevConnected
 .text.USBD_LL_DevDisconnected
                0x080024be       0x16 build/usbd_core.o
                0x080024be                USBD_LL_DevDisconnected
 .text.USBD_GetLen
                0x080024d4       0x14 build/usbd_ctlreq.o
 .text.USBD_SetFeature
                0x080024e8       0x14 build/usbd_ctlreq.o
 .text.USBD_ParseSetupRequest
                0x080024fc       0x28 build/usbd_ctlreq.o
                0x080024fc                USBD_ParseSetupRequest
 .text.USBD_CtlError
                0x08002524       0x14 build/usbd_ctlreq.o
                0x08002524                USBD_CtlError
 .text.USBD_GetDescriptor
                0x08002538      0x186 build/usbd_ctlreq.o
 .text.USBD_SetAddress
                0x080026be       0x4e build/usbd_ctlreq.o
 .text.USBD_SetConfig
                0x0800270c       0xb0 build/usbd_ctlreq.o
 .text.USBD_GetConfig
                0x080027bc       0x3e build/usbd_ctlreq.o
 .text.USBD_GetStatus
                0x080027fa       0x38 build/usbd_ctlreq.o
 .text.USBD_ClrFeature
                0x08002832       0x26 build/usbd_ctlreq.o
 .text.USBD_StdDevReq
                0x08002858       0x68 build/usbd_ctlreq.o
                0x08002858                USBD_StdDevReq
 .text.USBD_StdItfReq
                0x080028c0       0x60 build/usbd_ctlreq.o
                0x080028c0                USBD_StdItfReq
 .text.USBD_StdEPReq
                0x08002920      0x1e2 build/usbd_ctlreq.o
                0x08002920                USBD_StdEPReq
 .text.USBD_GetString
                0x08002b02       0x3a build/usbd_ctlreq.o
                0x08002b02                USBD_GetString
 .text.USBD_CtlSendData
                0x08002b3c       0x1a build/usbd_ioreq.o
                0x08002b3c                USBD_CtlSendData
 .text.USBD_CtlContinueSendData
                0x08002b56       0x10 build/usbd_ioreq.o
                0x08002b56                USBD_CtlContinueSendData
 .text.USBD_CtlPrepareRx
                0x08002b66       0x1e build/usbd_ioreq.o
                0x08002b66                USBD_CtlPrepareRx
 .text.USBD_CtlContinueRx
                0x08002b84       0x10 build/usbd_ioreq.o
                0x08002b84                USBD_CtlContinueRx
 .text.USBD_CtlSendStatus
                0x08002b94       0x16 build/usbd_ioreq.o
                0x08002b94                USBD_CtlSendStatus
 .text.USBD_CtlReceiveStatus
                0x08002baa       0x16 build/usbd_ioreq.o
                0x08002baa                USBD_CtlReceiveStatus
 .text.USBD_CDC_EP0_RxReady
                0x08002bc0       0x28 build/usbd_cdc.o
 .text.USBD_CDC_GetFSCfgDesc
                0x08002be8        0xc build/usbd_cdc.o
 .text.USBD_CDC_GetHSCfgDesc
                0x08002bf4        0xc build/usbd_cdc.o
 .text.USBD_CDC_GetOtherSpeedCfgDesc
                0x08002c00        0xc build/usbd_cdc.o
 .text.USBD_CDC_GetDeviceQualifierDescriptor
                0x08002c0c        0xc build/usbd_cdc.o
                0x08002c0c                USBD_CDC_GetDeviceQualifierDescriptor
 .text.USBD_CDC_DataOut
                0x08002c18       0x2e build/usbd_cdc.o
 .text.USBD_CDC_DataIn
                0x08002c46       0x4e build/usbd_cdc.o
 .text.USBD_CDC_Setup
                0x08002c94       0xd6 build/usbd_cdc.o
 .text.USBD_CDC_DeInit
                0x08002d6a       0x42 build/usbd_cdc.o
 .text.USBD_CDC_Init
                0x08002dac       0xaa build/usbd_cdc.o
 .text.USBD_CDC_RegisterInterface
                0x08002e56        0xe build/usbd_cdc.o
                0x08002e56                USBD_CDC_RegisterInterface
 .text.USBD_CDC_SetTxBuffer
                0x08002e64       0x10 build/usbd_cdc.o
                0x08002e64                USBD_CDC_SetTxBuffer
 .text.USBD_CDC_SetRxBuffer
                0x08002e74        0xc build/usbd_cdc.o
                0x08002e74                USBD_CDC_SetRxBuffer
 .text.USBD_CDC_ReceivePacket
                0x08002e80       0x30 build/usbd_cdc.o
                0x08002e80                USBD_CDC_ReceivePacket
 .text.Reset_Handler
                0x08002eb0       0x50 build/startup_stm32f207xx.o
                0x08002eb0                Reset_Handler
 .text.Default_Handler
                0x08002f00        0x2 build/startup_stm32f207xx.o
                0x08002f00                RTC_Alarm_IRQHandler
                0x08002f00                HASH_RNG_IRQHandler
                0x08002f00                EXTI2_IRQHandler
                0x08002f00                TIM8_CC_IRQHandler
                0x08002f00                TIM1_CC_IRQHandler
                0x08002f00                DMA2_Stream5_IRQHandler
                0x08002f00                DMA1_Stream5_IRQHandler
                0x08002f00                PVD_IRQHandler
                0x08002f00                SDIO_IRQHandler
                0x08002f00                TAMP_STAMP_IRQHandler
                0x08002f00                CAN2_RX1_IRQHandler
                0x08002f00                EXTI3_IRQHandler
                0x08002f00                TIM8_TRG_COM_TIM14_IRQHandler
                0x08002f00                TIM1_UP_TIM10_IRQHandler
                0x08002f00                TIM8_UP_TIM13_IRQHandler
                0x08002f00                I2C3_ER_IRQHandler
                0x08002f00                EXTI0_IRQHandler
                0x08002f00                I2C2_EV_IRQHandler
                0x08002f00                DMA1_Stream2_IRQHandler
                0x08002f00                CAN1_RX0_IRQHandler
                0x08002f00                OTG_HS_WKUP_IRQHandler
                0x08002f00                CAN2_SCE_IRQHandler
                0x08002f00                DMA2_Stream2_IRQHandler
                0x08002f00                SPI1_IRQHandler
                0x08002f00                TIM6_DAC_IRQHandler
                0x08002f00                TIM1_BRK_TIM9_IRQHandler
                0x08002f00                DCMI_IRQHandler
                0x08002f00                CAN2_RX0_IRQHandler
                0x08002f00                DMA2_Stream3_IRQHandler
                0x08002f00                USART6_IRQHandler
                0x08002f00                USART3_IRQHandler
                0x08002f00                CAN1_RX1_IRQHandler
                0x08002f00                UART5_IRQHandler
                0x08002f00                DMA2_Stream0_IRQHandler
                0x08002f00                TIM4_IRQHandler
                0x08002f00                I2C1_EV_IRQHandler
                0x08002f00                DMA1_Stream6_IRQHandler
                0x08002f00                DMA1_Stream1_IRQHandler
                0x08002f00                UART4_IRQHandler
                0x08002f00                TIM3_IRQHandler
                0x08002f00                RCC_IRQHandler
                0x08002f00                TIM8_BRK_TIM12_IRQHandler
                0x08002f00                Default_Handler
                0x08002f00                EXTI15_10_IRQHandler
                0x08002f00                ADC_IRQHandler
                0x08002f00                DMA1_Stream7_IRQHandler
                0x08002f00                TIM7_IRQHandler
                0x08002f00                CAN2_TX_IRQHandler
                0x08002f00                TIM5_IRQHandler
                0x08002f00                DMA2_Stream7_IRQHandler
                0x08002f00                I2C3_EV_IRQHandler
                0x08002f00                EXTI9_5_IRQHandler
                0x08002f00                RTC_WKUP_IRQHandler
                0x08002f00                ETH_WKUP_IRQHandler
                0x08002f00                SPI2_IRQHandler
                0x08002f00                OTG_HS_EP1_IN_IRQHandler
                0x08002f00                DMA1_Stream0_IRQHandler
                0x08002f00                CAN1_TX_IRQHandler
                0x08002f00                EXTI4_IRQHandler
                0x08002f00                FSMC_IRQHandler
                0x08002f00                ETH_IRQHandler
                0x08002f00                OTG_HS_EP1_OUT_IRQHandler
                0x08002f00                WWDG_IRQHandler
                0x08002f00                TIM2_IRQHandler
                0x08002f00                OTG_FS_WKUP_IRQHandler
                0x08002f00                TIM1_TRG_COM_TIM11_IRQHandler
                0x08002f00                OTG_HS_IRQHandler
                0x08002f00                EXTI1_IRQHandler
                0x08002f00                USART2_IRQHandler
                0x08002f00                I2C2_ER_IRQHandler
                0x08002f00                DMA2_Stream1_IRQHandler
                0x08002f00                CAN1_SCE_IRQHandler
                0x08002f00                FLASH_IRQHandler
                0x08002f00                DMA2_Stream4_IRQHandler
                0x08002f00                USART1_IRQHandler
                0x08002f00                SPI3_IRQHandler
                0x08002f00                DMA1_Stream4_IRQHandler
                0x08002f00                I2C1_ER_IRQHandler
                0x08002f00                DMA2_Stream6_IRQHandler
                0x08002f00                DMA1_Stream3_IRQHandler
 *fill*         0x08002f02        0x2 
 .text.__libc_init_array
                0x08002f04       0x48 c:/toolchain/gcc-arm-none-eabi-10.3-2021.10/bin/../lib/gcc/arm-none-eabi/10.3.1/../../../../arm-none-eabi/lib/thumb/v7-m/nofp\libc_nano.a(lib_a-init.o)
                0x08002f04                __libc_init_array
 .text.malloc   0x08002f4c       0x10 c:/toolchain/gcc-arm-none-eabi-10.3-2021.10/bin/../lib/gcc/arm-none-eabi/10.3.1/../../../../arm-none-eabi/lib/thumb/v7-m/nofp\libc_nano.a(lib_a-malloc.o)
                0x08002f4c                malloc
 .text.free     0x08002f5c       0x10 c:/toolchain/gcc-arm-none-eabi-10.3-2021.10/bin/../lib/gcc/arm-none-eabi/10.3.1/../../../../arm-none-eabi/lib/thumb/v7-m/nofp\libc_nano.a(lib_a-malloc.o)
                0x08002f5c                free
 .text._free_r  0x08002f6c       0x90 c:/toolchain/gcc-arm-none-eabi-10.3-2021.10/bin/../lib/gcc/arm-none-eabi/10.3.1/../../../../arm-none-eabi/lib/thumb/v7-m/nofp\libc_nano.a(lib_a-nano-freer.o)
                0x08002f6c                _free_r
 .text.sbrk_aligned
                0x08002ffc       0x40 c:/toolchain/gcc-arm-none-eabi-10.3-2021.10/bin/../lib/gcc/arm-none-eabi/10.3.1/../../../../arm-none-eabi/lib/thumb/v7-m/nofp\libc_nano.a(lib_a-nano-mallocr.o)
 .text._malloc_r
                0x0800303c       0xe8 c:/toolchain/gcc-arm-none-eabi-10.3-2021.10/bin/../lib/gcc/arm-none-eabi/10.3.1/../../../../arm-none-eabi/lib/thumb/v7-m/nofp\libc_nano.a(lib_a-nano-mallocr.o)
                0x0800303c                _malloc_r
 .text._sbrk_r  0x08003124       0x20 c:/toolchain/gcc-arm-none-eabi-10.3-2021.10/bin/../lib/gcc/arm-none-eabi/10.3.1/../../../../arm-none-eabi/lib/thumb/v7-m/nofp\libc_nano.a(lib_a-sbrkr.o)
                0x08003124                _sbrk_r
 .text.__malloc_lock
                0x08003144        0xc c:/toolchain/gcc-arm-none-eabi-10.3-2021.10/bin/../lib/gcc/arm-none-eabi/10.3.1/../../../../arm-none-eabi/lib/thumb/v7-m/nofp\libc_nano.a(lib_a-mlock.o)
                0x08003144                __malloc_lock
 .text.__malloc_unlock
                0x08003150        0xc c:/toolchain/gcc-arm-none-eabi-10.3-2021.10/bin/../lib/gcc/arm-none-eabi/10.3.1/../../../../arm-none-eabi/lib/thumb/v7-m/nofp\libc_nano.a(lib_a-mlock.o)
                0x08003150                __malloc_unlock
 .text.__retarget_lock_acquire_recursive
                0x0800315c        0x2 c:/toolchain/gcc-arm-none-eabi-10.3-2021.10/bin/../lib/gcc/arm-none-eabi/10.3.1/../../../../arm-none-eabi/lib/thumb/v7-m/nofp\libc_nano.a(lib_a-lock.o)
                0x0800315c                __retarget_lock_acquire_recursive
 .text.__retarget_lock_release_recursive
                0x0800315e        0x2 c:/toolchain/gcc-arm-none-eabi-10.3-2021.10/bin/../lib/gcc/arm-none-eabi/10.3.1/../../../../arm-none-eabi/lib/thumb/v7-m/nofp\libc_nano.a(lib_a-lock.o)
                0x0800315e                __retarget_lock_release_recursive
 .text._sbrk    0x08003160       0x1c c:/toolchain/gcc-arm-none-eabi-10.3-2021.10/bin/../lib/gcc/arm-none-eabi/10.3.1/../../../../arm-none-eabi/lib/thumb/v7-m/nofp\libnosys.a(sbrk.o)
                0x08003160                _sbrk
 *(.glue_7)
 .glue_7        0x0800317c        0x0 linker stubs
 *(.glue_7t)
 .glue_7t       0x0800317c        0x0 linker stubs
 *(.eh_frame)
 .eh_frame      0x0800317c        0x0 c:/toolchain/gcc-arm-none-eabi-10.3-2021.10/bin/../lib/gcc/arm-none-eabi/10.3.1/thumb/v7-m/nofp/crtbegin.o
 *(.init)
 .init          0x0800317c        0x4 c:/toolchain/gcc-arm-none-eabi-10.3-2021.10/bin/../lib/gcc/arm-none-eabi/10.3.1/thumb/v7-m/nofp/crti.o
                0x0800317c                _init
 .init          0x08003180        0x8 c:/toolchain/gcc-arm-none-eabi-10.3-2021.10/bin/../lib/gcc/arm-none-eabi/10.3.1/thumb/v7-m/nofp/crtn.o
 *(.fini)
 .fini          0x08003188        0x4 c:/toolchain/gcc-arm-none-eabi-10.3-2021.10/bin/../lib/gcc/arm-none-eabi/10.3.1/thumb/v7-m/nofp/crti.o
                0x08003188                _fini
 .fini          0x0800318c        0x8 c:/toolchain/gcc-arm-none-eabi-10.3-2021.10/bin/../lib/gcc/arm-none-eabi/10.3.1/thumb/v7-m/nofp/crtn.o
                0x08003194                . = ALIGN (0x4)
                0x08003194                _etext = .

.vfp11_veneer   0x08003194        0x0
 .vfp11_veneer  0x08003194        0x0 linker stubs

.v4_bx          0x08003194        0x0
 .v4_bx         0x08003194        0x0 linker stubs

.iplt           0x08003194        0x0
 .iplt          0x08003194        0x0 c:/toolchain/gcc-arm-none-eabi-10.3-2021.10/bin/../lib/gcc/arm-none-eabi/10.3.1/thumb/v7-m/nofp/crtbegin.o

.rodata         0x08003194       0x48
                0x08003194                . = ALIGN (0x4)
 *(.rodata)
 *(.rodata*)
 .rodata.USBD_FS_ProductStrDescriptor.str1.4
                0x08003194       0x16 build/usbd_desc.o
 *fill*         0x080031aa        0x2 
 .rodata.USBD_FS_ManufacturerStrDescriptor.str1.4
                0x080031ac       0x13 build/usbd_desc.o
 *fill*         0x080031bf        0x1 
 .rodata.USBD_FS_ConfigStrDescriptor.str1.4
                0x080031c0        0xb build/usbd_desc.o
 *fill*         0x080031cb        0x1 
 .rodata.USBD_FS_InterfaceStrDescriptor.str1.4
                0x080031cc        0xe build/usbd_desc.o
                0x080031dc                . = ALIGN (0x4)
 *fill*         0x080031da        0x2 

.rel.dyn        0x080031dc        0x0
 .rel.iplt      0x080031dc        0x0 c:/toolchain/gcc-arm-none-eabi-10.3-2021.10/bin/../lib/gcc/arm-none-eabi/10.3.1/thumb/v7-m/nofp/crtbegin.o

.ARM.extab
 *(.ARM.extab* .gnu.linkonce.armextab.*)

.ARM            0x080031dc        0x0
                0x080031dc                __exidx_start = .
 *(.ARM.exidx*)
                0x080031dc                __exidx_end = .

.preinit_array  0x080031dc        0x0
                0x080031dc                PROVIDE (__preinit_array_start = .)
 *(.preinit_array*)
                0x080031dc                PROVIDE (__preinit_array_end = .)

.init_array     0x080031dc        0x4
                0x080031dc                PROVIDE (__init_array_start = .)
 *(SORT_BY_NAME(.init_array.*))
 *(.init_array*)
 .init_array    0x080031dc        0x4 c:/toolchain/gcc-arm-none-eabi-10.3-2021.10/bin/../lib/gcc/arm-none-eabi/10.3.1/thumb/v7-m/nofp/crtbegin.o
                0x080031e0                PROVIDE (__init_array_end = .)

.fini_array     0x080031e0        0x4
                [!provide]                PROVIDE (__fini_array_start = .)
 *(SORT_BY_NAME(.fini_array.*))
 *(.fini_array*)
 .fini_array    0x080031e0        0x4 c:/toolchain/gcc-arm-none-eabi-10.3-2021.10/bin/../lib/gcc/arm-none-eabi/10.3.1/thumb/v7-m/nofp/crtbegin.o
                [!provide]                PROVIDE (__fini_array_end = .)
                0x080031e4                _sidata = LOADADDR (.data)

.data           0x20000000      0x1e0 load address 0x080031e4
                0x20000000                . = ALIGN (0x4)
                0x20000000                _sdata = .
 *(.data)
 *(.data*)
 .data.FS_Desc  0x20000000       0x1c build/usbd_desc.o
                0x20000000                FS_Desc
 .data.USBD_FS_DeviceDesc
                0x2000001c       0x12 build/usbd_desc.o
                0x2000001c                USBD_FS_DeviceDesc
 *fill*         0x2000002e        0x2 
 .data.USBD_LangIDDesc
                0x20000030        0x4 build/usbd_desc.o
                0x20000030                USBD_LangIDDesc
 .data.USBD_StringSerial
                0x20000034       0x1a build/usbd_desc.o
                0x20000034                USBD_StringSerial
 *fill*         0x2000004e        0x2 
 .data.USBD_Interface_fops_FS
                0x20000050       0x10 build/usbd_cdc_if.o
                0x20000050                USBD_Interface_fops_FS
 .data.uwTickFreq
                0x20000060        0x1 build/stm32f2xx_hal.o
                0x20000060                uwTickFreq
 *fill*         0x20000061        0x3 
 .data.uwTickPrio
                0x20000064        0x4 build/stm32f2xx_hal.o
                0x20000064                uwTickPrio
 .data.SystemCoreClock
                0x20000068        0x4 build/system_stm32f2xx.o
                0x20000068                SystemCoreClock
 .data.USBD_CDC
                0x2000006c       0x38 build/usbd_cdc.o
                0x2000006c                USBD_CDC
 .data.USBD_CDC_CfgFSDesc
                0x200000a4       0x43 build/usbd_cdc.o
                0x200000a4                USBD_CDC_CfgFSDesc
 *fill*         0x200000e7        0x1 
 .data.USBD_CDC_CfgHSDesc
                0x200000e8       0x43 build/usbd_cdc.o
                0x200000e8                USBD_CDC_CfgHSDesc
 *fill*         0x2000012b        0x1 
 .data.USBD_CDC_DeviceQualifierDesc
                0x2000012c        0xa build/usbd_cdc.o
 *fill*         0x20000136        0x2 
 .data.USBD_CDC_OtherSpeedCfgDesc
                0x20000138       0x43 build/usbd_cdc.o
                0x20000138                USBD_CDC_OtherSpeedCfgDesc
 *fill*         0x2000017b        0x1 
 .data._impure_ptr
                0x2000017c        0x4 c:/toolchain/gcc-arm-none-eabi-10.3-2021.10/bin/../lib/gcc/arm-none-eabi/10.3.1/../../../../arm-none-eabi/lib/thumb/v7-m/nofp\libc_nano.a(lib_a-impure.o)
                0x2000017c                _impure_ptr
 .data.impure_data
                0x20000180       0x60 c:/toolchain/gcc-arm-none-eabi-10.3-2021.10/bin/../lib/gcc/arm-none-eabi/10.3.1/../../../../arm-none-eabi/lib/thumb/v7-m/nofp\libc_nano.a(lib_a-impure.o)
                0x200001e0                . = ALIGN (0x4)
                0x200001e0                _edata = .

.igot.plt       0x200001e0        0x0 load address 0x080033c4
 .igot.plt      0x200001e0        0x0 c:/toolchain/gcc-arm-none-eabi-10.3-2021.10/bin/../lib/gcc/arm-none-eabi/10.3.1/thumb/v7-m/nofp/crtbegin.o
                0x200001e0                . = ALIGN (0x4)

.bss            0x200001e0     0x18fc load address 0x080033c4
                0x200001e0                _sbss = .
                0x200001e0                __bss_start__ = _sbss
 *(.bss)
 .bss           0x200001e0       0x1c c:/toolchain/gcc-arm-none-eabi-10.3-2021.10/bin/../lib/gcc/arm-none-eabi/10.3.1/thumb/v7-m/nofp/crtbegin.o
 *(.bss*)
 .bss.hUsbDeviceFS
                0x200001fc      0x2c4 build/usb_device.o
                0x200001fc                hUsbDeviceFS
 .bss.USBD_StrDesc
                0x200004c0      0x200 build/usbd_desc.o
                0x200004c0                USBD_StrDesc
 .bss.UserRxBufferFS
                0x200006c0      0x800 build/usbd_cdc_if.o
                0x200006c0                UserRxBufferFS
 .bss.UserTxBufferFS
                0x20000ec0      0x800 build/usbd_cdc_if.o
                0x20000ec0                UserTxBufferFS
 .bss.hpcd_USB_OTG_FS
                0x200016c0      0x400 build/usbd_conf.o
                0x200016c0                hpcd_USB_OTG_FS
 .bss.uwTick    0x20001ac0        0x4 build/stm32f2xx_hal.o
                0x20001ac0                uwTick
 .bss.cfgidx.0  0x20001ac4        0x1 build/usbd_ctlreq.o
 *fill*         0x20001ac5        0x3 
 .bss.__malloc_free_list
                0x20001ac8        0x4 c:/toolchain/gcc-arm-none-eabi-10.3-2021.10/bin/../lib/gcc/arm-none-eabi/10.3.1/../../../../arm-none-eabi/lib/thumb/v7-m/nofp\libc_nano.a(lib_a-nano-mallocr.o)
                0x20001ac8                __malloc_free_list
 .bss.__malloc_sbrk_start
                0x20001acc        0x4 c:/toolchain/gcc-arm-none-eabi-10.3-2021.10/bin/../lib/gcc/arm-none-eabi/10.3.1/../../../../arm-none-eabi/lib/thumb/v7-m/nofp\libc_nano.a(lib_a-nano-mallocr.o)
                0x20001acc                __malloc_sbrk_start
 .bss.errno     0x20001ad0        0x4 c:/toolchain/gcc-arm-none-eabi-10.3-2021.10/bin/../lib/gcc/arm-none-eabi/10.3.1/../../../../arm-none-eabi/lib/thumb/v7-m/nofp\libc_nano.a(lib_a-reent.o)
                0x20001ad0                errno
 .bss.__lock___malloc_recursive_mutex
                0x20001ad4        0x1 c:/toolchain/gcc-arm-none-eabi-10.3-2021.10/bin/../lib/gcc/arm-none-eabi/10.3.1/../../../../arm-none-eabi/lib/thumb/v7-m/nofp\libc_nano.a(lib_a-lock.o)
                0x20001ad4                __lock___malloc_recursive_mutex
 *fill*         0x20001ad5        0x3 
 .bss.heap_end.0
                0x20001ad8        0x4 c:/toolchain/gcc-arm-none-eabi-10.3-2021.10/bin/../lib/gcc/arm-none-eabi/10.3.1/../../../../arm-none-eabi/lib/thumb/v7-m/nofp\libnosys.a(sbrk.o)
 *(COMMON)
                0x20001adc                . = ALIGN (0x4)
                0x20001adc                _ebss = .
                0x20001adc                __bss_end__ = _ebss

._user_heap_stack
                0x20001adc     0x6004 load address 0x080033c4
                0x20001ae0                . = ALIGN (0x8)
 *fill*         0x20001adc        0x4 
                0x20001ae0                PROVIDE (end = .)
                [!provide]                PROVIDE (_end = .)
                0x20003ae0                . = (. + _Min_Heap_Size)
 *fill*         0x20001ae0     0x2000 
                0x20007ae0                . = (. + _Min_Stack_Size)
 *fill*         0x20003ae0     0x4000 
                0x20007ae0                . = ALIGN (0x8)

/DISCARD/
 libc.a(*)
 libm.a(*)
 libgcc.a(*)

.ARM.attributes
                0x00000000       0x29
 *(.ARM.attributes)
 .ARM.attributes
                0x00000000       0x1d c:/toolchain/gcc-arm-none-eabi-10.3-2021.10/bin/../lib/gcc/arm-none-eabi/10.3.1/thumb/v7-m/nofp/crti.o
 .ARM.attributes
                0x0000001d       0x2d c:/toolchain/gcc-arm-none-eabi-10.3-2021.10/bin/../lib/gcc/arm-none-eabi/10.3.1/thumb/v7-m/nofp/crtbegin.o
 .ARM.attributes
                0x0000004a       0x2d build/main.o
 .ARM.attributes
                0x00000077       0x2d build/stm32f2xx_it.o
 .ARM.attributes
                0x000000a4       0x2d build/stm32f2xx_hal_msp.o
 .ARM.attributes
                0x000000d1       0x2d build/usb_device.o
 .ARM.attributes
                0x000000fe       0x2d build/usbd_desc.o
 .ARM.attributes
                0x0000012b       0x2d build/usbd_cdc_if.o
 .ARM.attributes
                0x00000158       0x2d build/usbd_conf.o
 .ARM.attributes
                0x00000185       0x2d build/stm32f2xx_hal_pcd_ex.o
 .ARM.attributes
                0x000001b2       0x2d build/stm32f2xx_hal_pcd.o
 .ARM.attributes
                0x000001df       0x2d build/stm32f2xx_ll_usb.o
 .ARM.attributes
                0x0000020c       0x2d build/stm32f2xx_ll_utils.o
 .ARM.attributes
                0x00000239       0x2d build/stm32f2xx_hal.o
 .ARM.attributes
                0x00000266       0x2d build/stm32f2xx_hal_rcc.o
 .ARM.attributes
                0x00000293       0x2d build/stm32f2xx_hal_cortex.o
 .ARM.attributes
                0x000002c0       0x2d build/stm32f2xx_hal_gpio.o
 .ARM.attributes
                0x000002ed       0x2d build/system_stm32f2xx.o
 .ARM.attributes
                0x0000031a       0x2d build/usbd_core.o
 .ARM.attributes
                0x00000347       0x2d build/usbd_ctlreq.o
 .ARM.attributes
                0x00000374       0x2d build/usbd_ioreq.o
 .ARM.attributes
                0x000003a1       0x2d build/usbd_cdc.o
 .ARM.attributes
                0x000003ce       0x21 build/startup_stm32f207xx.o
 .ARM.attributes
                0x000003ef       0x2d c:/toolchain/gcc-arm-none-eabi-10.3-2021.10/bin/../lib/gcc/arm-none-eabi/10.3.1/../../../../arm-none-eabi/lib/thumb/v7-m/nofp\libc_nano.a(lib_a-impure.o)
 .ARM.attributes
                0x0000041c       0x2d c:/toolchain/gcc-arm-none-eabi-10.3-2021.10/bin/../lib/gcc/arm-none-eabi/10.3.1/../../../../arm-none-eabi/lib/thumb/v7-m/nofp\libc_nano.a(lib_a-init.o)
 .ARM.attributes
                0x00000449       0x2d c:/toolchain/gcc-arm-none-eabi-10.3-2021.10/bin/../lib/gcc/arm-none-eabi/10.3.1/../../../../arm-none-eabi/lib/thumb/v7-m/nofp\libc_nano.a(lib_a-malloc.o)
 .ARM.attributes
                0x00000476       0x2d c:/toolchain/gcc-arm-none-eabi-10.3-2021.10/bin/../lib/gcc/arm-none-eabi/10.3.1/../../../../arm-none-eabi/lib/thumb/v7-m/nofp\libc_nano.a(lib_a-nano-freer.o)
 .ARM.attributes
                0x000004a3       0x2d c:/toolchain/gcc-arm-none-eabi-10.3-2021.10/bin/../lib/gcc/arm-none-eabi/10.3.1/../../../../arm-none-eabi/lib/thumb/v7-m/nofp\libc_nano.a(lib_a-nano-mallocr.o)
 .ARM.attributes
                0x000004d0       0x2d c:/toolchain/gcc-arm-none-eabi-10.3-2021.10/bin/../lib/gcc/arm-none-eabi/10.3.1/../../../../arm-none-eabi/lib/thumb/v7-m/nofp\libc_nano.a(lib_a-sbrkr.o)
 .ARM.attributes
                0x000004fd       0x2d c:/toolchain/gcc-arm-none-eabi-10.3-2021.10/bin/../lib/gcc/arm-none-eabi/10.3.1/../../../../arm-none-eabi/lib/thumb/v7-m/nofp\libc_nano.a(lib_a-mlock.o)
 .ARM.attributes
                0x0000052a       0x2d c:/toolchain/gcc-arm-none-eabi-10.3-2021.10/bin/../lib/gcc/arm-none-eabi/10.3.1/../../../../arm-none-eabi/lib/thumb/v7-m/nofp\libc_nano.a(lib_a-reent.o)
 .ARM.attributes
                0x00000557       0x2d c:/toolchain/gcc-arm-none-eabi-10.3-2021.10/bin/../lib/gcc/arm-none-eabi/10.3.1/../../../../arm-none-eabi/lib/thumb/v7-m/nofp\libc_nano.a(lib_a-lock.o)
 .ARM.attributes
                0x00000584       0x2d c:/toolchain/gcc-arm-none-eabi-10.3-2021.10/bin/../lib/gcc/arm-none-eabi/10.3.1/../../../../arm-none-eabi/lib/thumb/v7-m/nofp\libnosys.a(sbrk.o)
 .ARM.attributes
                0x000005b1       0x1d c:/toolchain/gcc-arm-none-eabi-10.3-2021.10/bin/../lib/gcc/arm-none-eabi/10.3.1/thumb/v7-m/nofp/crtn.o
OUTPUT(build/usb_cdc.elf elf32-littlearm)
LOAD linker stubs
LOAD c:/toolchain/gcc-arm-none-eabi-10.3-2021.10/bin/../lib/gcc/arm-none-eabi/10.3.1/../../../../arm-none-eabi/lib/thumb/v7-m/nofp\libc.a
LOAD c:/toolchain/gcc-arm-none-eabi-10.3-2021.10/bin/../lib/gcc/arm-none-eabi/10.3.1/../../../../arm-none-eabi/lib/thumb/v7-m/nofp\libm.a
LOAD c:/toolchain/gcc-arm-none-eabi-10.3-2021.10/bin/../lib/gcc/arm-none-eabi/10.3.1/thumb/v7-m/nofp\libgcc.a

.debug_info     0x00000000    0x10e08
 .debug_info    0x00000000      0x871 build/main.o
 .debug_info    0x00000871      0x6ed build/stm32f2xx_it.o
 .debug_info    0x00000f5e      0x332 build/stm32f2xx_hal_msp.o
 .debug_info    0x00001290      0x770 build/usb_device.o
 .debug_info    0x00001a00      0x65e build/usbd_desc.o
 .debug_info    0x0000205e      0x97c build/usbd_cdc_if.o
 .debug_info    0x000029da     0x2017 build/usbd_conf.o
 .debug_info    0x000049f1      0x75f build/stm32f2xx_hal_pcd_ex.o
 .debug_info    0x00005150     0x1ac0 build/stm32f2xx_hal_pcd.o
 .debug_info    0x00006c10     0x20a0 build/stm32f2xx_ll_usb.o
 .debug_info    0x00008cb0      0xc9b build/stm32f2xx_ll_utils.o
 .debug_info    0x0000994b      0xb71 build/stm32f2xx_hal.o
 .debug_info    0x0000a4bc      0xe71 build/stm32f2xx_hal_rcc.o
 .debug_info    0x0000b32d     0x1174 build/stm32f2xx_hal_cortex.o
 .debug_info    0x0000c4a1      0x804 build/stm32f2xx_hal_gpio.o
 .debug_info    0x0000cca5      0x3cd build/system_stm32f2xx.o
 .debug_info    0x0000d072      0xe8e build/usbd_core.o
 .debug_info    0x0000df00     0x1164 build/usbd_ctlreq.o
 .debug_info    0x0000f064      0x8b2 build/usbd_ioreq.o
 .debug_info    0x0000f916     0x14d0 build/usbd_cdc.o
 .debug_info    0x00010de6       0x22 build/startup_stm32f207xx.o

.debug_abbrev   0x00000000     0x2ea5
 .debug_abbrev  0x00000000      0x251 build/main.o
 .debug_abbrev  0x00000251      0x194 build/stm32f2xx_it.o
 .debug_abbrev  0x000003e5       0xeb build/stm32f2xx_hal_msp.o
 .debug_abbrev  0x000004d0      0x199 build/usb_device.o
 .debug_abbrev  0x00000669      0x237 build/usbd_desc.o
 .debug_abbrev  0x000008a0      0x284 build/usbd_cdc_if.o
 .debug_abbrev  0x00000b24      0x2ae build/usbd_conf.o
 .debug_abbrev  0x00000dd2      0x1b4 build/stm32f2xx_hal_pcd_ex.o
 .debug_abbrev  0x00000f86      0x2ae build/stm32f2xx_hal_pcd.o
 .debug_abbrev  0x00001234      0x2f9 build/stm32f2xx_ll_usb.o
 .debug_abbrev  0x0000152d      0x30f build/stm32f2xx_ll_utils.o
 .debug_abbrev  0x0000183c      0x286 build/stm32f2xx_hal.o
 .debug_abbrev  0x00001ac2      0x2f3 build/stm32f2xx_hal_rcc.o
 .debug_abbrev  0x00001db5      0x382 build/stm32f2xx_hal_cortex.o
 .debug_abbrev  0x00002137      0x222 build/stm32f2xx_hal_gpio.o
 .debug_abbrev  0x00002359      0x11b build/system_stm32f2xx.o
 .debug_abbrev  0x00002474      0x292 build/usbd_core.o
 .debug_abbrev  0x00002706      0x2e5 build/usbd_ctlreq.o
 .debug_abbrev  0x000029eb      0x187 build/usbd_ioreq.o
 .debug_abbrev  0x00002b72      0x321 build/usbd_cdc.o
 .debug_abbrev  0x00002e93       0x12 build/startup_stm32f207xx.o

.debug_loc      0x00000000     0xa59f
 .debug_loc     0x00000000      0x1c3 build/main.o
 .debug_loc     0x000001c3       0x40 build/stm32f2xx_it.o
 .debug_loc     0x00000203       0x2c build/stm32f2xx_hal_msp.o
 .debug_loc     0x0000022f       0x20 build/usb_device.o
 .debug_loc     0x0000024f      0x47b build/usbd_desc.o
 .debug_loc     0x000006ca      0x197 build/usbd_cdc_if.o
 .debug_loc     0x00000861      0xf01 build/usbd_conf.o
 .debug_loc     0x00001762      0x116 build/stm32f2xx_hal_pcd_ex.o
 .debug_loc     0x00001878     0x14a9 build/stm32f2xx_hal_pcd.o
 .debug_loc     0x00002d21     0x2a02 build/stm32f2xx_ll_usb.o
 .debug_loc     0x00005723      0x6f7 build/stm32f2xx_ll_utils.o
 .debug_loc     0x00005e1a      0x24e build/stm32f2xx_hal.o
 .debug_loc     0x00006068      0x91f build/stm32f2xx_hal_rcc.o
 .debug_loc     0x00006987      0x7a4 build/stm32f2xx_hal_cortex.o
 .debug_loc     0x0000712b      0x482 build/stm32f2xx_hal_gpio.o
 .debug_loc     0x000075ad      0x158 build/system_stm32f2xx.o
 .debug_loc     0x00007705      0xaf6 build/usbd_core.o
 .debug_loc     0x000081fb     0x1631 build/usbd_ctlreq.o
 .debug_loc     0x0000982c      0x364 build/usbd_ioreq.o
 .debug_loc     0x00009b90      0xa0f build/usbd_cdc.o

.debug_aranges  0x00000000      0xad0
 .debug_aranges
                0x00000000       0x38 build/main.o
 .debug_aranges
                0x00000038       0x68 build/stm32f2xx_it.o
 .debug_aranges
                0x000000a0       0x20 build/stm32f2xx_hal_msp.o
 .debug_aranges
                0x000000c0       0x20 build/usb_device.o
 .debug_aranges
                0x000000e0       0x60 build/usbd_desc.o
 .debug_aranges
                0x00000140       0x40 build/usbd_cdc_if.o
 .debug_aranges
                0x00000180      0x100 build/usbd_conf.o
 .debug_aranges
                0x00000280       0x38 build/stm32f2xx_hal_pcd_ex.o
 .debug_aranges
                0x000002b8      0x138 build/stm32f2xx_hal_pcd.o
 .debug_aranges
                0x000003f0      0x198 build/stm32f2xx_ll_usb.o
 .debug_aranges
                0x00000588       0x60 build/stm32f2xx_ll_utils.o
 .debug_aranges
                0x000005e8       0xf0 build/stm32f2xx_hal.o
 .debug_aranges
                0x000006d8       0x88 build/stm32f2xx_hal_rcc.o
 .debug_aranges
                0x00000760       0xa8 build/stm32f2xx_hal_cortex.o
 .debug_aranges
                0x00000808       0x58 build/stm32f2xx_hal_gpio.o
 .debug_aranges
                0x00000860       0x28 build/system_stm32f2xx.o
 .debug_aranges
                0x00000888       0xb8 build/usbd_core.o
 .debug_aranges
                0x00000940       0x88 build/usbd_ctlreq.o
 .debug_aranges
                0x000009c8       0x50 build/usbd_ioreq.o
 .debug_aranges
                0x00000a18       0x90 build/usbd_cdc.o
 .debug_aranges
                0x00000aa8       0x28 build/startup_stm32f207xx.o

.debug_ranges   0x00000000      0xa18
 .debug_ranges  0x00000000       0x28 build/main.o
 .debug_ranges  0x00000028       0x58 build/stm32f2xx_it.o
 .debug_ranges  0x00000080       0x10 build/stm32f2xx_hal_msp.o
 .debug_ranges  0x00000090       0x10 build/usb_device.o
 .debug_ranges  0x000000a0       0x50 build/usbd_desc.o
 .debug_ranges  0x000000f0       0x30 build/usbd_cdc_if.o
 .debug_ranges  0x00000120       0xf0 build/usbd_conf.o
 .debug_ranges  0x00000210       0x28 build/stm32f2xx_hal_pcd_ex.o
 .debug_ranges  0x00000238      0x128 build/stm32f2xx_hal_pcd.o
 .debug_ranges  0x00000360      0x188 build/stm32f2xx_ll_usb.o
 .debug_ranges  0x000004e8       0x50 build/stm32f2xx_ll_utils.o
 .debug_ranges  0x00000538       0xe0 build/stm32f2xx_hal.o
 .debug_ranges  0x00000618       0xa8 build/stm32f2xx_hal_rcc.o
 .debug_ranges  0x000006c0       0xf8 build/stm32f2xx_hal_cortex.o
 .debug_ranges  0x000007b8       0x48 build/stm32f2xx_hal_gpio.o
 .debug_ranges  0x00000800       0x18 build/system_stm32f2xx.o
 .debug_ranges  0x00000818       0xa8 build/usbd_core.o
 .debug_ranges  0x000008c0       0x78 build/usbd_ctlreq.o
 .debug_ranges  0x00000938       0x40 build/usbd_ioreq.o
 .debug_ranges  0x00000978       0x80 build/usbd_cdc.o
 .debug_ranges  0x000009f8       0x20 build/startup_stm32f207xx.o

.debug_line     0x00000000     0x9170
 .debug_line    0x00000000      0x48a build/main.o
 .debug_line    0x0000048a      0x2d6 build/stm32f2xx_it.o
 .debug_line    0x00000760      0x183 build/stm32f2xx_hal_msp.o
 .debug_line    0x000008e3      0x236 build/usb_device.o
 .debug_line    0x00000b19      0x388 build/usbd_desc.o
 .debug_line    0x00000ea1      0x26f build/usbd_cdc_if.o
 .debug_line    0x00001110      0x7e9 build/usbd_conf.o
 .debug_line    0x000018f9      0x2a7 build/stm32f2xx_hal_pcd_ex.o
 .debug_line    0x00001ba0     0x12ac build/stm32f2xx_hal_pcd.o
 .debug_line    0x00002e4c     0x1c41 build/stm32f2xx_ll_usb.o
 .debug_line    0x00004a8d      0x71f build/stm32f2xx_ll_utils.o
 .debug_line    0x000051ac      0x5a7 build/stm32f2xx_hal.o
 .debug_line    0x00005753      0xcc5 build/stm32f2xx_hal_rcc.o
 .debug_line    0x00006418      0x76a build/stm32f2xx_hal_cortex.o
 .debug_line    0x00006b82      0x682 build/stm32f2xx_hal_gpio.o
 .debug_line    0x00007204      0x215 build/system_stm32f2xx.o
 .debug_line    0x00007419      0x73a build/usbd_core.o
 .debug_line    0x00007b53      0xb22 build/usbd_ctlreq.o
 .debug_line    0x00008675      0x2b1 build/usbd_ioreq.o
 .debug_line    0x00008926      0x7d4 build/usbd_cdc.o
 .debug_line    0x000090fa       0x76 build/startup_stm32f207xx.o

.debug_str      0x00000000     0x3763
 .debug_str     0x00000000      0x460 build/main.o
                                0x4cd (size before relaxing)
 .debug_str     0x00000460      0x42e build/stm32f2xx_it.o
                                0x5da (size before relaxing)
 .debug_str     0x0000088e       0x29 build/stm32f2xx_hal_msp.o
                                0x2ad (size before relaxing)
 .debug_str     0x000008b7      0x3cc build/usb_device.o
                                0x633 (size before relaxing)
 .debug_str     0x00000c83      0x181 build/usbd_desc.o
                                0x43e (size before relaxing)
 .debug_str     0x00000e04      0x135 build/usbd_cdc_if.o
                                0x6fa (size before relaxing)
 .debug_str     0x00000f39      0xaf8 build/usbd_conf.o
                               0x14d2 (size before relaxing)
 .debug_str     0x00001a31      0x160 build/stm32f2xx_hal_pcd_ex.o
                                0x6a9 (size before relaxing)
 .debug_str     0x00001b91      0x553 build/stm32f2xx_hal_pcd.o
                                0xccb (size before relaxing)
 .debug_str     0x000020e4      0x449 build/stm32f2xx_ll_usb.o
                                0xc42 (size before relaxing)
 .debug_str     0x0000252d      0x2ab build/stm32f2xx_ll_utils.o
                                0x6a3 (size before relaxing)
 .debug_str     0x000027d8      0x2ed build/stm32f2xx_hal.o
                                0xb4d (size before relaxing)
 .debug_str     0x00002ac5      0x2a9 build/stm32f2xx_hal_rcc.o
                                0x6de (size before relaxing)
 .debug_str     0x00002d6e      0x440 build/stm32f2xx_hal_cortex.o
                                0xc00 (size before relaxing)
 .debug_str     0x000031ae      0x12f build/stm32f2xx_hal_gpio.o
                                0x49d (size before relaxing)
 .debug_str     0x000032dd       0x47 build/system_stm32f2xx.o
                                0x2ef (size before relaxing)
 .debug_str     0x00003324      0x13e build/usbd_core.o
                                0x81e (size before relaxing)
 .debug_str     0x00003462       0xe2 build/usbd_ctlreq.o
                                0x738 (size before relaxing)
 .debug_str     0x00003544       0x60 build/usbd_ioreq.o
                                0x665 (size before relaxing)
 .debug_str     0x000035a4      0x19b build/usbd_cdc.o
                                0xbec (size before relaxing)
 .debug_str     0x0000373f       0x24 build/startup_stm32f207xx.o
                                 0x4e (size before relaxing)

.comment        0x00000000       0x49
 .comment       0x00000000       0x49 build/main.o
                                 0x4a (size before relaxing)
 .comment       0x00000049       0x4a build/stm32f2xx_it.o
 .comment       0x00000049       0x4a build/stm32f2xx_hal_msp.o
 .comment       0x00000049       0x4a build/usb_device.o
 .comment       0x00000049       0x4a build/usbd_desc.o
 .comment       0x00000049       0x4a build/usbd_cdc_if.o
 .comment       0x00000049       0x4a build/usbd_conf.o
 .comment       0x00000049       0x4a build/stm32f2xx_hal_pcd_ex.o
 .comment       0x00000049       0x4a build/stm32f2xx_hal_pcd.o
 .comment       0x00000049       0x4a build/stm32f2xx_ll_usb.o
 .comment       0x00000049       0x4a build/stm32f2xx_ll_utils.o
 .comment       0x00000049       0x4a build/stm32f2xx_hal.o
 .comment       0x00000049       0x4a build/stm32f2xx_hal_rcc.o
 .comment       0x00000049       0x4a build/stm32f2xx_hal_cortex.o
 .comment       0x00000049       0x4a build/stm32f2xx_hal_gpio.o
 .comment       0x00000049       0x4a build/system_stm32f2xx.o
 .comment       0x00000049       0x4a build/usbd_core.o
 .comment       0x00000049       0x4a build/usbd_ctlreq.o
 .comment       0x00000049       0x4a build/usbd_ioreq.o
 .comment       0x00000049       0x4a build/usbd_cdc.o

.debug_frame    0x00000000     0x1bd4
 .debug_frame   0x00000000       0x68 build/main.o
 .debug_frame   0x00000068       0xc0 build/stm32f2xx_it.o
 .debug_frame   0x00000128       0x28 build/stm32f2xx_hal_msp.o
 .debug_frame   0x00000150       0x28 build/usb_device.o
 .debug_frame   0x00000178       0xe0 build/usbd_desc.o
 .debug_frame   0x00000258       0x78 build/usbd_cdc_if.o
 .debug_frame   0x000002d0      0x2c4 build/usbd_conf.o
 .debug_frame   0x00000594       0x5c build/stm32f2xx_hal_pcd_ex.o
 .debug_frame   0x000005f0      0x358 build/stm32f2xx_hal_pcd.o
 .debug_frame   0x00000948      0x44c build/stm32f2xx_ll_usb.o
 .debug_frame   0x00000d94       0xd4 build/stm32f2xx_ll_utils.o
 .debug_frame   0x00000e68      0x1f0 build/stm32f2xx_hal.o
 .debug_frame   0x00001058      0x178 build/stm32f2xx_hal_rcc.o
 .debug_frame   0x000011d0      0x148 build/stm32f2xx_hal_cortex.o
 .debug_frame   0x00001318       0xd0 build/stm32f2xx_hal_gpio.o
 .debug_frame   0x000013e8       0x30 build/system_stm32f2xx.o
 .debug_frame   0x00001418      0x1c4 build/usbd_core.o
 .debug_frame   0x000015dc      0x178 build/usbd_ctlreq.o
 .debug_frame   0x00001754       0xb8 build/usbd_ioreq.o
 .debug_frame   0x0000180c      0x160 build/usbd_cdc.o
 .debug_frame   0x0000196c       0x2c c:/toolchain/gcc-arm-none-eabi-10.3-2021.10/bin/../lib/gcc/arm-none-eabi/10.3.1/../../../../arm-none-eabi/lib/thumb/v7-m/nofp\libc_nano.a(lib_a-init.o)
 .debug_frame   0x00001998       0x30 c:/toolchain/gcc-arm-none-eabi-10.3-2021.10/bin/../lib/gcc/arm-none-eabi/10.3.1/../../../../arm-none-eabi/lib/thumb/v7-m/nofp\libc_nano.a(lib_a-malloc.o)
 .debug_frame   0x000019c8       0x38 c:/toolchain/gcc-arm-none-eabi-10.3-2021.10/bin/../lib/gcc/arm-none-eabi/10.3.1/../../../../arm-none-eabi/lib/thumb/v7-m/nofp\libc_nano.a(lib_a-nano-freer.o)
 .debug_frame   0x00001a00       0x4c c:/toolchain/gcc-arm-none-eabi-10.3-2021.10/bin/../lib/gcc/arm-none-eabi/10.3.1/../../../../arm-none-eabi/lib/thumb/v7-m/nofp\libc_nano.a(lib_a-nano-mallocr.o)
 .debug_frame   0x00001a4c       0x2c c:/toolchain/gcc-arm-none-eabi-10.3-2021.10/bin/../lib/gcc/arm-none-eabi/10.3.1/../../../../arm-none-eabi/lib/thumb/v7-m/nofp\libc_nano.a(lib_a-sbrkr.o)
 .debug_frame   0x00001a78       0x30 c:/toolchain/gcc-arm-none-eabi-10.3-2021.10/bin/../lib/gcc/arm-none-eabi/10.3.1/../../../../arm-none-eabi/lib/thumb/v7-m/nofp\libc_nano.a(lib_a-mlock.o)
 .debug_frame   0x00001aa8       0x5c c:/toolchain/gcc-arm-none-eabi-10.3-2021.10/bin/../lib/gcc/arm-none-eabi/10.3.1/../../../../arm-none-eabi/lib/thumb/v7-m/nofp\libc_nano.a(lib_a-reent.o)
 .debug_frame   0x00001b04       0xb0 c:/toolchain/gcc-arm-none-eabi-10.3-2021.10/bin/../lib/gcc/arm-none-eabi/10.3.1/../../../../arm-none-eabi/lib/thumb/v7-m/nofp\libc_nano.a(lib_a-lock.o)
 .debug_frame   0x00001bb4       0x20 c:/toolchain/gcc-arm-none-eabi-10.3-2021.10/bin/../lib/gcc/arm-none-eabi/10.3.1/../../../../arm-none-eabi/lib/thumb/v7-m/nofp\libnosys.a(sbrk.o)

Cross Reference Table

Symbol                                            File
ADC_IRQHandler                                    build/startup_stm32f207xx.o
AHBPrescTable                                     build/system_stm32f2xx.o
                                                  build/stm32f2xx_hal_rcc.o
                                                  build/stm32f2xx_ll_utils.o
                                                  build/stm32f2xx_ll_rcc.o
APBPrescTable                                     build/system_stm32f2xx.o
                                                  build/stm32f2xx_hal_rcc.o
                                                  build/stm32f2xx_ll_rcc.o
BusFault_Handler                                  build/stm32f2xx_it.o
CAN1_RX0_IRQHandler                               build/startup_stm32f207xx.o
CAN1_RX1_IRQHandler                               build/startup_stm32f207xx.o
CAN1_SCE_IRQHandler                               build/startup_stm32f207xx.o
CAN1_TX_IRQHandler                                build/startup_stm32f207xx.o
CAN2_RX0_IRQHandler                               build/startup_stm32f207xx.o
CAN2_RX1_IRQHandler                               build/startup_stm32f207xx.o
CAN2_SCE_IRQHandler                               build/startup_stm32f207xx.o
CAN2_TX_IRQHandler                                build/startup_stm32f207xx.o
CDC_Transmit_FS                                   build/usbd_cdc_if.o
DCMI_IRQHandler                                   build/startup_stm32f207xx.o
DMA1_Stream0_IRQHandler                           build/startup_stm32f207xx.o
DMA1_Stream1_IRQHandler                           build/startup_stm32f207xx.o
DMA1_Stream2_IRQHandler                           build/startup_stm32f207xx.o
DMA1_Stream3_IRQHandler                           build/startup_stm32f207xx.o
DMA1_Stream4_IRQHandler                           build/startup_stm32f207xx.o
DMA1_Stream5_IRQHandler                           build/startup_stm32f207xx.o
DMA1_Stream6_IRQHandler                           build/startup_stm32f207xx.o
DMA1_Stream7_IRQHandler                           build/startup_stm32f207xx.o
DMA2_Stream0_IRQHandler                           build/startup_stm32f207xx.o
DMA2_Stream1_IRQHandler                           build/startup_stm32f207xx.o
DMA2_Stream2_IRQHandler                           build/startup_stm32f207xx.o
DMA2_Stream3_IRQHandler                           build/startup_stm32f207xx.o
DMA2_Stream4_IRQHandler                           build/startup_stm32f207xx.o
DMA2_Stream5_IRQHandler                           build/startup_stm32f207xx.o
DMA2_Stream6_IRQHandler                           build/startup_stm32f207xx.o
DMA2_Stream7_IRQHandler                           build/startup_stm32f207xx.o
DebugMon_Handler                                  build/stm32f2xx_it.o
Default_Handler                                   build/startup_stm32f207xx.o
ETH_IRQHandler                                    build/startup_stm32f207xx.o
ETH_WKUP_IRQHandler                               build/startup_stm32f207xx.o
EXTI0_IRQHandler                                  build/startup_stm32f207xx.o
EXTI15_10_IRQHandler                              build/startup_stm32f207xx.o
EXTI1_IRQHandler                                  build/startup_stm32f207xx.o
EXTI2_IRQHandler                                  build/startup_stm32f207xx.o
EXTI3_IRQHandler                                  build/startup_stm32f207xx.o
EXTI4_IRQHandler                                  build/startup_stm32f207xx.o
EXTI9_5_IRQHandler                                build/startup_stm32f207xx.o
Error_Handler                                     build/main.o
                                                  build/usbd_conf.o
                                                  build/usb_device.o
FLASH_Erase_Sector                                build/stm32f2xx_hal_flash_ex.o
                                                  build/stm32f2xx_hal_flash.o
FLASH_FlushCaches                                 build/stm32f2xx_hal_flash_ex.o
                                                  build/stm32f2xx_hal_flash.o
FLASH_IRQHandler                                  build/startup_stm32f207xx.o
FLASH_WaitForLastOperation                        build/stm32f2xx_hal_flash.o
                                                  build/stm32f2xx_hal_flash_ex.o
FSMC_IRQHandler                                   build/startup_stm32f207xx.o
FS_Desc                                           build/usbd_desc.o
                                                  build/usb_device.o
HAL_DBGMCU_DisableDBGSleepMode                    build/stm32f2xx_hal.o
HAL_DBGMCU_DisableDBGStandbyMode                  build/stm32f2xx_hal.o
HAL_DBGMCU_DisableDBGStopMode                     build/stm32f2xx_hal.o
HAL_DBGMCU_EnableDBGSleepMode                     build/stm32f2xx_hal.o
HAL_DBGMCU_EnableDBGStandbyMode                   build/stm32f2xx_hal.o
HAL_DBGMCU_EnableDBGStopMode                      build/stm32f2xx_hal.o
HAL_DMAEx_ChangeMemory                            build/stm32f2xx_hal_dma_ex.o
HAL_DMAEx_MultiBufferStart                        build/stm32f2xx_hal_dma_ex.o
HAL_DMAEx_MultiBufferStart_IT                     build/stm32f2xx_hal_dma_ex.o
HAL_DMA_Abort                                     build/stm32f2xx_hal_dma.o
HAL_DMA_Abort_IT                                  build/stm32f2xx_hal_dma.o
HAL_DMA_DeInit                                    build/stm32f2xx_hal_dma.o
HAL_DMA_GetError                                  build/stm32f2xx_hal_dma.o
HAL_DMA_GetState                                  build/stm32f2xx_hal_dma.o
HAL_DMA_IRQHandler                                build/stm32f2xx_hal_dma.o
HAL_DMA_Init                                      build/stm32f2xx_hal_dma.o
HAL_DMA_PollForTransfer                           build/stm32f2xx_hal_dma.o
HAL_DMA_RegisterCallback                          build/stm32f2xx_hal_dma.o
HAL_DMA_Start                                     build/stm32f2xx_hal_dma.o
HAL_DMA_Start_IT                                  build/stm32f2xx_hal_dma.o
HAL_DMA_UnRegisterCallback                        build/stm32f2xx_hal_dma.o
HAL_DeInit                                        build/stm32f2xx_hal.o
HAL_Delay                                         build/stm32f2xx_hal.o
                                                  build/stm32f2xx_ll_usb.o
                                                  build/usbd_conf.o
HAL_DisableCompensationCell                       build/stm32f2xx_hal.o
HAL_EXTI_ClearConfigLine                          build/stm32f2xx_hal_exti.o
HAL_EXTI_ClearPending                             build/stm32f2xx_hal_exti.o
HAL_EXTI_GenerateSWI                              build/stm32f2xx_hal_exti.o
HAL_EXTI_GetConfigLine                            build/stm32f2xx_hal_exti.o
HAL_EXTI_GetHandle                                build/stm32f2xx_hal_exti.o
HAL_EXTI_GetPending                               build/stm32f2xx_hal_exti.o
HAL_EXTI_IRQHandler                               build/stm32f2xx_hal_exti.o
HAL_EXTI_RegisterCallback                         build/stm32f2xx_hal_exti.o
HAL_EXTI_SetConfigLine                            build/stm32f2xx_hal_exti.o
HAL_EnableCompensationCell                        build/stm32f2xx_hal.o
HAL_FLASHEx_Erase                                 build/stm32f2xx_hal_flash_ex.o
HAL_FLASHEx_Erase_IT                              build/stm32f2xx_hal_flash_ex.o
HAL_FLASHEx_OBGetConfig                           build/stm32f2xx_hal_flash_ex.o
HAL_FLASHEx_OBProgram                             build/stm32f2xx_hal_flash_ex.o
HAL_FLASH_EndOfOperationCallback                  build/stm32f2xx_hal_flash.o
HAL_FLASH_GetError                                build/stm32f2xx_hal_flash.o
HAL_FLASH_IRQHandler                              build/stm32f2xx_hal_flash.o
HAL_FLASH_Lock                                    build/stm32f2xx_hal_flash.o
HAL_FLASH_OB_Launch                               build/stm32f2xx_hal_flash.o
HAL_FLASH_OB_Lock                                 build/stm32f2xx_hal_flash.o
HAL_FLASH_OB_Unlock                               build/stm32f2xx_hal_flash.o
HAL_FLASH_OperationErrorCallback                  build/stm32f2xx_hal_flash.o
HAL_FLASH_Program                                 build/stm32f2xx_hal_flash.o
HAL_FLASH_Program_IT                              build/stm32f2xx_hal_flash.o
HAL_FLASH_Unlock                                  build/stm32f2xx_hal_flash.o
HAL_GPIO_DeInit                                   build/stm32f2xx_hal_gpio.o
                                                  build/usbd_conf.o
HAL_GPIO_EXTI_Callback                            build/stm32f2xx_hal_gpio.o
HAL_GPIO_EXTI_IRQHandler                          build/stm32f2xx_hal_gpio.o
HAL_GPIO_Init                                     build/stm32f2xx_hal_gpio.o
                                                  build/stm32f2xx_hal_rcc.o
                                                  build/usbd_conf.o
HAL_GPIO_LockPin                                  build/stm32f2xx_hal_gpio.o
HAL_GPIO_ReadPin                                  build/stm32f2xx_hal_gpio.o
HAL_GPIO_TogglePin                                build/stm32f2xx_hal_gpio.o
HAL_GPIO_WritePin                                 build/stm32f2xx_hal_gpio.o
HAL_GetDEVID                                      build/stm32f2xx_hal.o
HAL_GetHalVersion                                 build/stm32f2xx_hal.o
HAL_GetREVID                                      build/stm32f2xx_hal.o
HAL_GetTick                                       build/stm32f2xx_hal.o
                                                  build/stm32f2xx_hal_dma.o
                                                  build/stm32f2xx_hal_pwr_ex.o
                                                  build/stm32f2xx_hal_flash.o
                                                  build/stm32f2xx_hal_rcc_ex.o
                                                  build/stm32f2xx_hal_rcc.o
HAL_GetTickFreq                                   build/stm32f2xx_hal.o
HAL_GetTickPrio                                   build/stm32f2xx_hal.o
HAL_GetUIDw0                                      build/stm32f2xx_hal.o
HAL_GetUIDw1                                      build/stm32f2xx_hal.o
HAL_GetUIDw2                                      build/stm32f2xx_hal.o
HAL_IncTick                                       build/stm32f2xx_hal.o
                                                  build/stm32f2xx_it.o
HAL_Init                                          build/stm32f2xx_hal.o
                                                  build/main.o
HAL_InitTick                                      build/stm32f2xx_hal.o
                                                  build/stm32f2xx_hal_rcc.o
                                                  build/main.o
HAL_MPU_ConfigRegion                              build/stm32f2xx_hal_cortex.o
HAL_MPU_Disable                                   build/stm32f2xx_hal_cortex.o
HAL_MPU_Enable                                    build/stm32f2xx_hal_cortex.o
HAL_MspDeInit                                     build/stm32f2xx_hal.o
HAL_MspInit                                       build/stm32f2xx_hal_msp.o
HAL_NVIC_ClearPendingIRQ                          build/stm32f2xx_hal_cortex.o
HAL_NVIC_DisableIRQ                               build/stm32f2xx_hal_cortex.o
                                                  build/usbd_conf.o
HAL_NVIC_EnableIRQ                                build/stm32f2xx_hal_cortex.o
                                                  build/usbd_conf.o
HAL_NVIC_GetActive                                build/stm32f2xx_hal_cortex.o
HAL_NVIC_GetPendingIRQ                            build/stm32f2xx_hal_cortex.o
HAL_NVIC_GetPriority                              build/stm32f2xx_hal_cortex.o
HAL_NVIC_GetPriorityGrouping                      build/stm32f2xx_hal_cortex.o
HAL_NVIC_SetPendingIRQ                            build/stm32f2xx_hal_cortex.o
HAL_NVIC_SetPriority                              build/stm32f2xx_hal_cortex.o
                                                  build/stm32f2xx_hal.o
                                                  build/usbd_conf.o
HAL_NVIC_SetPriorityGrouping                      build/stm32f2xx_hal_cortex.o
                                                  build/stm32f2xx_hal.o
HAL_NVIC_SystemReset                              build/stm32f2xx_hal_cortex.o
HAL_PCDEx_BCD_Callback                            build/stm32f2xx_hal_pcd_ex.o
HAL_PCDEx_LPM_Callback                            build/stm32f2xx_hal_pcd_ex.o
HAL_PCDEx_SetRxFiFo                               build/stm32f2xx_hal_pcd_ex.o
                                                  build/usbd_conf.o
HAL_PCDEx_SetTxFiFo                               build/stm32f2xx_hal_pcd_ex.o
                                                  build/usbd_conf.o
HAL_PCD_ActivateRemoteWakeup                      build/stm32f2xx_hal_pcd.o
HAL_PCD_ConnectCallback                           build/usbd_conf.o
HAL_PCD_DataInStageCallback                       build/usbd_conf.o
HAL_PCD_DataOutStageCallback                      build/usbd_conf.o
HAL_PCD_DeActivateRemoteWakeup                    build/stm32f2xx_hal_pcd.o
HAL_PCD_DeInit                                    build/stm32f2xx_hal_pcd.o
                                                  build/usbd_conf.o
HAL_PCD_DevConnect                                build/stm32f2xx_hal_pcd.o
HAL_PCD_DevDisconnect                             build/stm32f2xx_hal_pcd.o
HAL_PCD_DisconnectCallback                        build/usbd_conf.o
HAL_PCD_EP_Close                                  build/stm32f2xx_hal_pcd.o
                                                  build/usbd_conf.o
HAL_PCD_EP_ClrStall                               build/stm32f2xx_hal_pcd.o
                                                  build/usbd_conf.o
HAL_PCD_EP_Flush                                  build/stm32f2xx_hal_pcd.o
                                                  build/usbd_conf.o
HAL_PCD_EP_GetRxCount                             build/stm32f2xx_hal_pcd.o
                                                  build/usbd_conf.o
HAL_PCD_EP_Open                                   build/stm32f2xx_hal_pcd.o
                                                  build/usbd_conf.o
HAL_PCD_EP_Receive                                build/stm32f2xx_hal_pcd.o
                                                  build/usbd_conf.o
HAL_PCD_EP_SetStall                               build/stm32f2xx_hal_pcd.o
                                                  build/usbd_conf.o
HAL_PCD_EP_Transmit                               build/stm32f2xx_hal_pcd.o
                                                  build/usbd_conf.o
HAL_PCD_GetState                                  build/stm32f2xx_hal_pcd.o
HAL_PCD_IRQHandler                                build/stm32f2xx_hal_pcd.o
                                                  build/stm32f2xx_it.o
HAL_PCD_ISOINIncompleteCallback                   build/usbd_conf.o
HAL_PCD_ISOOUTIncompleteCallback                  build/usbd_conf.o
HAL_PCD_Init                                      build/stm32f2xx_hal_pcd.o
                                                  build/usbd_conf.o
HAL_PCD_MspDeInit                                 build/usbd_conf.o
HAL_PCD_MspInit                                   build/usbd_conf.o
HAL_PCD_ResetCallback                             build/usbd_conf.o
HAL_PCD_ResumeCallback                            build/usbd_conf.o
HAL_PCD_SOFCallback                               build/usbd_conf.o
HAL_PCD_SetAddress                                build/stm32f2xx_hal_pcd.o
                                                  build/usbd_conf.o
HAL_PCD_SetupStageCallback                        build/usbd_conf.o
HAL_PCD_Start                                     build/stm32f2xx_hal_pcd.o
                                                  build/usbd_conf.o
HAL_PCD_Stop                                      build/stm32f2xx_hal_pcd.o
                                                  build/usbd_conf.o
HAL_PCD_SuspendCallback                           build/usbd_conf.o
HAL_PCD_WKUP_IRQHandler                           build/stm32f2xx_hal_pcd.o
HAL_PWREx_DisableBkUpReg                          build/stm32f2xx_hal_pwr_ex.o
HAL_PWREx_DisableFlashPowerDown                   build/stm32f2xx_hal_pwr_ex.o
HAL_PWREx_EnableBkUpReg                           build/stm32f2xx_hal_pwr_ex.o
HAL_PWREx_EnableFlashPowerDown                    build/stm32f2xx_hal_pwr_ex.o
HAL_PWR_ConfigPVD                                 build/stm32f2xx_hal_pwr.o
HAL_PWR_DeInit                                    build/stm32f2xx_hal_pwr.o
HAL_PWR_DisableBkUpAccess                         build/stm32f2xx_hal_pwr.o
HAL_PWR_DisablePVD                                build/stm32f2xx_hal_pwr.o
HAL_PWR_DisableSEVOnPend                          build/stm32f2xx_hal_pwr.o
HAL_PWR_DisableSleepOnExit                        build/stm32f2xx_hal_pwr.o
HAL_PWR_DisableWakeUpPin                          build/stm32f2xx_hal_pwr.o
HAL_PWR_EnableBkUpAccess                          build/stm32f2xx_hal_pwr.o
HAL_PWR_EnablePVD                                 build/stm32f2xx_hal_pwr.o
HAL_PWR_EnableSEVOnPend                           build/stm32f2xx_hal_pwr.o
HAL_PWR_EnableSleepOnExit                         build/stm32f2xx_hal_pwr.o
HAL_PWR_EnableWakeUpPin                           build/stm32f2xx_hal_pwr.o
HAL_PWR_EnterSLEEPMode                            build/stm32f2xx_hal_pwr.o
HAL_PWR_EnterSTANDBYMode                          build/stm32f2xx_hal_pwr.o
HAL_PWR_EnterSTOPMode                             build/stm32f2xx_hal_pwr.o
HAL_PWR_PVDCallback                               build/stm32f2xx_hal_pwr.o
HAL_PWR_PVD_IRQHandler                            build/stm32f2xx_hal_pwr.o
HAL_RCCEx_DisablePLLI2S                           build/stm32f2xx_hal_rcc_ex.o
HAL_RCCEx_EnablePLLI2S                            build/stm32f2xx_hal_rcc_ex.o
HAL_RCCEx_GetPeriphCLKConfig                      build/stm32f2xx_hal_rcc_ex.o
HAL_RCCEx_PeriphCLKConfig                         build/stm32f2xx_hal_rcc_ex.o
HAL_RCC_CSSCallback                               build/stm32f2xx_hal_rcc.o
HAL_RCC_ClockConfig                               build/stm32f2xx_hal_rcc.o
HAL_RCC_DeInit                                    build/stm32f2xx_hal_rcc.o
HAL_RCC_DisableCSS                                build/stm32f2xx_hal_rcc.o
HAL_RCC_EnableCSS                                 build/stm32f2xx_hal_rcc.o
HAL_RCC_GetClockConfig                            build/stm32f2xx_hal_rcc.o
HAL_RCC_GetHCLKFreq                               build/stm32f2xx_hal_rcc.o
                                                  build/stm32f2xx_hal_pcd.o
HAL_RCC_GetOscConfig                              build/stm32f2xx_hal_rcc.o
HAL_RCC_GetPCLK1Freq                              build/stm32f2xx_hal_rcc.o
HAL_RCC_GetPCLK2Freq                              build/stm32f2xx_hal_rcc.o
HAL_RCC_GetSysClockFreq                           build/stm32f2xx_hal_rcc.o
HAL_RCC_MCOConfig                                 build/stm32f2xx_hal_rcc.o
HAL_RCC_NMI_IRQHandler                            build/stm32f2xx_hal_rcc.o
HAL_RCC_OscConfig                                 build/stm32f2xx_hal_rcc.o
HAL_ResumeTick                                    build/stm32f2xx_hal.o
HAL_SYSTICK_CLKSourceConfig                       build/stm32f2xx_hal_cortex.o
HAL_SYSTICK_Callback                              build/stm32f2xx_hal_cortex.o
HAL_SYSTICK_Config                                build/stm32f2xx_hal_cortex.o
                                                  build/stm32f2xx_hal.o
HAL_SYSTICK_IRQHandler                            build/stm32f2xx_hal_cortex.o
HAL_SetTickFreq                                   build/stm32f2xx_hal.o
HAL_SuspendTick                                   build/stm32f2xx_hal.o
HASH_RNG_IRQHandler                               build/startup_stm32f207xx.o
HardFault_Handler                                 build/stm32f2xx_it.o
I2C1_ER_IRQHandler                                build/startup_stm32f207xx.o
I2C1_EV_IRQHandler                                build/startup_stm32f207xx.o
I2C2_ER_IRQHandler                                build/startup_stm32f207xx.o
I2C2_EV_IRQHandler                                build/startup_stm32f207xx.o
I2C3_ER_IRQHandler                                build/startup_stm32f207xx.o
I2C3_EV_IRQHandler                                build/startup_stm32f207xx.o
LL_EXTI_DeInit                                    build/stm32f2xx_ll_exti.o
LL_EXTI_Init                                      build/stm32f2xx_ll_exti.o
LL_EXTI_StructInit                                build/stm32f2xx_ll_exti.o
LL_GPIO_DeInit                                    build/stm32f2xx_ll_gpio.o
LL_GPIO_Init                                      build/stm32f2xx_ll_gpio.o
LL_GPIO_StructInit                                build/stm32f2xx_ll_gpio.o
LL_Init1msTick                                    build/stm32f2xx_ll_utils.o
LL_PLL_ConfigSystemClock_HSE                      build/stm32f2xx_ll_utils.o
LL_PLL_ConfigSystemClock_HSI                      build/stm32f2xx_ll_utils.o
LL_RCC_DeInit                                     build/stm32f2xx_ll_rcc.o
LL_RCC_GetI2SClockFreq                            build/stm32f2xx_ll_rcc.o
LL_RCC_GetSystemClocksFreq                        build/stm32f2xx_ll_rcc.o
LL_SetFlashLatency                                build/stm32f2xx_ll_utils.o
LL_SetSystemCoreClock                             build/stm32f2xx_ll_utils.o
                                                  build/main.o
LL_mDelay                                         build/stm32f2xx_ll_utils.o
MX_USB_DEVICE_Init                                build/usb_device.o
                                                  build/main.o
MemManage_Handler                                 build/stm32f2xx_it.o
NMI_Handler                                       build/stm32f2xx_it.o
OTG_FS_IRQHandler                                 build/stm32f2xx_it.o
OTG_FS_WKUP_IRQHandler                            build/startup_stm32f207xx.o
OTG_HS_EP1_IN_IRQHandler                          build/startup_stm32f207xx.o
OTG_HS_EP1_OUT_IRQHandler                         build/startup_stm32f207xx.o
OTG_HS_IRQHandler                                 build/startup_stm32f207xx.o
OTG_HS_WKUP_IRQHandler                            build/startup_stm32f207xx.o
PVD_IRQHandler                                    build/startup_stm32f207xx.o
PendSV_Handler                                    build/stm32f2xx_it.o
RCC_GetHCLKClockFreq                              build/stm32f2xx_ll_rcc.o
RCC_GetPCLK1ClockFreq                             build/stm32f2xx_ll_rcc.o
RCC_GetPCLK2ClockFreq                             build/stm32f2xx_ll_rcc.o
RCC_GetSystemClockFreq                            build/stm32f2xx_ll_rcc.o
RCC_IRQHandler                                    build/startup_stm32f207xx.o
RCC_PLLI2S_GetFreqDomain_I2S                      build/stm32f2xx_ll_rcc.o
RCC_PLL_GetFreqDomain_48M                         build/stm32f2xx_ll_rcc.o
RCC_PLL_GetFreqDomain_SYS                         build/stm32f2xx_ll_rcc.o
RTC_Alarm_IRQHandler                              build/startup_stm32f207xx.o
RTC_WKUP_IRQHandler                               build/startup_stm32f207xx.o
Reset_Handler                                     build/startup_stm32f207xx.o
SDIO_IRQHandler                                   build/startup_stm32f207xx.o
SPI1_IRQHandler                                   build/startup_stm32f207xx.o
SPI2_IRQHandler                                   build/startup_stm32f207xx.o
SPI3_IRQHandler                                   build/startup_stm32f207xx.o
SVC_Handler                                       build/stm32f2xx_it.o
SysTick_Handler                                   build/stm32f2xx_it.o
SystemClock_Config                                build/main.o
SystemCoreClock                                   build/system_stm32f2xx.o
                                                  build/stm32f2xx_hal_dma.o
                                                  build/stm32f2xx_hal_rcc.o
                                                  build/stm32f2xx_hal.o
                                                  build/stm32f2xx_ll_utils.o
SystemCoreClockUpdate                             build/system_stm32f2xx.o
SystemInit                                        build/system_stm32f2xx.o
                                                  build/startup_stm32f207xx.o
TAMP_STAMP_IRQHandler                             build/startup_stm32f207xx.o
TIM1_BRK_TIM9_IRQHandler                          build/startup_stm32f207xx.o
TIM1_CC_IRQHandler                                build/startup_stm32f207xx.o
TIM1_TRG_COM_TIM11_IRQHandler                     build/startup_stm32f207xx.o
TIM1_UP_TIM10_IRQHandler                          build/startup_stm32f207xx.o
TIM2_IRQHandler                                   build/startup_stm32f207xx.o
TIM3_IRQHandler                                   build/startup_stm32f207xx.o
TIM4_IRQHandler                                   build/startup_stm32f207xx.o
TIM5_IRQHandler                                   build/startup_stm32f207xx.o
TIM6_DAC_IRQHandler                               build/startup_stm32f207xx.o
TIM7_IRQHandler                                   build/startup_stm32f207xx.o
TIM8_BRK_TIM12_IRQHandler                         build/startup_stm32f207xx.o
TIM8_CC_IRQHandler                                build/startup_stm32f207xx.o
TIM8_TRG_COM_TIM14_IRQHandler                     build/startup_stm32f207xx.o
TIM8_UP_TIM13_IRQHandler                          build/startup_stm32f207xx.o
UART4_IRQHandler                                  build/startup_stm32f207xx.o
UART5_IRQHandler                                  build/startup_stm32f207xx.o
USART1_IRQHandler                                 build/startup_stm32f207xx.o
USART2_IRQHandler                                 build/startup_stm32f207xx.o
USART3_IRQHandler                                 build/startup_stm32f207xx.o
USART6_IRQHandler                                 build/startup_stm32f207xx.o
USBD_CDC                                          build/usbd_cdc.o
                                                  build/usb_device.o
USBD_CDC_CfgFSDesc                                build/usbd_cdc.o
USBD_CDC_CfgHSDesc                                build/usbd_cdc.o
USBD_CDC_GetDeviceQualifierDescriptor             build/usbd_cdc.o
USBD_CDC_OtherSpeedCfgDesc                        build/usbd_cdc.o
USBD_CDC_ReceivePacket                            build/usbd_cdc.o
                                                  build/usbd_cdc_if.o
USBD_CDC_RegisterInterface                        build/usbd_cdc.o
                                                  build/usb_device.o
USBD_CDC_SetRxBuffer                              build/usbd_cdc.o
                                                  build/usbd_cdc_if.o
USBD_CDC_SetTxBuffer                              build/usbd_cdc.o
                                                  build/usbd_cdc_if.o
USBD_CDC_TransmitPacket                           build/usbd_cdc.o
                                                  build/usbd_cdc_if.o
USBD_ClrClassConfig                               build/usbd_core.o
                                                  build/usbd_ctlreq.o
USBD_CtlContinueRx                                build/usbd_ioreq.o
                                                  build/usbd_core.o
USBD_CtlContinueSendData                          build/usbd_ioreq.o
                                                  build/usbd_core.o
USBD_CtlError                                     build/usbd_ctlreq.o
                                                  build/usbd_cdc.o
USBD_CtlPrepareRx                                 build/usbd_ioreq.o
                                                  build/usbd_cdc.o
USBD_CtlReceiveStatus                             build/usbd_ioreq.o
                                                  build/usbd_core.o
USBD_CtlSendData                                  build/usbd_ioreq.o
                                                  build/usbd_cdc.o
                                                  build/usbd_ctlreq.o
USBD_CtlSendStatus                                build/usbd_ioreq.o
                                                  build/usbd_ctlreq.o
                                                  build/usbd_core.o
USBD_DeInit                                       build/usbd_core.o
USBD_FS_ConfigStrDescriptor                       build/usbd_desc.o
USBD_FS_DeviceDesc                                build/usbd_desc.o
USBD_FS_DeviceDescriptor                          build/usbd_desc.o
USBD_FS_InterfaceStrDescriptor                    build/usbd_desc.o
USBD_FS_LangIDStrDescriptor                       build/usbd_desc.o
USBD_FS_ManufacturerStrDescriptor                 build/usbd_desc.o
USBD_FS_ProductStrDescriptor                      build/usbd_desc.o
USBD_FS_SerialStrDescriptor                       build/usbd_desc.o
USBD_GetRxCount                                   build/usbd_ioreq.o
USBD_GetString                                    build/usbd_ctlreq.o
                                                  build/usbd_desc.o
USBD_Get_USB_Status                               build/usbd_conf.o
USBD_Init                                         build/usbd_core.o
                                                  build/usb_device.o
USBD_Interface_fops_FS                            build/usbd_cdc_if.o
                                                  build/usb_device.o
USBD_LL_ClearStallEP                              build/usbd_conf.o
                                                  build/usbd_ctlreq.o
USBD_LL_CloseEP                                   build/usbd_conf.o
                                                  build/usbd_cdc.o
USBD_LL_DataInStage                               build/usbd_core.o
                                                  build/usbd_conf.o
USBD_LL_DataOutStage                              build/usbd_core.o
                                                  build/usbd_conf.o
USBD_LL_DeInit                                    build/usbd_conf.o
                                                  build/usbd_core.o
USBD_LL_Delay                                     build/usbd_conf.o
USBD_LL_DevConnected                              build/usbd_core.o
                                                  build/usbd_conf.o
USBD_LL_DevDisconnected                           build/usbd_core.o
                                                  build/usbd_conf.o
USBD_LL_FlushEP                                   build/usbd_conf.o
USBD_LL_GetRxDataSize                             build/usbd_conf.o
                                                  build/usbd_cdc.o