Archive member included to satisfy reference by file (symbol)

c:/toolchain/gcc-arm-none-eabi-10.3-2021.10/bin/../lib/gcc/arm-none-eabi/10.3.1/../../../../arm-none-eabi/lib/thumb/v7-m/nofp\libc_nano.a(lib_a-exit.o)
                              c:/toolchain/gcc-arm-none-eabi-10.3-2021.10/bin/../lib/gcc/arm-none-eabi/10.3.1/../../../../arm-none-eabi/lib/thumb/v7-m/nofp/crt0.o (exit)
c:/toolchain/gcc-arm-none-eabi-10.3-2021.10/bin/../lib/gcc/arm-none-eabi/10.3.1/../../../../arm-none-eabi/lib/thumb/v7-m/nofp\libc_nano.a(lib_a-impure.o)
                              c:/toolchain/gcc-arm-none-eabi-10.3-2021.10/bin/../lib/gcc/arm-none-eabi/10.3.1/../../../../arm-none-eabi/lib/thumb/v7-m/nofp\libc_nano.a(lib_a-exit.o) (_global_impure_ptr)
c:/toolchain/gcc-arm-none-eabi-10.3-2021.10/bin/../lib/gcc/arm-none-eabi/10.3.1/../../../../arm-none-eabi/lib/thumb/v7-m/nofp\libc_nano.a(lib_a-init.o)
                              c:/toolchain/gcc-arm-none-eabi-10.3-2021.10/bin/../lib/gcc/arm-none-eabi/10.3.1/../../../../arm-none-eabi/lib/thumb/v7-m/nofp/crt0.o (__libc_init_array)
c:/toolchain/gcc-arm-none-eabi-10.3-2021.10/bin/../lib/gcc/arm-none-eabi/10.3.1/../../../../arm-none-eabi/lib/thumb/v7-m/nofp\libc_nano.a(lib_a-malloc.o)
                              build/debug/usbd_cdc.o (malloc)
c:/toolchain/gcc-arm-none-eabi-10.3-2021.10/bin/../lib/gcc/arm-none-eabi/10.3.1/../../../../arm-none-eabi/lib/thumb/v7-m/nofp\libc_nano.a(lib_a-memset.o)
                              c:/toolchain/gcc-arm-none-eabi-10.3-2021.10/bin/../lib/gcc/arm-none-eabi/10.3.1/../../../../arm-none-eabi/lib/thumb/v7-m/nofp/crt0.o (memset)
c:/toolchain/gcc-arm-none-eabi-10.3-2021.10/bin/../lib/gcc/arm-none-eabi/10.3.1/../../../../arm-none-eabi/lib/thumb/v7-m/nofp\libc_nano.a(lib_a-nano-freer.o)
                              c:/toolchain/gcc-arm-none-eabi-10.3-2021.10/bin/../lib/gcc/arm-none-eabi/10.3.1/../../../../arm-none-eabi/lib/thumb/v7-m/nofp\libc_nano.a(lib_a-malloc.o) (_free_r)
c:/toolchain/gcc-arm-none-eabi-10.3-2021.10/bin/../lib/gcc/arm-none-eabi/10.3.1/../../../../arm-none-eabi/lib/thumb/v7-m/nofp\libc_nano.a(lib_a-nano-mallocr.o)
                              c:/toolchain/gcc-arm-none-eabi-10.3-2021.10/bin/../lib/gcc/arm-none-eabi/10.3.1/../../../../arm-none-eabi/lib/thumb/v7-m/nofp\libc_nano.a(lib_a-malloc.o) (_malloc_r)
c:/toolchain/gcc-arm-none-eabi-10.3-2021.10/bin/../lib/gcc/arm-none-eabi/10.3.1/../../../../arm-none-eabi/lib/thumb/v7-m/nofp\libc_nano.a(lib_a-sbrkr.o)
                              c:/toolchain/gcc-arm-none-eabi-10.3-2021.10/bin/../lib/gcc/arm-none-eabi/10.3.1/../../../../arm-none-eabi/lib/thumb/v7-m/nofp\libc_nano.a(lib_a-nano-mallocr.o) (_sbrk_r)
c:/toolchain/gcc-arm-none-eabi-10.3-2021.10/bin/../lib/gcc/arm-none-eabi/10.3.1/../../../../arm-none-eabi/lib/thumb/v7-m/nofp\libc_nano.a(lib_a-mlock.o)
                              c:/toolchain/gcc-arm-none-eabi-10.3-2021.10/bin/../lib/gcc/arm-none-eabi/10.3.1/../../../../arm-none-eabi/lib/thumb/v7-m/nofp\libc_nano.a(lib_a-nano-freer.o) (__malloc_lock)
c:/toolchain/gcc-arm-none-eabi-10.3-2021.10/bin/../lib/gcc/arm-none-eabi/10.3.1/../../../../arm-none-eabi/lib/thumb/v7-m/nofp\libc_nano.a(lib_a-reent.o)
                              c:/toolchain/gcc-arm-none-eabi-10.3-2021.10/bin/../lib/gcc/arm-none-eabi/10.3.1/../../../../arm-none-eabi/lib/thumb/v7-m/nofp\libc_nano.a(lib_a-sbrkr.o) (errno)
c:/toolchain/gcc-arm-none-eabi-10.3-2021.10/bin/../lib/gcc/arm-none-eabi/10.3.1/../../../../arm-none-eabi/lib/thumb/v7-m/nofp\libc_nano.a(lib_a-lock.o)
                              c:/toolchain/gcc-arm-none-eabi-10.3-2021.10/bin/../lib/gcc/arm-none-eabi/10.3.1/../../../../arm-none-eabi/lib/thumb/v7-m/nofp\libc_nano.a(lib_a-mlock.o) (__retarget_lock_acquire_recursive)
c:/toolchain/gcc-arm-none-eabi-10.3-2021.10/bin/../lib/gcc/arm-none-eabi/10.3.1/../../../../arm-none-eabi/lib/thumb/v7-m/nofp\libnosys.a(sbrk.o)
                              c:/toolchain/gcc-arm-none-eabi-10.3-2021.10/bin/../lib/gcc/arm-none-eabi/10.3.1/../../../../arm-none-eabi/lib/thumb/v7-m/nofp\libc_nano.a(lib_a-sbrkr.o) (_sbrk)
c:/toolchain/gcc-arm-none-eabi-10.3-2021.10/bin/../lib/gcc/arm-none-eabi/10.3.1/../../../../arm-none-eabi/lib/thumb/v7-m/nofp\libnosys.a(_exit.o)
                              c:/toolchain/gcc-arm-none-eabi-10.3-2021.10/bin/../lib/gcc/arm-none-eabi/10.3.1/../../../../arm-none-eabi/lib/thumb/v7-m/nofp\libc_nano.a(lib_a-exit.o) (_exit)
c:/toolchain/gcc-arm-none-eabi-10.3-2021.10/bin/../lib/gcc/arm-none-eabi/10.3.1/thumb/v7-m/nofp\libgcc.a(_aeabi_uldivmod.o)
                              build/debug/stm32f2xx_hal_rcc.o (__aeabi_uldivmod)
c:/toolchain/gcc-arm-none-eabi-10.3-2021.10/bin/../lib/gcc/arm-none-eabi/10.3.1/thumb/v7-m/nofp\libgcc.a(_udivmoddi4.o)
                              c:/toolchain/gcc-arm-none-eabi-10.3-2021.10/bin/../lib/gcc/arm-none-eabi/10.3.1/thumb/v7-m/nofp\libgcc.a(_aeabi_uldivmod.o) (__udivmoddi4)
[...]
Memory Configuration

Name             Origin             Length             Attributes
RAM              0x20000000         0x00020000         xrw
FLASH            0x08000000         0x00100000         xr
*default*        0x00000000         0xffffffff

Linker script and memory map

LOAD c:/toolchain/gcc-arm-none-eabi-10.3-2021.10/bin/../lib/gcc/arm-none-eabi/10.3.1/thumb/v7-m/nofp/crti.o
LOAD c:/toolchain/gcc-arm-none-eabi-10.3-2021.10/bin/../lib/gcc/arm-none-eabi/10.3.1/thumb/v7-m/nofp/crtbegin.o
LOAD c:/toolchain/gcc-arm-none-eabi-10.3-2021.10/bin/../lib/gcc/arm-none-eabi/10.3.1/../../../../arm-none-eabi/lib/thumb/v7-m/nofp/crt0.o
LOAD build/debug/main.o
LOAD build/debug/stm32f2xx_hal_msp.o
LOAD build/debug/stm32f2xx_it.o
LOAD build/debug/system_stm32f2xx.o
LOAD build/debug/stm32f2xx_hal.o
LOAD build/debug/stm32f2xx_hal_cortex.o
LOAD build/debug/stm32f2xx_hal_dma.o
LOAD build/debug/stm32f2xx_hal_dma_ex.o
LOAD build/debug/stm32f2xx_hal_exti.o
LOAD build/debug/stm32f2xx_hal_flash.o
LOAD build/debug/stm32f2xx_hal_flash_ex.o
LOAD build/debug/stm32f2xx_hal_gpio.o
LOAD build/debug/stm32f2xx_hal_pcd.o
LOAD build/debug/stm32f2xx_hal_pcd_ex.o
LOAD build/debug/stm32f2xx_hal_pwr.o
LOAD build/debug/stm32f2xx_hal_pwr_ex.o
LOAD build/debug/stm32f2xx_hal_rcc.o
LOAD build/debug/stm32f2xx_hal_rcc_ex.o
LOAD build/debug/stm32f2xx_hal_tim.o
LOAD build/debug/stm32f2xx_hal_tim_ex.o
LOAD build/debug/stm32f2xx_ll_exti.o
LOAD build/debug/stm32f2xx_ll_gpio.o
LOAD build/debug/stm32f2xx_ll_rcc.o
LOAD build/debug/stm32f2xx_ll_usb.o
LOAD build/debug/stm32f2xx_ll_utils.o
LOAD build/debug/usbd_cdc.o
LOAD build/debug/usbd_core.o
LOAD build/debug/usbd_ctlreq.o
LOAD build/debug/usbd_ioreq.o
LOAD build/debug/usb_device.o
LOAD build/debug/usbd_cdc_if.o
LOAD build/debug/usbd_desc.o
LOAD build/debug/usbd_conf.o
LOAD build/debug/startup_stm32f207xx.o
LOAD c:/toolchain/gcc-arm-none-eabi-10.3-2021.10/bin/../lib/gcc/arm-none-eabi/10.3.1/../../../../arm-none-eabi/lib/thumb/v7-m/nofp\libc_nano.a
LOAD c:/toolchain/gcc-arm-none-eabi-10.3-2021.10/bin/../lib/gcc/arm-none-eabi/10.3.1/../../../../arm-none-eabi/lib/thumb/v7-m/nofp\libm.a
LOAD c:/toolchain/gcc-arm-none-eabi-10.3-2021.10/bin/../lib/gcc/arm-none-eabi/10.3.1/../../../../arm-none-eabi/lib/thumb/v7-m/nofp\libnosys.a
START GROUP
LOAD c:/toolchain/gcc-arm-none-eabi-10.3-2021.10/bin/../lib/gcc/arm-none-eabi/10.3.1/thumb/v7-m/nofp\libgcc.a
LOAD c:/toolchain/gcc-arm-none-eabi-10.3-2021.10/bin/../lib/gcc/arm-none-eabi/10.3.1/../../../../arm-none-eabi/lib/thumb/v7-m/nofp\libc_nano.a
END GROUP
START GROUP
LOAD c:/toolchain/gcc-arm-none-eabi-10.3-2021.10/bin/../lib/gcc/arm-none-eabi/10.3.1/thumb/v7-m/nofp\libgcc.a
LOAD c:/toolchain/gcc-arm-none-eabi-10.3-2021.10/bin/../lib/gcc/arm-none-eabi/10.3.1/../../../../arm-none-eabi/lib/thumb/v7-m/nofp\libc_nano.a
END GROUP
LOAD c:/toolchain/gcc-arm-none-eabi-10.3-2021.10/bin/../lib/gcc/arm-none-eabi/10.3.1/thumb/v7-m/nofp/crtend.o
LOAD c:/toolchain/gcc-arm-none-eabi-10.3-2021.10/bin/../lib/gcc/arm-none-eabi/10.3.1/thumb/v7-m/nofp/crtn.o
                0x20020000                _estack = (ORIGIN (RAM) + LENGTH (RAM))
                0x00002000                _Min_Heap_Size = 0x2000
                0x00004000                _Min_Stack_Size = 0x4000

.isr_vector     0x08000000      0x184
                0x08000000                . = ALIGN (0x4)
 *(.isr_vector)
 .isr_vector    0x08000000      0x184 build/debug/startup_stm32f207xx.o
                0x08000000                g_pfnVectors
                0x08000184                . = ALIGN (0x4)

.text           0x08000184     0x2ec4
                0x08000184                . = ALIGN (0x4)
 *(.text)
 .text          0x08000184       0x40 c:/toolchain/gcc-arm-none-eabi-10.3-2021.10/bin/../lib/gcc/arm-none-eabi/10.3.1/thumb/v7-m/nofp/crtbegin.o
 *(.text*)
 .text.SystemClock_Config
                0x080001c4       0xc4 build/debug/main.o
                0x080001c4                SystemClock_Config
 .text.main     0x08000288       0x3c build/debug/main.o
                0x08000288                main
 .text.Error_Handler
                0x080002c4        0x4 build/debug/main.o
                0x080002c4                Error_Handler
 .text.HAL_MspInit
                0x080002c8       0x38 build/debug/stm32f2xx_hal_msp.o
                0x080002c8                HAL_MspInit
 .text.NMI_Handler
                0x08000300        0x2 build/debug/stm32f2xx_it.o
                0x08000300                NMI_Handler
 .text.HardFault_Handler
                0x08000302        0x2 build/debug/stm32f2xx_it.o
                0x08000302                HardFault_Handler
 .text.MemManage_Handler
                0x08000304        0x2 build/debug/stm32f2xx_it.o
                0x08000304                MemManage_Handler
 .text.BusFault_Handler
                0x08000306        0x2 build/debug/stm32f2xx_it.o
                0x08000306                BusFault_Handler
 .text.UsageFault_Handler
                0x08000308        0x2 build/debug/stm32f2xx_it.o
                0x08000308                UsageFault_Handler
 .text.SVC_Handler
                0x0800030a        0x2 build/debug/stm32f2xx_it.o
                0x0800030a                SVC_Handler
 .text.DebugMon_Handler
                0x0800030c        0x2 build/debug/stm32f2xx_it.o
                0x0800030c                DebugMon_Handler
 .text.PendSV_Handler
                0x0800030e        0x2 build/debug/stm32f2xx_it.o
                0x0800030e                PendSV_Handler
 .text.SysTick_Handler
                0x08000310        0x8 build/debug/stm32f2xx_it.o
                0x08000310                SysTick_Handler
 .text.OTG_FS_IRQHandler
                0x08000318       0x10 build/debug/stm32f2xx_it.o
                0x08000318                OTG_FS_IRQHandler
 .text.SystemInit
                0x08000328        0x2 build/debug/system_stm32f2xx.o
                0x08000328                SystemInit
 *fill*         0x0800032a        0x2 
 .text.HAL_InitTick
                0x0800032c       0x4c build/debug/stm32f2xx_hal.o
                0x0800032c                HAL_InitTick
 .text.HAL_Init
                0x08000378       0x34 build/debug/stm32f2xx_hal.o
                0x08000378                HAL_Init
 .text.HAL_IncTick
                0x080003ac       0x18 build/debug/stm32f2xx_hal.o
                0x080003ac                HAL_IncTick
 .text.HAL_GetTick
                0x080003c4        0xc build/debug/stm32f2xx_hal.o
                0x080003c4                HAL_GetTick
 .text.HAL_Delay
                0x080003d0       0x2c build/debug/stm32f2xx_hal.o
                0x080003d0                HAL_Delay
 .text.HAL_NVIC_SetPriorityGrouping
                0x080003fc       0x24 build/debug/stm32f2xx_hal_cortex.o
                0x080003fc                HAL_NVIC_SetPriorityGrouping
 .text.HAL_NVIC_SetPriority
                0x08000420       0x6c build/debug/stm32f2xx_hal_cortex.o
                0x08000420                HAL_NVIC_SetPriority
 .text.HAL_NVIC_EnableIRQ
                0x0800048c       0x1c build/debug/stm32f2xx_hal_cortex.o
                0x0800048c                HAL_NVIC_EnableIRQ
 .text.HAL_SYSTICK_Config
                0x080004a8       0x28 build/debug/stm32f2xx_hal_cortex.o
                0x080004a8                HAL_SYSTICK_Config
 .text.HAL_GPIO_Init
                0x080004d0      0x234 build/debug/stm32f2xx_hal_gpio.o
                0x080004d0                HAL_GPIO_Init
 .text.HAL_PCD_Init
                0x08000704      0x12e build/debug/stm32f2xx_hal_pcd.o
                0x08000704                HAL_PCD_Init
 .text.HAL_PCD_Start
                0x08000832       0x2a build/debug/stm32f2xx_hal_pcd.o
                0x08000832                HAL_PCD_Start
 .text.HAL_PCD_IRQHandler
                0x0800085c      0x61c build/debug/stm32f2xx_hal_pcd.o
                0x0800085c                HAL_PCD_IRQHandler
 .text.HAL_PCD_SetAddress
                0x08000e78       0x28 build/debug/stm32f2xx_hal_pcd.o
                0x08000e78                HAL_PCD_SetAddress
 .text.HAL_PCD_EP_Open
                0x08000ea0       0x82 build/debug/stm32f2xx_hal_pcd.o
                0x08000ea0                HAL_PCD_EP_Open
 .text.HAL_PCD_EP_Close
                0x08000f22       0x6e build/debug/stm32f2xx_hal_pcd.o
                0x08000f22                HAL_PCD_EP_Close
 .text.HAL_PCD_EP_Receive
                0x08000f90       0x5c build/debug/stm32f2xx_hal_pcd.o
                0x08000f90                HAL_PCD_EP_Receive
 .text.HAL_PCD_EP_GetRxCount
                0x08000fec       0x12 build/debug/stm32f2xx_hal_pcd.o
                0x08000fec                HAL_PCD_EP_GetRxCount
 .text.HAL_PCD_EP_Transmit
                0x08000ffe       0x5c build/debug/stm32f2xx_hal_pcd.o
                0x08000ffe                HAL_PCD_EP_Transmit
 .text.HAL_PCD_EP_SetStall
                0x0800105a       0x84 build/debug/stm32f2xx_hal_pcd.o
                0x0800105a                HAL_PCD_EP_SetStall
 .text.HAL_PCD_EP_ClrStall
                0x080010de       0x72 build/debug/stm32f2xx_hal_pcd.o
                0x080010de                HAL_PCD_EP_ClrStall
 .text.HAL_PCDEx_SetTxFiFo
                0x08001150       0x48 build/debug/stm32f2xx_hal_pcd_ex.o
                0x08001150                HAL_PCDEx_SetTxFiFo
 .text.HAL_PCDEx_SetRxFiFo
                0x08001198        0x8 build/debug/stm32f2xx_hal_pcd_ex.o
                0x08001198                HAL_PCDEx_SetRxFiFo
 .text.HAL_RCC_GetHCLKFreq
                0x080011a0        0xc build/debug/stm32f2xx_hal_rcc.o
                0x080011a0                HAL_RCC_GetHCLKFreq
 .text.USB_CoreReset
                0x080011ac       0x34 build/debug/stm32f2xx_ll_usb.o
 .text.USB_CoreInit
                0x080011e0       0x7c build/debug/stm32f2xx_ll_usb.o
                0x080011e0                USB_CoreInit
 .text.USB_SetTurnaroundTime
                0x0800125c       0xe4 build/debug/stm32f2xx_ll_usb.o
                0x0800125c                USB_SetTurnaroundTime
 .text.USB_EnableGlobalInt
                0x08001340        0xc build/debug/stm32f2xx_ll_usb.o
                0x08001340                USB_EnableGlobalInt
 .text.USB_DisableGlobalInt
                0x0800134c        0xc build/debug/stm32f2xx_ll_usb.o
                0x0800134c                USB_DisableGlobalInt
 .text.USB_SetCurrentMode
                0x08001358       0x62 build/debug/stm32f2xx_ll_usb.o
                0x08001358                USB_SetCurrentMode
 *fill*         0x080013ba        0x2 
 .text.USB_FlushTxFifo
                0x080013bc       0x24 build/debug/stm32f2xx_ll_usb.o
                0x080013bc                USB_FlushTxFifo
 .text.USB_FlushRxFifo
                0x080013e0       0x20 build/debug/stm32f2xx_ll_usb.o
                0x080013e0                USB_FlushRxFifo
 .text.USB_SetDevSpeed
                0x08001400        0xe build/debug/stm32f2xx_ll_usb.o
                0x08001400                USB_SetDevSpeed
 *fill*         0x0800140e        0x2 
 .text.USB_DevInit
                0x08001410      0x198 build/debug/stm32f2xx_ll_usb.o
                0x08001410                USB_DevInit
 .text.USB_GetDevSpeed
                0x080015a8       0x1e build/debug/stm32f2xx_ll_usb.o
                0x080015a8                USB_GetDevSpeed
 .text.USB_ActivateEndpoint
                0x080015c6       0x96 build/debug/stm32f2xx_ll_usb.o
                0x080015c6                USB_ActivateEndpoint
 .text.USB_DeactivateEndpoint
                0x0800165c       0xdc build/debug/stm32f2xx_ll_usb.o
                0x0800165c                USB_DeactivateEndpoint
 .text.USB_EP0StartXfer
                0x08001738      0x11c build/debug/stm32f2xx_ll_usb.o
                0x08001738                USB_EP0StartXfer
 .text.USB_WritePacket
                0x08001854       0x2c build/debug/stm32f2xx_ll_usb.o
                0x08001854                USB_WritePacket
 .text.USB_EPStartXfer
                0x08001880      0x210 build/debug/stm32f2xx_ll_usb.o
                0x08001880                USB_EPStartXfer
 .text.USB_ReadPacket
                0x08001a90       0x4a build/debug/stm32f2xx_ll_usb.o
                0x08001a90                USB_ReadPacket
 .text.USB_EPSetStall
                0x08001ada       0x5a build/debug/stm32f2xx_ll_usb.o
                0x08001ada                USB_EPSetStall
 .text.USB_EPClearStall
                0x08001b34       0x5c build/debug/stm32f2xx_ll_usb.o
                0x08001b34                USB_EPClearStall
 .text.USB_SetDevAddress
                0x08001b90       0x20 build/debug/stm32f2xx_ll_usb.o
                0x08001b90                USB_SetDevAddress
 .text.USB_DevConnect
                0x08001bb0       0x1c build/debug/stm32f2xx_ll_usb.o
                0x08001bb0                USB_DevConnect
 .text.USB_DevDisconnect
                0x08001bcc       0x1c build/debug/stm32f2xx_ll_usb.o
                0x08001bcc                USB_DevDisconnect
 .text.USB_ReadInterrupts
                0x08001be8        0x8 build/debug/stm32f2xx_ll_usb.o
                0x08001be8                USB_ReadInterrupts
 .text.USB_ReadDevAllOutEpInterrupt
                0x08001bf0       0x10 build/debug/stm32f2xx_ll_usb.o
                0x08001bf0                USB_ReadDevAllOutEpInterrupt
 .text.USB_ReadDevAllInEpInterrupt
                0x08001c00       0x10 build/debug/stm32f2xx_ll_usb.o
                0x08001c00                USB_ReadDevAllInEpInterrupt
 .text.USB_ReadDevOutEPInterrupt
                0x08001c10       0x12 build/debug/stm32f2xx_ll_usb.o
                0x08001c10                USB_ReadDevOutEPInterrupt
 .text.USB_ReadDevInEPInterrupt
                0x08001c22       0x26 build/debug/stm32f2xx_ll_usb.o
                0x08001c22                USB_ReadDevInEPInterrupt
 .text.USB_GetMode
                0x08001c48        0x8 build/debug/stm32f2xx_ll_usb.o
                0x08001c48                USB_GetMode
 .text.USB_ActivateSetup
                0x08001c50       0x20 build/debug/stm32f2xx_ll_usb.o
                0x08001c50                USB_ActivateSetup
 .text.USB_EP0_OutStart
                0x08001c70       0x5c build/debug/stm32f2xx_ll_usb.o
                0x08001c70                USB_EP0_OutStart
 .text.LL_SetSystemCoreClock
                0x08001ccc        0xc build/debug/stm32f2xx_ll_utils.o
                0x08001ccc                LL_SetSystemCoreClock
 .text.USBD_CDC_EP0_RxReady
                0x08001cd8       0x2c build/debug/usbd_cdc.o
 .text.USBD_CDC_GetFSCfgDesc
                0x08001d04        0xc build/debug/usbd_cdc.o
 .text.USBD_CDC_GetHSCfgDesc
                0x08001d10        0xc build/debug/usbd_cdc.o
 .text.USBD_CDC_GetOtherSpeedCfgDesc
                0x08001d1c        0xc build/debug/usbd_cdc.o
 .text.USBD_CDC_GetDeviceQualifierDescriptor
                0x08001d28        0xc build/debug/usbd_cdc.o
                0x08001d28                USBD_CDC_GetDeviceQualifierDescriptor
 .text.USBD_CDC_DataOut
                0x08001d34       0x2e build/debug/usbd_cdc.o
 .text.USBD_CDC_DataIn
                0x08001d62       0x58 build/debug/usbd_cdc.o
 .text.USBD_CDC_Setup
                0x08001dba       0xd6 build/debug/usbd_cdc.o
 .text.USBD_CDC_DeInit
                0x08001e90       0x42 build/debug/usbd_cdc.o
 .text.USBD_CDC_Init
                0x08001ed2       0xac build/debug/usbd_cdc.o
 .text.USBD_CDC_RegisterInterface
                0x08001f7e        0xe build/debug/usbd_cdc.o
                0x08001f7e                USBD_CDC_RegisterInterface
 .text.USBD_CDC_SetTxBuffer
                0x08001f8c       0x10 build/debug/usbd_cdc.o
                0x08001f8c                USBD_CDC_SetTxBuffer
 .text.USBD_CDC_SetRxBuffer
                0x08001f9c        0xc build/debug/usbd_cdc.o
                0x08001f9c                USBD_CDC_SetRxBuffer
 .text.USBD_CDC_ReceivePacket
                0x08001fa8       0x32 build/debug/usbd_cdc.o
                0x08001fa8                USBD_CDC_ReceivePacket
 .text.USBD_Init
                0x08001fda       0x2e build/debug/usbd_core.o
                0x08001fda                USBD_Init
 .text.USBD_RegisterClass
                0x08002008        0xe build/debug/usbd_core.o
                0x08002008                USBD_RegisterClass
 .text.USBD_Start
                0x08002016        0xa build/debug/usbd_core.o
                0x08002016                USBD_Start
 .text.USBD_SetClassConfig
                0x08002020       0x18 build/debug/usbd_core.o
                0x08002020                USBD_SetClassConfig
 .text.USBD_ClrClassConfig
                0x08002038        0xe build/debug/usbd_core.o
                0x08002038                USBD_ClrClassConfig
 .text.USBD_LL_SetupStage
                0x08002046       0x5a build/debug/usbd_core.o
                0x08002046                USBD_LL_SetupStage
 .text.USBD_LL_DataOutStage
                0x080020a0       0x88 build/debug/usbd_core.o
                0x080020a0                USBD_LL_DataOutStage
 .text.USBD_LL_DataInStage
                0x08002128       0xce build/debug/usbd_core.o
                0x08002128                USBD_LL_DataInStage
 .text.USBD_LL_Reset
                0x080021f6       0x50 build/debug/usbd_core.o
                0x080021f6                USBD_LL_Reset
 .text.USBD_LL_SetSpeed
                0x08002246        0x6 build/debug/usbd_core.o
                0x08002246                USBD_LL_SetSpeed
 .text.USBD_LL_Suspend
                0x0800224c       0x12 build/debug/usbd_core.o
                0x0800224c                USBD_LL_Suspend
 .text.USBD_LL_Resume
                0x0800225e       0x14 build/debug/usbd_core.o
                0x0800225e                USBD_LL_Resume
 .text.USBD_LL_SOF
                0x08002272       0x1c build/debug/usbd_core.o
                0x08002272                USBD_LL_SOF
 .text.USBD_LL_IsoINIncomplete
                0x0800228e        0x4 build/debug/usbd_core.o
                0x0800228e                USBD_LL_IsoINIncomplete
 .text.USBD_LL_IsoOUTIncomplete
                0x08002292        0x4 build/debug/usbd_core.o
                0x08002292                USBD_LL_IsoOUTIncomplete
 .text.USBD_LL_DevConnected
                0x08002296        0x4 build/debug/usbd_core.o
                0x08002296                USBD_LL_DevConnected
 .text.USBD_LL_DevDisconnected
                0x0800229a       0x16 build/debug/usbd_core.o
                0x0800229a                USBD_LL_DevDisconnected
 .text.USBD_ParseSetupRequest
                0x080022b0       0x28 build/debug/usbd_ctlreq.o
                0x080022b0                USBD_ParseSetupRequest
 .text.USBD_CtlError
                0x080022d8       0x14 build/debug/usbd_ctlreq.o
                0x080022d8                USBD_CtlError
 .text.USBD_StdDevReq
                0x080022ec      0x374 build/debug/usbd_ctlreq.o
                0x080022ec                USBD_StdDevReq
 .text.USBD_StdItfReq
                0x08002660       0x60 build/debug/usbd_ctlreq.o
                0x08002660                USBD_StdItfReq
 .text.USBD_StdEPReq
                0x080026c0      0x1aa build/debug/usbd_ctlreq.o
                0x080026c0                USBD_StdEPReq
 .text.USBD_GetString
                0x0800286a       0x4a build/debug/usbd_ctlreq.o
                0x0800286a                USBD_GetString
 .text.USBD_CtlSendData
                0x080028b4       0x1a build/debug/usbd_ioreq.o
                0x080028b4                USBD_CtlSendData
 .text.USBD_CtlContinueSendData
                0x080028ce       0x10 build/debug/usbd_ioreq.o
                0x080028ce                USBD_CtlContinueSendData
 .text.USBD_CtlPrepareRx
                0x080028de       0x1e build/debug/usbd_ioreq.o
                0x080028de                USBD_CtlPrepareRx
 .text.USBD_CtlContinueRx
                0x080028fc       0x10 build/debug/usbd_ioreq.o
                0x080028fc                USBD_CtlContinueRx
 .text.USBD_CtlSendStatus
                0x0800290c       0x16 build/debug/usbd_ioreq.o
                0x0800290c                USBD_CtlSendStatus
 .text.USBD_CtlReceiveStatus
                0x08002922       0x16 build/debug/usbd_ioreq.o
                0x08002922                USBD_CtlReceiveStatus
 .text.MX_USB_DEVICE_Init
                0x08002938       0x54 build/debug/usb_device.o
                0x08002938                MX_USB_DEVICE_Init
 .text.CDC_DeInit_FS
                0x0800298c        0x4 build/debug/usbd_cdc_if.o
 .text.CDC_Control_FS
                0x08002990        0x4 build/debug/usbd_cdc_if.o
 .text.CDC_Receive_FS
                0x08002994       0x1c build/debug/usbd_cdc_if.o
 .text.CDC_Init_FS
                0x080029b0       0x28 build/debug/usbd_cdc_if.o
 .text.USBD_FS_DeviceDescriptor
                0x080029d8        0xc build/debug/usbd_desc.o
                0x080029d8                USBD_FS_DeviceDescriptor
 .text.USBD_FS_LangIDStrDescriptor
                0x080029e4        0xc build/debug/usbd_desc.o
                0x080029e4                USBD_FS_LangIDStrDescriptor
 .text.IntToUnicode
                0x080029f0       0x32 build/debug/usbd_desc.o
 *fill*         0x08002a22        0x2 
 .text.USBD_FS_SerialStrDescriptor
                0x08002a24       0x40 build/debug/usbd_desc.o
                0x08002a24                USBD_FS_SerialStrDescriptor
 .text.USBD_FS_ProductStrDescriptor
                0x08002a64       0x18 build/debug/usbd_desc.o
                0x08002a64                USBD_FS_ProductStrDescriptor
 .text.USBD_FS_ManufacturerStrDescriptor
                0x08002a7c       0x1c build/debug/usbd_desc.o
                0x08002a7c                USBD_FS_ManufacturerStrDescriptor
 .text.USBD_FS_ConfigStrDescriptor
                0x08002a98       0x18 build/debug/usbd_desc.o
                0x08002a98                USBD_FS_ConfigStrDescriptor
 .text.USBD_FS_InterfaceStrDescriptor
                0x08002ab0       0x18 build/debug/usbd_desc.o
                0x08002ab0                USBD_FS_InterfaceStrDescriptor
 .text.HAL_PCD_MspInit
                0x08002ac8       0x84 build/debug/usbd_conf.o
                0x08002ac8                HAL_PCD_MspInit
 .text.HAL_PCD_SetupStageCallback
                0x08002b4c       0x10 build/debug/usbd_conf.o
                0x08002b4c                HAL_PCD_SetupStageCallback
 .text.HAL_PCD_DataOutStageCallback
                0x08002b5c       0x18 build/debug/usbd_conf.o
                0x08002b5c                HAL_PCD_DataOutStageCallback
 .text.HAL_PCD_DataInStageCallback
                0x08002b74       0x16 build/debug/usbd_conf.o
                0x08002b74                HAL_PCD_DataInStageCallback
 .text.HAL_PCD_SOFCallback
                0x08002b8a        0xc build/debug/usbd_conf.o
                0x08002b8a                HAL_PCD_SOFCallback
 .text.HAL_PCD_ResetCallback
                0x08002b96       0x2c build/debug/usbd_conf.o
                0x08002b96                HAL_PCD_ResetCallback
 *fill*         0x08002bc2        0x2 
 .text.HAL_PCD_SuspendCallback
                0x08002bc4       0x30 build/debug/usbd_conf.o
                0x08002bc4                HAL_PCD_SuspendCallback
 .text.HAL_PCD_ResumeCallback
                0x08002bf4        0xc build/debug/usbd_conf.o
                0x08002bf4                HAL_PCD_ResumeCallback
 .text.HAL_PCD_ISOOUTIncompleteCallback
                0x08002c00        0xc build/debug/usbd_conf.o
                0x08002c00                HAL_PCD_ISOOUTIncompleteCallback
 .text.HAL_PCD_ISOINIncompleteCallback
                0x08002c0c        0xc build/debug/usbd_conf.o
                0x08002c0c                HAL_PCD_ISOINIncompleteCallback
 .text.HAL_PCD_ConnectCallback
                0x08002c18        0xc build/debug/usbd_conf.o
                0x08002c18                HAL_PCD_ConnectCallback
 .text.HAL_PCD_DisconnectCallback
                0x08002c24        0xc build/debug/usbd_conf.o
                0x08002c24                HAL_PCD_DisconnectCallback
 .text.USBD_LL_Init
                0x08002c30       0x64 build/debug/usbd_conf.o
                0x08002c30                USBD_LL_Init
 .text.USBD_LL_IsStallEP
                0x08002c94       0x20 build/debug/usbd_conf.o
                0x08002c94                USBD_LL_IsStallEP
 .text.USBD_LL_GetRxDataSize
                0x08002cb4        0xc build/debug/usbd_conf.o
                0x08002cb4                USBD_LL_GetRxDataSize
 .text.USBD_Get_USB_Status
                0x08002cc0        0xe build/debug/usbd_conf.o
                0x08002cc0                USBD_Get_USB_Status
 .text.USBD_LL_Start
                0x08002cce       0x10 build/debug/usbd_conf.o
                0x08002cce                USBD_LL_Start
 .text.USBD_LL_OpenEP
                0x08002cde       0x16 build/debug/usbd_conf.o
                0x08002cde                USBD_LL_OpenEP
 .text.USBD_LL_CloseEP
                0x08002cf4       0x10 build/debug/usbd_conf.o
                0x08002cf4                USBD_LL_CloseEP
 .text.USBD_LL_StallEP
                0x08002d04       0x10 build/debug/usbd_conf.o
                0x08002d04                USBD_LL_StallEP
 .text.USBD_LL_ClearStallEP
                0x08002d14       0x10 build/debug/usbd_conf.o
                0x08002d14                USBD_LL_ClearStallEP
 .text.USBD_LL_SetUSBAddress
                0x08002d24       0x10 build/debug/usbd_conf.o
                0x08002d24                USBD_LL_SetUSBAddress
 .text.USBD_LL_Transmit
                0x08002d34       0x10 build/debug/usbd_conf.o
                0x08002d34                USBD_LL_Transmit
 .text.USBD_LL_PrepareReceive
                0x08002d44       0x10 build/debug/usbd_conf.o
                0x08002d44                USBD_LL_PrepareReceive
 .text.Reset_Handler
                0x08002d54       0x50 build/debug/startup_stm32f207xx.o
                0x08002d54                Reset_Handler
 .text.Default_Handler
                0x08002da4        0x2 build/debug/startup_stm32f207xx.o
                0x08002da4                RTC_Alarm_IRQHandler
                0x08002da4                HASH_RNG_IRQHandler
                0x08002da4                EXTI2_IRQHandler
                0x08002da4                TIM8_CC_IRQHandler
                0x08002da4                TIM1_CC_IRQHandler
                0x08002da4                DMA2_Stream5_IRQHandler
                0x08002da4                DMA1_Stream5_IRQHandler
                0x08002da4                PVD_IRQHandler
                0x08002da4                SDIO_IRQHandler
                0x08002da4                TAMP_STAMP_IRQHandler
                0x08002da4                CAN2_RX1_IRQHandler
                0x08002da4                EXTI3_IRQHandler
                0x08002da4                TIM8_TRG_COM_TIM14_IRQHandler
                0x08002da4                TIM1_UP_TIM10_IRQHandler
                0x08002da4                TIM8_UP_TIM13_IRQHandler
                0x08002da4                I2C3_ER_IRQHandler
                0x08002da4                EXTI0_IRQHandler
                0x08002da4                I2C2_EV_IRQHandler
                0x08002da4                DMA1_Stream2_IRQHandler
                0x08002da4                CAN1_RX0_IRQHandler
                0x08002da4                OTG_HS_WKUP_IRQHandler
                0x08002da4                CAN2_SCE_IRQHandler
                0x08002da4                DMA2_Stream2_IRQHandler
                0x08002da4                SPI1_IRQHandler
                0x08002da4                TIM6_DAC_IRQHandler
                0x08002da4                TIM1_BRK_TIM9_IRQHandler
                0x08002da4                DCMI_IRQHandler
                0x08002da4                CAN2_RX0_IRQHandler
                0x08002da4                DMA2_Stream3_IRQHandler
                0x08002da4                USART6_IRQHandler
                0x08002da4                USART3_IRQHandler
                0x08002da4                CAN1_RX1_IRQHandler
                0x08002da4                UART5_IRQHandler
                0x08002da4                DMA2_Stream0_IRQHandler
                0x08002da4                TIM4_IRQHandler
                0x08002da4                I2C1_EV_IRQHandler
                0x08002da4                DMA1_Stream6_IRQHandler
                0x08002da4                DMA1_Stream1_IRQHandler
                0x08002da4                UART4_IRQHandler
                0x08002da4                TIM3_IRQHandler
                0x08002da4                RCC_IRQHandler
                0x08002da4                TIM8_BRK_TIM12_IRQHandler
                0x08002da4                Default_Handler
                0x08002da4                EXTI15_10_IRQHandler
                0x08002da4                ADC_IRQHandler
                0x08002da4                DMA1_Stream7_IRQHandler
                0x08002da4                TIM7_IRQHandler
                0x08002da4                CAN2_TX_IRQHandler
                0x08002da4                TIM5_IRQHandler
                0x08002da4                DMA2_Stream7_IRQHandler
                0x08002da4                I2C3_EV_IRQHandler
                0x08002da4                EXTI9_5_IRQHandler
                0x08002da4                RTC_WKUP_IRQHandler
                0x08002da4                ETH_WKUP_IRQHandler
                0x08002da4                SPI2_IRQHandler
                0x08002da4                OTG_HS_EP1_IN_IRQHandler
                0x08002da4                DMA1_Stream0_IRQHandler
                0x08002da4                CAN1_TX_IRQHandler
                0x08002da4                EXTI4_IRQHandler
                0x08002da4                FSMC_IRQHandler
                0x08002da4                ETH_IRQHandler
                0x08002da4                OTG_HS_EP1_OUT_IRQHandler
                0x08002da4                WWDG_IRQHandler
                0x08002da4                TIM2_IRQHandler
                0x08002da4                OTG_FS_WKUP_IRQHandler
                0x08002da4                TIM1_TRG_COM_TIM11_IRQHandler
                0x08002da4                OTG_HS_IRQHandler
                0x08002da4                EXTI1_IRQHandler
                0x08002da4                USART2_IRQHandler
                0x08002da4                I2C2_ER_IRQHandler
                0x08002da4                DMA2_Stream1_IRQHandler
                0x08002da4                CAN1_SCE_IRQHandler
                0x08002da4                FLASH_IRQHandler
                0x08002da4                DMA2_Stream4_IRQHandler
                0x08002da4                USART1_IRQHandler
                0x08002da4                SPI3_IRQHandler
                0x08002da4                DMA1_Stream4_IRQHandler
                0x08002da4                I2C1_ER_IRQHandler
                0x08002da4                DMA2_Stream6_IRQHandler
                0x08002da4                DMA1_Stream3_IRQHandler
 *fill*         0x08002da6        0x2 
 .text.__libc_init_array
                0x08002da8       0x48 c:/toolchain/gcc-arm-none-eabi-10.3-2021.10/bin/../lib/gcc/arm-none-eabi/10.3.1/../../../../arm-none-eabi/lib/thumb/v7-m/nofp\libc_nano.a(lib_a-init.o)
                0x08002da8                __libc_init_array
 .text.malloc   0x08002df0       0x10 c:/toolchain/gcc-arm-none-eabi-10.3-2021.10/bin/../lib/gcc/arm-none-eabi/10.3.1/../../../../arm-none-eabi/lib/thumb/v7-m/nofp\libc_nano.a(lib_a-malloc.o)
                0x08002df0                malloc
 .text.free     0x08002e00       0x10 c:/toolchain/gcc-arm-none-eabi-10.3-2021.10/bin/../lib/gcc/arm-none-eabi/10.3.1/../../../../arm-none-eabi/lib/thumb/v7-m/nofp\libc_nano.a(lib_a-malloc.o)
                0x08002e00                free
 .text.memset   0x08002e10       0x10 c:/toolchain/gcc-arm-none-eabi-10.3-2021.10/bin/../lib/gcc/arm-none-eabi/10.3.1/../../../../arm-none-eabi/lib/thumb/v7-m/nofp\libc_nano.a(lib_a-memset.o)
                0x08002e10                memset
 .text._free_r  0x08002e20       0x90 c:/toolchain/gcc-arm-none-eabi-10.3-2021.10/bin/../lib/gcc/arm-none-eabi/10.3.1/../../../../arm-none-eabi/lib/thumb/v7-m/nofp\libc_nano.a(lib_a-nano-freer.o)
                0x08002e20                _free_r
 .text.sbrk_aligned
                0x08002eb0       0x40 c:/toolchain/gcc-arm-none-eabi-10.3-2021.10/bin/../lib/gcc/arm-none-eabi/10.3.1/../../../../arm-none-eabi/lib/thumb/v7-m/nofp\libc_nano.a(lib_a-nano-mallocr.o)
 .text._malloc_r
                0x08002ef0       0xe8 c:/toolchain/gcc-arm-none-eabi-10.3-2021.10/bin/../lib/gcc/arm-none-eabi/10.3.1/../../../../arm-none-eabi/lib/thumb/v7-m/nofp\libc_nano.a(lib_a-nano-mallocr.o)
                0x08002ef0                _malloc_r
 .text._sbrk_r  0x08002fd8       0x20 c:/toolchain/gcc-arm-none-eabi-10.3-2021.10/bin/../lib/gcc/arm-none-eabi/10.3.1/../../../../arm-none-eabi/lib/thumb/v7-m/nofp\libc_nano.a(lib_a-sbrkr.o)
                0x08002fd8                _sbrk_r
 .text.__malloc_lock
                0x08002ff8        0xc c:/toolchain/gcc-arm-none-eabi-10.3-2021.10/bin/../lib/gcc/arm-none-eabi/10.3.1/../../../../arm-none-eabi/lib/thumb/v7-m/nofp\libc_nano.a(lib_a-mlock.o)
                0x08002ff8                __malloc_lock
 .text.__malloc_unlock
                0x08003004        0xc c:/toolchain/gcc-arm-none-eabi-10.3-2021.10/bin/../lib/gcc/arm-none-eabi/10.3.1/../../../../arm-none-eabi/lib/thumb/v7-m/nofp\libc_nano.a(lib_a-mlock.o)
                0x08003004                __malloc_unlock
 .text.__retarget_lock_acquire_recursive
                0x08003010        0x2 c:/toolchain/gcc-arm-none-eabi-10.3-2021.10/bin/../lib/gcc/arm-none-eabi/10.3.1/../../../../arm-none-eabi/lib/thumb/v7-m/nofp\libc_nano.a(lib_a-lock.o)
                0x08003010                __retarget_lock_acquire_recursive
 .text.__retarget_lock_release_recursive
                0x08003012        0x2 c:/toolchain/gcc-arm-none-eabi-10.3-2021.10/bin/../lib/gcc/arm-none-eabi/10.3.1/../../../../arm-none-eabi/lib/thumb/v7-m/nofp\libc_nano.a(lib_a-lock.o)
                0x08003012                __retarget_lock_release_recursive
 .text._sbrk    0x08003014       0x1c c:/toolchain/gcc-arm-none-eabi-10.3-2021.10/bin/../lib/gcc/arm-none-eabi/10.3.1/../../../../arm-none-eabi/lib/thumb/v7-m/nofp\libnosys.a(sbrk.o)
                0x08003014                _sbrk
 *(.glue_7)
 .glue_7        0x08003030        0x0 linker stubs
 *(.glue_7t)
 .glue_7t       0x08003030        0x0 linker stubs
 *(.eh_frame)
 .eh_frame      0x08003030        0x0 c:/toolchain/gcc-arm-none-eabi-10.3-2021.10/bin/../lib/gcc/arm-none-eabi/10.3.1/thumb/v7-m/nofp/crtbegin.o
 *(.init)
 .init          0x08003030        0x4 c:/toolchain/gcc-arm-none-eabi-10.3-2021.10/bin/../lib/gcc/arm-none-eabi/10.3.1/thumb/v7-m/nofp/crti.o
                0x08003030                _init
 .init          0x08003034        0x8 c:/toolchain/gcc-arm-none-eabi-10.3-2021.10/bin/../lib/gcc/arm-none-eabi/10.3.1/thumb/v7-m/nofp/crtn.o
 *(.fini)
 .fini          0x0800303c        0x4 c:/toolchain/gcc-arm-none-eabi-10.3-2021.10/bin/../lib/gcc/arm-none-eabi/10.3.1/thumb/v7-m/nofp/crti.o
                0x0800303c                _fini
 .fini          0x08003040        0x8 c:/toolchain/gcc-arm-none-eabi-10.3-2021.10/bin/../lib/gcc/arm-none-eabi/10.3.1/thumb/v7-m/nofp/crtn.o
                0x08003048                . = ALIGN (0x4)
                0x08003048                _etext = .

.vfp11_veneer   0x08003048        0x0
 .vfp11_veneer  0x08003048        0x0 linker stubs

.v4_bx          0x08003048        0x0
 .v4_bx         0x08003048        0x0 linker stubs

.iplt           0x08003048        0x0
 .iplt          0x08003048        0x0 c:/toolchain/gcc-arm-none-eabi-10.3-2021.10/bin/../lib/gcc/arm-none-eabi/10.3.1/thumb/v7-m/nofp/crtbegin.o

.rodata         0x08003048       0x48
                0x08003048                . = ALIGN (0x4)
 *(.rodata)
 *(.rodata*)
 .rodata.USBD_FS_ProductStrDescriptor.str1.4
                0x08003048       0x16 build/debug/usbd_desc.o
 *fill*         0x0800305e        0x2 
 .rodata.USBD_FS_ManufacturerStrDescriptor.str1.4
                0x08003060       0x13 build/debug/usbd_desc.o
 *fill*         0x08003073        0x1 
 .rodata.USBD_FS_ConfigStrDescriptor.str1.4
                0x08003074        0xb build/debug/usbd_desc.o
 *fill*         0x0800307f        0x1 
 .rodata.USBD_FS_InterfaceStrDescriptor.str1.4
                0x08003080        0xe build/debug/usbd_desc.o
                0x08003090                . = ALIGN (0x4)
 *fill*         0x0800308e        0x2 

.rel.dyn        0x08003090        0x0
 .rel.iplt      0x08003090        0x0 c:/toolchain/gcc-arm-none-eabi-10.3-2021.10/bin/../lib/gcc/arm-none-eabi/10.3.1/thumb/v7-m/nofp/crtbegin.o

.ARM.extab
 *(.ARM.extab* .gnu.linkonce.armextab.*)

.ARM            0x08003090        0x0
                0x08003090                __exidx_start = .
 *(.ARM.exidx*)
                0x08003090                __exidx_end = .

.preinit_array  0x08003090        0x0
                0x08003090                PROVIDE (__preinit_array_start = .)
 *(.preinit_array*)
                0x08003090                PROVIDE (__preinit_array_end = .)

.init_array     0x08003090        0x4
                0x08003090                PROVIDE (__init_array_start = .)
 *(SORT_BY_NAME(.init_array.*))
 *(.init_array*)
 .init_array    0x08003090        0x4 c:/toolchain/gcc-arm-none-eabi-10.3-2021.10/bin/../lib/gcc/arm-none-eabi/10.3.1/thumb/v7-m/nofp/crtbegin.o
                0x08003094                PROVIDE (__init_array_end = .)

.fini_array     0x08003094        0x4
                [!provide]                PROVIDE (__fini_array_start = .)
 *(SORT_BY_NAME(.fini_array.*))
 *(.fini_array*)
 .fini_array    0x08003094        0x4 c:/toolchain/gcc-arm-none-eabi-10.3-2021.10/bin/../lib/gcc/arm-none-eabi/10.3.1/thumb/v7-m/nofp/crtbegin.o
                [!provide]                PROVIDE (__fini_array_end = .)
                0x08003098                _sidata = LOADADDR (.data)

.data           0x20000000      0x1e0 load address 0x08003098
                0x20000000                . = ALIGN (0x4)
                0x20000000                _sdata = .
 *(.data)
 *(.data*)
 .data.SystemCoreClock
                0x20000000        0x4 build/debug/system_stm32f2xx.o
                0x20000000                SystemCoreClock
 .data.uwTickFreq
                0x20000004        0x1 build/debug/stm32f2xx_hal.o
                0x20000004                uwTickFreq
 *fill*         0x20000005        0x3 
 .data.uwTickPrio
                0x20000008        0x4 build/debug/stm32f2xx_hal.o
                0x20000008                uwTickPrio
 .data.USBD_CDC
                0x2000000c       0x38 build/debug/usbd_cdc.o
                0x2000000c                USBD_CDC
 .data.USBD_CDC_CfgFSDesc
                0x20000044       0x43 build/debug/usbd_cdc.o
                0x20000044                USBD_CDC_CfgFSDesc
 *fill*         0x20000087        0x1 
 .data.USBD_CDC_CfgHSDesc
                0x20000088       0x43 build/debug/usbd_cdc.o
                0x20000088                USBD_CDC_CfgHSDesc
 *fill*         0x200000cb        0x1 
 .data.USBD_CDC_DeviceQualifierDesc
                0x200000cc        0xa build/debug/usbd_cdc.o
 *fill*         0x200000d6        0x2 
 .data.USBD_CDC_OtherSpeedCfgDesc
                0x200000d8       0x43 build/debug/usbd_cdc.o
                0x200000d8                USBD_CDC_OtherSpeedCfgDesc
 *fill*         0x2000011b        0x1 
 .data.USBD_Interface_fops_FS
                0x2000011c       0x10 build/debug/usbd_cdc_if.o
                0x2000011c                USBD_Interface_fops_FS
 .data.FS_Desc  0x2000012c       0x1c build/debug/usbd_desc.o
                0x2000012c                FS_Desc
 .data.USBD_FS_DeviceDesc
                0x20000148       0x12 build/debug/usbd_desc.o
                0x20000148                USBD_FS_DeviceDesc
 *fill*         0x2000015a        0x2 
 .data.USBD_LangIDDesc
                0x2000015c        0x4 build/debug/usbd_desc.o
                0x2000015c                USBD_LangIDDesc
 .data.USBD_StringSerial
                0x20000160       0x1a build/debug/usbd_desc.o
                0x20000160                USBD_StringSerial
 *fill*         0x2000017a        0x2 
 .data._impure_ptr
                0x2000017c        0x4 c:/toolchain/gcc-arm-none-eabi-10.3-2021.10/bin/../lib/gcc/arm-none-eabi/10.3.1/../../../../arm-none-eabi/lib/thumb/v7-m/nofp\libc_nano.a(lib_a-impure.o)
                0x2000017c                _impure_ptr
 .data.impure_data
                0x20000180       0x60 c:/toolchain/gcc-arm-none-eabi-10.3-2021.10/bin/../lib/gcc/arm-none-eabi/10.3.1/../../../../arm-none-eabi/lib/thumb/v7-m/nofp\libc_nano.a(lib_a-impure.o)
                0x200001e0                . = ALIGN (0x4)
                0x200001e0                _edata = .

.igot.plt       0x200001e0        0x0 load address 0x08003278
 .igot.plt      0x200001e0        0x0 c:/toolchain/gcc-arm-none-eabi-10.3-2021.10/bin/../lib/gcc/arm-none-eabi/10.3.1/thumb/v7-m/nofp/crtbegin.o
                0x200001e0                . = ALIGN (0x4)

.bss            0x200001e0     0x18fc load address 0x08003278
                0x200001e0                _sbss = .
                0x200001e0                __bss_start__ = _sbss
 *(.bss)
 .bss           0x200001e0       0x1c c:/toolchain/gcc-arm-none-eabi-10.3-2021.10/bin/../lib/gcc/arm-none-eabi/10.3.1/thumb/v7-m/nofp/crtbegin.o
 *(.bss*)
 .bss.uwTick    0x200001fc        0x4 build/debug/stm32f2xx_hal.o
                0x200001fc                uwTick
 .bss.cfgidx.0  0x20000200        0x1 build/debug/usbd_ctlreq.o
 *fill*         0x20000201        0x3 
 .bss.hUsbDeviceFS
                0x20000204      0x2c4 build/debug/usb_device.o
                0x20000204                hUsbDeviceFS
 .bss.UserRxBufferFS
                0x200004c8      0x800 build/debug/usbd_cdc_if.o
                0x200004c8                UserRxBufferFS
 .bss.UserTxBufferFS
                0x20000cc8      0x800 build/debug/usbd_cdc_if.o
                0x20000cc8                UserTxBufferFS
 .bss.USBD_StrDesc
                0x200014c8      0x200 build/debug/usbd_desc.o
                0x200014c8                USBD_StrDesc
 .bss.hpcd_USB_OTG_FS
                0x200016c8      0x400 build/debug/usbd_conf.o
                0x200016c8                hpcd_USB_OTG_FS
 .bss.__malloc_free_list
                0x20001ac8        0x4 c:/toolchain/gcc-arm-none-eabi-10.3-2021.10/bin/../lib/gcc/arm-none-eabi/10.3.1/../../../../arm-none-eabi/lib/thumb/v7-m/nofp\libc_nano.a(lib_a-nano-mallocr.o)
                0x20001ac8                __malloc_free_list
 .bss.__malloc_sbrk_start
                0x20001acc        0x4 c:/toolchain/gcc-arm-none-eabi-10.3-2021.10/bin/../lib/gcc/arm-none-eabi/10.3.1/../../../../arm-none-eabi/lib/thumb/v7-m/nofp\libc_nano.a(lib_a-nano-mallocr.o)
                0x20001acc                __malloc_sbrk_start
 .bss.errno     0x20001ad0        0x4 c:/toolchain/gcc-arm-none-eabi-10.3-2021.10/bin/../lib/gcc/arm-none-eabi/10.3.1/../../../../arm-none-eabi/lib/thumb/v7-m/nofp\libc_nano.a(lib_a-reent.o)
                0x20001ad0                errno
 .bss.__lock___malloc_recursive_mutex
                0x20001ad4        0x1 c:/toolchain/gcc-arm-none-eabi-10.3-2021.10/bin/../lib/gcc/arm-none-eabi/10.3.1/../../../../arm-none-eabi/lib/thumb/v7-m/nofp\libc_nano.a(lib_a-lock.o)
                0x20001ad4                __lock___malloc_recursive_mutex
 *fill*         0x20001ad5        0x3 
 .bss.heap_end.0
                0x20001ad8        0x4 c:/toolchain/gcc-arm-none-eabi-10.3-2021.10/bin/../lib/gcc/arm-none-eabi/10.3.1/../../../../arm-none-eabi/lib/thumb/v7-m/nofp\libnosys.a(sbrk.o)
 *(COMMON)
                0x20001adc                . = ALIGN (0x4)
                0x20001adc                _ebss = .
                0x20001adc                __bss_end__ = _ebss

._user_heap_stack
                0x20001adc     0x6004 load address 0x08003278
                0x20001ae0                . = ALIGN (0x8)
 *fill*         0x20001adc        0x4 
                0x20001ae0                PROVIDE (end = .)
                [!provide]                PROVIDE (_end = .)
                0x20003ae0                . = (. + _Min_Heap_Size)
 *fill*         0x20001ae0     0x2000 
                0x20007ae0                . = (. + _Min_Stack_Size)
 *fill*         0x20003ae0     0x4000 
                0x20007ae0                . = ALIGN (0x8)

/DISCARD/
 libc.a(*)
 libm.a(*)
 libgcc.a(*)

.ARM.attributes
                0x00000000       0x29
 *(.ARM.attributes)
 .ARM.attributes
                0x00000000       0x1d c:/toolchain/gcc-arm-none-eabi-10.3-2021.10/bin/../lib/gcc/arm-none-eabi/10.3.1/thumb/v7-m/nofp/crti.o
 .ARM.attributes
                0x0000001d       0x2d c:/toolchain/gcc-arm-none-eabi-10.3-2021.10/bin/../lib/gcc/arm-none-eabi/10.3.1/thumb/v7-m/nofp/crtbegin.o
 .ARM.attributes
                0x0000004a       0x2d build/debug/main.o
 .ARM.attributes
                0x00000077       0x2d build/debug/stm32f2xx_hal_msp.o
 .ARM.attributes
                0x000000a4       0x2d build/debug/stm32f2xx_it.o
 .ARM.attributes
                0x000000d1       0x2d build/debug/system_stm32f2xx.o
 .ARM.attributes
                0x000000fe       0x2d build/debug/stm32f2xx_hal.o
 .ARM.attributes
                0x0000012b       0x2d build/debug/stm32f2xx_hal_cortex.o
 .ARM.attributes
                0x00000158       0x2d build/debug/stm32f2xx_hal_gpio.o
 .ARM.attributes
                0x00000185       0x2d build/debug/stm32f2xx_hal_pcd.o
 .ARM.attributes
                0x000001b2       0x2d build/debug/stm32f2xx_hal_pcd_ex.o
 .ARM.attributes
                0x000001df       0x2d build/debug/stm32f2xx_hal_rcc.o
 .ARM.attributes
                0x0000020c       0x2d build/debug/stm32f2xx_ll_usb.o
 .ARM.attributes
                0x00000239       0x2d build/debug/stm32f2xx_ll_utils.o
 .ARM.attributes
                0x00000266       0x2d build/debug/usbd_cdc.o
 .ARM.attributes
                0x00000293       0x2d build/debug/usbd_core.o
 .ARM.attributes
                0x000002c0       0x2d build/debug/usbd_ctlreq.o
 .ARM.attributes
                0x000002ed       0x2d build/debug/usbd_ioreq.o
 .ARM.attributes
                0x0000031a       0x2d build/debug/usb_device.o
 .ARM.attributes
                0x00000347       0x2d build/debug/usbd_cdc_if.o
 .ARM.attributes
                0x00000374       0x2d build/debug/usbd_desc.o
 .ARM.attributes
                0x000003a1       0x2d build/debug/usbd_conf.o
 .ARM.attributes
                0x000003ce       0x21 build/debug/startup_stm32f207xx.o
 .ARM.attributes
                0x000003ef       0x2d c:/toolchain/gcc-arm-none-eabi-10.3-2021.10/bin/../lib/gcc/arm-none-eabi/10.3.1/../../../../arm-none-eabi/lib/thumb/v7-m/nofp\libc_nano.a(lib_a-impure.o)
 .ARM.attributes
                0x0000041c       0x2d c:/toolchain/gcc-arm-none-eabi-10.3-2021.10/bin/../lib/gcc/arm-none-eabi/10.3.1/../../../../arm-none-eabi/lib/thumb/v7-m/nofp\libc_nano.a(lib_a-init.o)
 .ARM.attributes
                0x00000449       0x2d c:/toolchain/gcc-arm-none-eabi-10.3-2021.10/bin/../lib/gcc/arm-none-eabi/10.3.1/../../../../arm-none-eabi/lib/thumb/v7-m/nofp\libc_nano.a(lib_a-malloc.o)
 .ARM.attributes
                0x00000476       0x2d c:/toolchain/gcc-arm-none-eabi-10.3-2021.10/bin/../lib/gcc/arm-none-eabi/10.3.1/../../../../arm-none-eabi/lib/thumb/v7-m/nofp\libc_nano.a(lib_a-memset.o)
 .ARM.attributes
                0x000004a3       0x2d c:/toolchain/gcc-arm-none-eabi-10.3-2021.10/bin/../lib/gcc/arm-none-eabi/10.3.1/../../../../arm-none-eabi/lib/thumb/v7-m/nofp\libc_nano.a(lib_a-nano-freer.o)
 .ARM.attributes
                0x000004d0       0x2d c:/toolchain/gcc-arm-none-eabi-10.3-2021.10/bin/../lib/gcc/arm-none-eabi/10.3.1/../../../../arm-none-eabi/lib/thumb/v7-m/nofp\libc_nano.a(lib_a-nano-mallocr.o)
 .ARM.attributes
                0x000004fd       0x2d c:/toolchain/gcc-arm-none-eabi-10.3-2021.10/bin/../lib/gcc/arm-none-eabi/10.3.1/../../../../arm-none-eabi/lib/thumb/v7-m/nofp\libc_nano.a(lib_a-sbrkr.o)
 .ARM.attributes
                0x0000052a       0x2d c:/toolchain/gcc-arm-none-eabi-10.3-2021.10/bin/../lib/gcc/arm-none-eabi/10.3.1/../../../../arm-none-eabi/lib/thumb/v7-m/nofp\libc_nano.a(lib_a-mlock.o)
 .ARM.attributes
                0x00000557       0x2d c:/toolchain/gcc-arm-none-eabi-10.3-2021.10/bin/../lib/gcc/arm-none-eabi/10.3.1/../../../../arm-none-eabi/lib/thumb/v7-m/nofp\libc_nano.a(lib_a-reent.o)
 .ARM.attributes
                0x00000584       0x2d c:/toolchain/gcc-arm-none-eabi-10.3-2021.10/bin/../lib/gcc/arm-none-eabi/10.3.1/../../../../arm-none-eabi/lib/thumb/v7-m/nofp\libc_nano.a(lib_a-lock.o)
 .ARM.attributes
                0x000005b1       0x2d c:/toolchain/gcc-arm-none-eabi-10.3-2021.10/bin/../lib/gcc/arm-none-eabi/10.3.1/../../../../arm-none-eabi/lib/thumb/v7-m/nofp\libnosys.a(sbrk.o)
 .ARM.attributes
                0x000005de       0x1d c:/toolchain/gcc-arm-none-eabi-10.3-2021.10/bin/../lib/gcc/arm-none-eabi/10.3.1/thumb/v7-m/nofp/crtn.o
OUTPUT(build/debug/usb_cdc.elf elf32-littlearm)
LOAD linker stubs
LOAD c:/toolchain/gcc-arm-none-eabi-10.3-2021.10/bin/../lib/gcc/arm-none-eabi/10.3.1/../../../../arm-none-eabi/lib/thumb/v7-m/nofp\libc.a
LOAD c:/toolchain/gcc-arm-none-eabi-10.3-2021.10/bin/../lib/gcc/arm-none-eabi/10.3.1/../../../../arm-none-eabi/lib/thumb/v7-m/nofp\libm.a
LOAD c:/toolchain/gcc-arm-none-eabi-10.3-2021.10/bin/../lib/gcc/arm-none-eabi/10.3.1/thumb/v7-m/nofp\libgcc.a

.debug_info     0x00000000     0xfe6e
 .debug_info    0x00000000      0x80e build/debug/main.o
 .debug_info    0x0000080e      0x2e4 build/debug/stm32f2xx_hal_msp.o
 .debug_info    0x00000af2      0x644 build/debug/stm32f2xx_it.o
 .debug_info    0x00001136      0x376 build/debug/system_stm32f2xx.o
 .debug_info    0x000014ac      0xa8c build/debug/stm32f2xx_hal.o
 .debug_info    0x00001f38     0x108d build/debug/stm32f2xx_hal_cortex.o
 .debug_info    0x00002fc5      0x767 build/debug/stm32f2xx_hal_gpio.o
 .debug_info    0x0000372c     0x195a build/debug/stm32f2xx_hal_pcd.o
 .debug_info    0x00005086      0x6d5 build/debug/stm32f2xx_hal_pcd_ex.o
 .debug_info    0x0000575b      0xda1 build/debug/stm32f2xx_hal_rcc.o
 .debug_info    0x000064fc     0x1f43 build/debug/stm32f2xx_ll_usb.o
 .debug_info    0x0000843f      0xc3d build/debug/stm32f2xx_ll_utils.o
 .debug_info    0x0000907c     0x139f build/debug/usbd_cdc.o
 .debug_info    0x0000a41b      0xd9c build/debug/usbd_core.o
 .debug_info    0x0000b1b7     0x115c build/debug/usbd_ctlreq.o
 .debug_info    0x0000c313      0x811 build/debug/usbd_ioreq.o
 .debug_info    0x0000cb24      0x6d7 build/debug/usb_device.o
 .debug_info    0x0000d1fb      0x8c6 build/debug/usbd_cdc_if.o
 .debug_info    0x0000dac1      0x5d5 build/debug/usbd_desc.o
 .debug_info    0x0000e096     0x1dd8 build/debug/usbd_conf.o

.debug_abbrev   0x00000000     0x2f45
 .debug_abbrev  0x00000000      0x272 build/debug/main.o
 .debug_abbrev  0x00000272       0xe9 build/debug/stm32f2xx_hal_msp.o
 .debug_abbrev  0x0000035b      0x1b2 build/debug/stm32f2xx_it.o
 .debug_abbrev  0x0000050d      0x119 build/debug/system_stm32f2xx.o
 .debug_abbrev  0x00000626      0x267 build/debug/stm32f2xx_hal.o
 .debug_abbrev  0x0000088d      0x351 build/debug/stm32f2xx_hal_cortex.o
 .debug_abbrev  0x00000bde      0x1e4 build/debug/stm32f2xx_hal_gpio.o
 .debug_abbrev  0x00000dc2      0x314 build/debug/stm32f2xx_hal_pcd.o
 .debug_abbrev  0x000010d6      0x1d4 build/debug/stm32f2xx_hal_pcd_ex.o
 .debug_abbrev  0x000012aa      0x2f2 build/debug/stm32f2xx_hal_rcc.o
 .debug_abbrev  0x0000159c      0x374 build/debug/stm32f2xx_ll_usb.o
 .debug_abbrev  0x00001910      0x2fe build/debug/stm32f2xx_ll_utils.o
 .debug_abbrev  0x00001c0e      0x317 build/debug/usbd_cdc.o
 .debug_abbrev  0x00001f25      0x264 build/debug/usbd_core.o
 .debug_abbrev  0x00002189      0x32a build/debug/usbd_ctlreq.o
 .debug_abbrev  0x000024b3      0x195 build/debug/usbd_ioreq.o
 .debug_abbrev  0x00002648      0x1a7 build/debug/usb_device.o
 .debug_abbrev  0x000027ef      0x276 build/debug/usbd_cdc_if.o
 .debug_abbrev  0x00002a65      0x232 build/debug/usbd_desc.o
 .debug_abbrev  0x00002c97      0x2ae build/debug/usbd_conf.o

.debug_loc      0x00000000     0x9369
 .debug_loc     0x00000000      0x157 build/debug/main.o
 .debug_loc     0x00000157      0x185 build/debug/system_stm32f2xx.o
 .debug_loc     0x000002dc      0x196 build/debug/stm32f2xx_hal.o
 .debug_loc     0x00000472      0x655 build/debug/stm32f2xx_hal_cortex.o
 .debug_loc     0x00000ac7      0x421 build/debug/stm32f2xx_hal_gpio.o
 .debug_loc     0x00000ee8     0x11b3 build/debug/stm32f2xx_hal_pcd.o
 .debug_loc     0x0000209b       0xde build/debug/stm32f2xx_hal_pcd_ex.o
 .debug_loc     0x00002179      0x78e build/debug/stm32f2xx_hal_rcc.o
 .debug_loc     0x00002907     0x27a6 build/debug/stm32f2xx_ll_usb.o
 .debug_loc     0x000050ad      0x66c build/debug/stm32f2xx_ll_utils.o
 .debug_loc     0x00005719      0x92b build/debug/usbd_cdc.o
 .debug_loc     0x00006044      0x95d build/debug/usbd_core.o
 .debug_loc     0x000069a1     0x176e build/debug/usbd_ctlreq.o
 .debug_loc     0x0000810f      0x284 build/debug/usbd_ioreq.o
 .debug_loc     0x00008393      0x137 build/debug/usbd_cdc_if.o
 .debug_loc     0x000084ca      0x388 build/debug/usbd_desc.o
 .debug_loc     0x00008852      0xb17 build/debug/usbd_conf.o

.debug_aranges  0x00000000      0xa38
 .debug_aranges
                0x00000000       0x30 build/debug/main.o
 .debug_aranges
                0x00000030       0x20 build/debug/stm32f2xx_hal_msp.o
 .debug_aranges
                0x00000050       0x68 build/debug/stm32f2xx_it.o
 .debug_aranges
                0x000000b8       0x28 build/debug/system_stm32f2xx.o
 .debug_aranges
                0x000000e0       0xf0 build/debug/stm32f2xx_hal.o
 .debug_aranges
                0x000001d0       0xa8 build/debug/stm32f2xx_hal_cortex.o
 .debug_aranges
                0x00000278       0x58 build/debug/stm32f2xx_hal_gpio.o
 .debug_aranges
                0x000002d0      0x120 build/debug/stm32f2xx_hal_pcd.o
 .debug_aranges
                0x000003f0       0x38 build/debug/stm32f2xx_hal_pcd_ex.o
 .debug_aranges
                0x00000428       0x88 build/debug/stm32f2xx_hal_rcc.o
 .debug_aranges
                0x000004b0      0x198 build/debug/stm32f2xx_ll_usb.o
 .debug_aranges
                0x00000648       0x58 build/debug/stm32f2xx_ll_utils.o
 .debug_aranges
                0x000006a0       0x90 build/debug/usbd_cdc.o
 .debug_aranges
                0x00000730       0xb8 build/debug/usbd_core.o
 .debug_aranges
                0x000007e8       0x48 build/debug/usbd_ctlreq.o
 .debug_aranges
                0x00000830       0x50 build/debug/usbd_ioreq.o
 .debug_aranges
                0x00000880       0x20 build/debug/usb_device.o
 .debug_aranges
                0x000008a0       0x40 build/debug/usbd_cdc_if.o
 .debug_aranges
                0x000008e0       0x58 build/debug/usbd_desc.o
 .debug_aranges
                0x00000938      0x100 build/debug/usbd_conf.o

.debug_ranges   0x00000000      0xa88
 .debug_ranges  0x00000000       0x88 build/debug/main.o
 .debug_ranges  0x00000088       0x10 build/debug/stm32f2xx_hal_msp.o
 .debug_ranges  0x00000098       0x58 build/debug/stm32f2xx_it.o
 .debug_ranges  0x000000f0       0x18 build/debug/system_stm32f2xx.o
 .debug_ranges  0x00000108       0xe0 build/debug/stm32f2xx_hal.o
 .debug_ranges  0x000001e8       0xc8 build/debug/stm32f2xx_hal_cortex.o
 .debug_ranges  0x000002b0       0x60 build/debug/stm32f2xx_hal_gpio.o
 .debug_ranges  0x00000310      0x140 build/debug/stm32f2xx_hal_pcd.o
 .debug_ranges  0x00000450       0x28 build/debug/stm32f2xx_hal_pcd_ex.o
 .debug_ranges  0x00000478       0xb0 build/debug/stm32f2xx_hal_rcc.o
 .debug_ranges  0x00000528      0x188 build/debug/stm32f2xx_ll_usb.o
 .debug_ranges  0x000006b0       0xa8 build/debug/stm32f2xx_ll_utils.o
 .debug_ranges  0x00000758       0x80 build/debug/usbd_cdc.o
 .debug_ranges  0x000007d8       0xa8 build/debug/usbd_core.o
 .debug_ranges  0x00000880       0x38 build/debug/usbd_ctlreq.o
 .debug_ranges  0x000008b8       0x40 build/debug/usbd_ioreq.o
 .debug_ranges  0x000008f8       0x10 build/debug/usb_device.o
 .debug_ranges  0x00000908       0x30 build/debug/usbd_cdc_if.o
 .debug_ranges  0x00000938       0x60 build/debug/usbd_desc.o
 .debug_ranges  0x00000998       0xf0 build/debug/usbd_conf.o

.debug_line     0x00000000     0x8e9a
 .debug_line    0x00000000      0x4c1 build/debug/main.o
 .debug_line    0x000004c1      0x192 build/debug/stm32f2xx_hal_msp.o
 .debug_line    0x00000653      0x2e5 build/debug/stm32f2xx_it.o
 .debug_line    0x00000938      0x221 build/debug/system_stm32f2xx.o
 .debug_line    0x00000b59      0x5bb build/debug/stm32f2xx_hal.o
 .debug_line    0x00001114      0x76b build/debug/stm32f2xx_hal_cortex.o
 .debug_line    0x0000187f      0x6f2 build/debug/stm32f2xx_hal_gpio.o
 .debug_line    0x00001f71     0x1203 build/debug/stm32f2xx_hal_pcd.o
 .debug_line    0x00003174      0x2b1 build/debug/stm32f2xx_hal_pcd_ex.o
 .debug_line    0x00003425      0xd06 build/debug/stm32f2xx_hal_rcc.o
 .debug_line    0x0000412b     0x1bd2 build/debug/stm32f2xx_ll_usb.o
 .debug_line    0x00005cfd      0x73b build/debug/stm32f2xx_ll_utils.o
 .debug_line    0x00006438      0x7cb build/debug/usbd_cdc.o
 .debug_line    0x00006c03      0x6eb build/debug/usbd_core.o
 .debug_line    0x000072ee      0x907 build/debug/usbd_ctlreq.o
 .debug_line    0x00007bf5      0x2c0 build/debug/usbd_ioreq.o
 .debug_line    0x00007eb5      0x24f build/debug/usb_device.o
 .debug_line    0x00008104      0x283 build/debug/usbd_cdc_if.o
 .debug_line    0x00008387      0x32e build/debug/usbd_desc.o
 .debug_line    0x000086b5      0x7e5 build/debug/usbd_conf.o

.debug_str      0x00000000     0x37a2
 .debug_str     0x00000000      0x453 build/debug/main.o
                                0x4c0 (size before relaxing)
 .debug_str     0x00000453       0x2e build/debug/stm32f2xx_hal_msp.o
                                0x2a0 (size before relaxing)
 .debug_str     0x00000481      0x433 build/debug/stm32f2xx_it.o
                                0x5cd (size before relaxing)
 .debug_str     0x000008b4       0x79 build/debug/system_stm32f2xx.o
                                0x2e2 (size before relaxing)
 .debug_str     0x0000092d      0x84a build/debug/stm32f2xx_hal.o
                                0xb40 (size before relaxing)
 .debug_str     0x00001177      0x4c0 build/debug/stm32f2xx_hal_cortex.o
                                0xbf3 (size before relaxing)
 .debug_str     0x00001637      0x1c6 build/debug/stm32f2xx_hal_gpio.o
                                0x490 (size before relaxing)
 .debug_str     0x000017fd      0x77c build/debug/stm32f2xx_hal_pcd.o
                                0xcbe (size before relaxing)
 .debug_str     0x00001f79      0x192 build/debug/stm32f2xx_hal_pcd_ex.o
                                0x69c (size before relaxing)
 .debug_str     0x0000210b      0x2cb build/debug/stm32f2xx_hal_rcc.o
                                0x6d1 (size before relaxing)
 .debug_str     0x000023d6      0x463 build/debug/stm32f2xx_ll_usb.o
                                0xc35 (size before relaxing)
 .debug_str     0x00002839      0x259 build/debug/stm32f2xx_ll_utils.o
                                0x696 (size before relaxing)
 .debug_str     0x00002a92      0x646 build/debug/usbd_cdc.o
                                0xbf7 (size before relaxing)
 .debug_str     0x000030d8      0x2a2 build/debug/usbd_core.o
                                0x811 (size before relaxing)
 .debug_str     0x0000337a      0x119 build/debug/usbd_ctlreq.o
                                0x72b (size before relaxing)
 .debug_str     0x00003493       0x53 build/debug/usbd_ioreq.o
                                0x658 (size before relaxing)
 .debug_str     0x000034e6       0x4d build/debug/usb_device.o
                                0x626 (size before relaxing)
 .debug_str     0x00003533       0x88 build/debug/usbd_cdc_if.o
                                0x6ed (size before relaxing)
 .debug_str     0x000035bb      0x172 build/debug/usbd_desc.o
                                0x431 (size before relaxing)
 .debug_str     0x0000372d       0x75 build/debug/usbd_conf.o
                               0x14c5 (size before relaxing)

.comment        0x00000000       0x49
 .comment       0x00000000       0x49 build/debug/main.o
                                 0x4a (size before relaxing)
 .comment       0x00000049       0x4a build/debug/stm32f2xx_hal_msp.o
 .comment       0x00000049       0x4a build/debug/stm32f2xx_it.o
 .comment       0x00000049       0x4a build/debug/system_stm32f2xx.o
 .comment       0x00000049       0x4a build/debug/stm32f2xx_hal.o
 .comment       0x00000049       0x4a build/debug/stm32f2xx_hal_cortex.o
 .comment       0x00000049       0x4a build/debug/stm32f2xx_hal_gpio.o
 .comment       0x00000049       0x4a build/debug/stm32f2xx_hal_pcd.o
 .comment       0x00000049       0x4a build/debug/stm32f2xx_hal_pcd_ex.o
 .comment       0x00000049       0x4a build/debug/stm32f2xx_hal_rcc.o
 .comment       0x00000049       0x4a build/debug/stm32f2xx_ll_usb.o
 .comment       0x00000049       0x4a build/debug/stm32f2xx_ll_utils.o
 .comment       0x00000049       0x4a build/debug/usbd_cdc.o
 .comment       0x00000049       0x4a build/debug/usbd_core.o
 .comment       0x00000049       0x4a build/debug/usbd_ctlreq.o
 .comment       0x00000049       0x4a build/debug/usbd_ioreq.o
 .comment       0x00000049       0x4a build/debug/usb_device.o
 .comment       0x00000049       0x4a build/debug/usbd_cdc_if.o
 .comment       0x00000049       0x4a build/debug/usbd_desc.o
 .comment       0x00000049       0x4a build/debug/usbd_conf.o

.debug_frame    0x00000000     0x1ac0
 .debug_frame   0x00000000       0x50 build/debug/main.o
 .debug_frame   0x00000050       0x28 build/debug/stm32f2xx_hal_msp.o
 .debug_frame   0x00000078       0xc0 build/debug/stm32f2xx_it.o
 .debug_frame   0x00000138       0x30 build/debug/system_stm32f2xx.o
 .debug_frame   0x00000168      0x1f0 build/debug/stm32f2xx_hal.o
 .debug_frame   0x00000358      0x148 build/debug/stm32f2xx_hal_cortex.o
 .debug_frame   0x000004a0       0xf0 build/debug/stm32f2xx_hal_gpio.o
 .debug_frame   0x00000590      0x2f8 build/debug/stm32f2xx_hal_pcd.o
 .debug_frame   0x00000888       0x5c build/debug/stm32f2xx_hal_pcd_ex.o
 .debug_frame   0x000008e4      0x17c build/debug/stm32f2xx_hal_rcc.o
 .debug_frame   0x00000a60      0x468 build/debug/stm32f2xx_ll_usb.o
 .debug_frame   0x00000ec8       0xc0 build/debug/stm32f2xx_ll_utils.o
 .debug_frame   0x00000f88      0x164 build/debug/usbd_cdc.o
 .debug_frame   0x000010ec      0x1c4 build/debug/usbd_core.o
 .debug_frame   0x000012b0       0xb0 build/debug/usbd_ctlreq.o
 .debug_frame   0x00001360       0xb8 build/debug/usbd_ioreq.o
 .debug_frame   0x00001418       0x28 build/debug/usb_device.o
 .debug_frame   0x00001440       0x78 build/debug/usbd_cdc_if.o
 .debug_frame   0x000014b8       0xbc build/debug/usbd_desc.o
 .debug_frame   0x00001574      0x2c4 build/debug/usbd_conf.o
 .debug_frame   0x00001838       0x2c c:/toolchain/gcc-arm-none-eabi-10.3-2021.10/bin/../lib/gcc/arm-none-eabi/10.3.1/../../../../arm-none-eabi/lib/thumb/v7-m/nofp\libc_nano.a(lib_a-init.o)
 .debug_frame   0x00001864       0x30 c:/toolchain/gcc-arm-none-eabi-10.3-2021.10/bin/../lib/gcc/arm-none-eabi/10.3.1/../../../../arm-none-eabi/lib/thumb/v7-m/nofp\libc_nano.a(lib_a-malloc.o)
 .debug_frame   0x00001894       0x20 c:/toolchain/gcc-arm-none-eabi-10.3-2021.10/bin/../lib/gcc/arm-none-eabi/10.3.1/../../../../arm-none-eabi/lib/thumb/v7-m/nofp\libc_nano.a(lib_a-memset.o)
 .debug_frame   0x000018b4       0x38 c:/toolchain/gcc-arm-none-eabi-10.3-2021.10/bin/../lib/gcc/arm-none-eabi/10.3.1/../../../../arm-none-eabi/lib/thumb/v7-m/nofp\libc_nano.a(lib_a-nano-freer.o)
 .debug_frame   0x000018ec       0x4c c:/toolchain/gcc-arm-none-eabi-10.3-2021.10/bin/../lib/gcc/arm-none-eabi/10.3.1/../../../../arm-none-eabi/lib/thumb/v7-m/nofp\libc_nano.a(lib_a-nano-mallocr.o)
 .debug_frame   0x00001938       0x2c c:/toolchain/gcc-arm-none-eabi-10.3-2021.10/bin/../lib/gcc/arm-none-eabi/10.3.1/../../../../arm-none-eabi/lib/thumb/v7-m/nofp\libc_nano.a(lib_a-sbrkr.o)
 .debug_frame   0x00001964       0x30 c:/toolchain/gcc-arm-none-eabi-10.3-2021.10/bin/../lib/gcc/arm-none-eabi/10.3.1/../../../../arm-none-eabi/lib/thumb/v7-m/nofp\libc_nano.a(lib_a-mlock.o)
 .debug_frame   0x00001994       0x5c c:/toolchain/gcc-arm-none-eabi-10.3-2021.10/bin/../lib/gcc/arm-none-eabi/10.3.1/../../../../arm-none-eabi/lib/thumb/v7-m/nofp\libc_nano.a(lib_a-reent.o)
 .debug_frame   0x000019f0       0xb0 c:/toolchain/gcc-arm-none-eabi-10.3-2021.10/bin/../lib/gcc/arm-none-eabi/10.3.1/../../../../arm-none-eabi/lib/thumb/v7-m/nofp\libc_nano.a(lib_a-lock.o)
 .debug_frame   0x00001aa0       0x20 c:/toolchain/gcc-arm-none-eabi-10.3-2021.10/bin/../lib/gcc/arm-none-eabi/10.3.1/../../../../arm-none-eabi/lib/thumb/v7-m/nofp\libnosys.a(sbrk.o)

Cross Reference Table

Symbol                                            File
ADC_IRQHandler                                    build/debug/startup_stm32f207xx.o
AHBPrescTable                                     build/debug/system_stm32f2xx.o
                                                  build/debug/stm32f2xx_ll_utils.o
                                                  build/debug/stm32f2xx_ll_rcc.o
                                                  build/debug/stm32f2xx_hal_rcc.o
APBPrescTable                                     build/debug/system_stm32f2xx.o
                                                  build/debug/stm32f2xx_ll_rcc.o
                                                  build/debug/stm32f2xx_hal_rcc.o
BusFault_Handler                                  build/debug/stm32f2xx_it.o
CAN1_RX0_IRQHandler                               build/debug/startup_stm32f207xx.o
CAN1_RX1_IRQHandler                               build/debug/startup_stm32f207xx.o
CAN1_SCE_IRQHandler                               build/debug/startup_stm32f207xx.o
CAN1_TX_IRQHandler                                build/debug/startup_stm32f207xx.o
CAN2_RX0_IRQHandler                               build/debug/startup_stm32f207xx.o
CAN2_RX1_IRQHandler                               build/debug/startup_stm32f207xx.o
CAN2_SCE_IRQHandler                               build/debug/startup_stm32f207xx.o
CAN2_TX_IRQHandler                                build/debug/startup_stm32f207xx.o
CDC_Transmit_FS                                   build/debug/usbd_cdc_if.o
DCMI_IRQHandler                                   build/debug/startup_stm32f207xx.o
DMA1_Stream0_IRQHandler                           build/debug/startup_stm32f207xx.o
DMA1_Stream1_IRQHandler                           build/debug/startup_stm32f207xx.o
DMA1_Stream2_IRQHandler                           build/debug/startup_stm32f207xx.o
DMA1_Stream3_IRQHandler                           build/debug/startup_stm32f207xx.o
DMA1_Stream4_IRQHandler                           build/debug/startup_stm32f207xx.o
DMA1_Stream5_IRQHandler                           build/debug/startup_stm32f207xx.o
DMA1_Stream6_IRQHandler                           build/debug/startup_stm32f207xx.o
DMA1_Stream7_IRQHandler                           build/debug/startup_stm32f207xx.o
DMA2_Stream0_IRQHandler                           build/debug/startup_stm32f207xx.o
DMA2_Stream1_IRQHandler                           build/debug/startup_stm32f207xx.o
DMA2_Stream2_IRQHandler                           build/debug/startup_stm32f207xx.o
DMA2_Stream3_IRQHandler                           build/debug/startup_stm32f207xx.o
DMA2_Stream4_IRQHandler                           build/debug/startup_stm32f207xx.o
DMA2_Stream5_IRQHandler                           build/debug/startup_stm32f207xx.o
DMA2_Stream6_IRQHandler                           build/debug/startup_stm32f207xx.o
DMA2_Stream7_IRQHandler                           build/debug/startup_stm32f207xx.o
DebugMon_Handler                                  build/debug/stm32f2xx_it.o
Default_Handler                                   build/debug/startup_stm32f207xx.o
ETH_IRQHandler                                    build/debug/startup_stm32f207xx.o
ETH_WKUP_IRQHandler                               build/debug/startup_stm32f207xx.o
EXTI0_IRQHandler                                  build/debug/startup_stm32f207xx.o
EXTI15_10_IRQHandler                              build/debug/startup_stm32f207xx.o
EXTI1_IRQHandler                                  build/debug/startup_stm32f207xx.o
EXTI2_IRQHandler                                  build/debug/startup_stm32f207xx.o
EXTI3_IRQHandler                                  build/debug/startup_stm32f207xx.o
EXTI4_IRQHandler                                  build/debug/startup_stm32f207xx.o
EXTI9_5_IRQHandler                                build/debug/startup_stm32f207xx.o
Error_Handler                                     build/debug/main.o
                                                  build/debug/usbd_conf.o
                                                  build/debug/usb_device.o
FLASH_Erase_Sector                                build/debug/stm32f2xx_hal_flash_ex.o
                                                  build/debug/stm32f2xx_hal_flash.o
FLASH_FlushCaches                                 build/debug/stm32f2xx_hal_flash_ex.o
                                                  build/debug/stm32f2xx_hal_flash.o
FLASH_IRQHandler                                  build/debug/startup_stm32f207xx.o
FLASH_WaitForLastOperation                        build/debug/stm32f2xx_hal_flash.o
                                                  build/debug/stm32f2xx_hal_flash_ex.o
FSMC_IRQHandler                                   build/debug/startup_stm32f207xx.o
FS_Desc                                           build/debug/usbd_desc.o
                                                  build/debug/usb_device.o
HAL_DBGMCU_DisableDBGSleepMode                    build/debug/stm32f2xx_hal.o
HAL_DBGMCU_DisableDBGStandbyMode                  build/debug/stm32f2xx_hal.o
HAL_DBGMCU_DisableDBGStopMode                     build/debug/stm32f2xx_hal.o
HAL_DBGMCU_EnableDBGSleepMode                     build/debug/stm32f2xx_hal.o
HAL_DBGMCU_EnableDBGStandbyMode                   build/debug/stm32f2xx_hal.o
HAL_DBGMCU_EnableDBGStopMode                      build/debug/stm32f2xx_hal.o
HAL_DMAEx_ChangeMemory                            build/debug/stm32f2xx_hal_dma_ex.o
HAL_DMAEx_MultiBufferStart                        build/debug/stm32f2xx_hal_dma_ex.o
HAL_DMAEx_MultiBufferStart_IT                     build/debug/stm32f2xx_hal_dma_ex.o
HAL_DMA_Abort                                     build/debug/stm32f2xx_hal_dma.o
HAL_DMA_Abort_IT                                  build/debug/stm32f2xx_hal_dma.o
HAL_DMA_DeInit                                    build/debug/stm32f2xx_hal_dma.o
HAL_DMA_GetError                                  build/debug/stm32f2xx_hal_dma.o
HAL_DMA_GetState                                  build/debug/stm32f2xx_hal_dma.o
HAL_DMA_IRQHandler                                build/debug/stm32f2xx_hal_dma.o
HAL_DMA_Init                                      build/debug/stm32f2xx_hal_dma.o
HAL_DMA_PollForTransfer                           build/debug/stm32f2xx_hal_dma.o
HAL_DMA_RegisterCallback                          build/debug/stm32f2xx_hal_dma.o
HAL_DMA_Start                                     build/debug/stm32f2xx_hal_dma.o
HAL_DMA_Start_IT                                  build/debug/stm32f2xx_hal_dma.o
HAL_DMA_UnRegisterCallback                        build/debug/stm32f2xx_hal_dma.o
HAL_DeInit                                        build/debug/stm32f2xx_hal.o
HAL_Delay                                         build/debug/stm32f2xx_hal.o
                                                  build/debug/usbd_conf.o
                                                  build/debug/stm32f2xx_ll_usb.o
HAL_DisableCompensationCell                       build/debug/stm32f2xx_hal.o
HAL_EXTI_ClearConfigLine                          build/debug/stm32f2xx_hal_exti.o
HAL_EXTI_ClearPending                             build/debug/stm32f2xx_hal_exti.o
HAL_EXTI_GenerateSWI                              build/debug/stm32f2xx_hal_exti.o
HAL_EXTI_GetConfigLine                            build/debug/stm32f2xx_hal_exti.o
HAL_EXTI_GetHandle                                build/debug/stm32f2xx_hal_exti.o
HAL_EXTI_GetPending                               build/debug/stm32f2xx_hal_exti.o
HAL_EXTI_IRQHandler                               build/debug/stm32f2xx_hal_exti.o
HAL_EXTI_RegisterCallback                         build/debug/stm32f2xx_hal_exti.o
HAL_EXTI_SetConfigLine                            build/debug/stm32f2xx_hal_exti.o
HAL_EnableCompensationCell                        build/debug/stm32f2xx_hal.o
HAL_FLASHEx_Erase                                 build/debug/stm32f2xx_hal_flash_ex.o
HAL_FLASHEx_Erase_IT                              build/debug/stm32f2xx_hal_flash_ex.o
HAL_FLASHEx_OBGetConfig                           build/debug/stm32f2xx_hal_flash_ex.o
HAL_FLASHEx_OBProgram                             build/debug/stm32f2xx_hal_flash_ex.o
HAL_FLASH_EndOfOperationCallback                  build/debug/stm32f2xx_hal_flash.o
HAL_FLASH_GetError                                build/debug/stm32f2xx_hal_flash.o
HAL_FLASH_IRQHandler                              build/debug/stm32f2xx_hal_flash.o
HAL_FLASH_Lock                                    build/debug/stm32f2xx_hal_flash.o
HAL_FLASH_OB_Launch                               build/debug/stm32f2xx_hal_flash.o
HAL_FLASH_OB_Lock                                 build/debug/stm32f2xx_hal_flash.o
HAL_FLASH_OB_Unlock                               build/debug/stm32f2xx_hal_flash.o
HAL_FLASH_OperationErrorCallback                  build/debug/stm32f2xx_hal_flash.o
HAL_FLASH_Program                                 build/debug/stm32f2xx_hal_flash.o
HAL_FLASH_Program_IT                              build/debug/stm32f2xx_hal_flash.o
HAL_FLASH_Unlock                                  build/debug/stm32f2xx_hal_flash.o
HAL_GPIO_DeInit                                   build/debug/stm32f2xx_hal_gpio.o
                                                  build/debug/usbd_conf.o
HAL_GPIO_EXTI_Callback                            build/debug/stm32f2xx_hal_gpio.o
HAL_GPIO_EXTI_IRQHandler                          build/debug/stm32f2xx_hal_gpio.o
HAL_GPIO_Init                                     build/debug/stm32f2xx_hal_gpio.o
                                                  build/debug/usbd_conf.o
                                                  build/debug/stm32f2xx_hal_rcc.o
HAL_GPIO_LockPin                                  build/debug/stm32f2xx_hal_gpio.o
HAL_GPIO_ReadPin                                  build/debug/stm32f2xx_hal_gpio.o
HAL_GPIO_TogglePin                                build/debug/stm32f2xx_hal_gpio.o
HAL_GPIO_WritePin                                 build/debug/stm32f2xx_hal_gpio.o
HAL_GetDEVID                                      build/debug/stm32f2xx_hal.o
HAL_GetHalVersion                                 build/debug/stm32f2xx_hal.o
HAL_GetREVID                                      build/debug/stm32f2xx_hal.o
HAL_GetTick                                       build/debug/stm32f2xx_hal.o
                                                  build/debug/stm32f2xx_hal_rcc_ex.o
                                                  build/debug/stm32f2xx_hal_rcc.o
                                                  build/debug/stm32f2xx_hal_pwr_ex.o
                                                  build/debug/stm32f2xx_hal_flash.o
                                                  build/debug/stm32f2xx_hal_dma.o
HAL_GetTickFreq                                   build/debug/stm32f2xx_hal.o
HAL_GetTickPrio                                   build/debug/stm32f2xx_hal.o
HAL_GetUIDw0                                      build/debug/stm32f2xx_hal.o
HAL_GetUIDw1                                      build/debug/stm32f2xx_hal.o
HAL_GetUIDw2                                      build/debug/stm32f2xx_hal.o
HAL_IncTick                                       build/debug/stm32f2xx_hal.o
                                                  build/debug/stm32f2xx_it.o
HAL_Init                                          build/debug/stm32f2xx_hal.o
                                                  build/debug/main.o
HAL_InitTick                                      build/debug/stm32f2xx_hal.o
                                                  build/debug/stm32f2xx_hal_rcc.o
                                                  build/debug/main.o
HAL_MPU_ConfigRegion                              build/debug/stm32f2xx_hal_cortex.o
HAL_MPU_Disable                                   build/debug/stm32f2xx_hal_cortex.o
HAL_MPU_Enable                                    build/debug/stm32f2xx_hal_cortex.o
HAL_MspDeInit                                     build/debug/stm32f2xx_hal.o
HAL_MspInit                                       build/debug/stm32f2xx_hal_msp.o
HAL_NVIC_ClearPendingIRQ                          build/debug/stm32f2xx_hal_cortex.o
HAL_NVIC_DisableIRQ                               build/debug/stm32f2xx_hal_cortex.o
                                                  build/debug/usbd_conf.o
HAL_NVIC_EnableIRQ                                build/debug/stm32f2xx_hal_cortex.o
                                                  build/debug/usbd_conf.o
HAL_NVIC_GetActive                                build/debug/stm32f2xx_hal_cortex.o
HAL_NVIC_GetPendingIRQ                            build/debug/stm32f2xx_hal_cortex.o
HAL_NVIC_GetPriority                              build/debug/stm32f2xx_hal_cortex.o
HAL_NVIC_GetPriorityGrouping                      build/debug/stm32f2xx_hal_cortex.o
HAL_NVIC_SetPendingIRQ                            build/debug/stm32f2xx_hal_cortex.o
HAL_NVIC_SetPriority                              build/debug/stm32f2xx_hal_cortex.o
                                                  build/debug/usbd_conf.o
                                                  build/debug/stm32f2xx_hal.o
HAL_NVIC_SetPriorityGrouping                      build/debug/stm32f2xx_hal_cortex.o
                                                  build/debug/stm32f2xx_hal.o
HAL_NVIC_SystemReset                              build/debug/stm32f2xx_hal_cortex.o
HAL_PCDEx_BCD_Callback                            build/debug/stm32f2xx_hal_pcd_ex.o
HAL_PCDEx_LPM_Callback                            build/debug/stm32f2xx_hal_pcd_ex.o
HAL_PCDEx_SetRxFiFo                               build/debug/stm32f2xx_hal_pcd_ex.o
                                                  build/debug/usbd_conf.o
HAL_PCDEx_SetTxFiFo                               build/debug/stm32f2xx_hal_pcd_ex.o
                                                  build/debug/usbd_conf.o
HAL_PCD_ActivateRemoteWakeup                      build/debug/stm32f2xx_hal_pcd.o
HAL_PCD_ConnectCallback                           build/debug/usbd_conf.o
                                                  build/debug/stm32f2xx_hal_pcd.o
HAL_PCD_DataInStageCallback                       build/debug/usbd_conf.o
                                                  build/debug/stm32f2xx_hal_pcd.o
HAL_PCD_DataOutStageCallback                      build/debug/usbd_conf.o
                                                  build/debug/stm32f2xx_hal_pcd.o
HAL_PCD_DeActivateRemoteWakeup                    build/debug/stm32f2xx_hal_pcd.o
HAL_PCD_DeInit                                    build/debug/stm32f2xx_hal_pcd.o
                                                  build/debug/usbd_conf.o
HAL_PCD_DevConnect                                build/debug/stm32f2xx_hal_pcd.o
HAL_PCD_DevDisconnect                             build/debug/stm32f2xx_hal_pcd.o
HAL_PCD_DisconnectCallback                        build/debug/usbd_conf.o
                                                  build/debug/stm32f2xx_hal_pcd.o
HAL_PCD_EP_Close                                  build/debug/stm32f2xx_hal_pcd.o
                                                  build/debug/usbd_conf.o
HAL_PCD_EP_ClrStall                               build/debug/stm32f2xx_hal_pcd.o
                                                  build/debug/usbd_conf.o
HAL_PCD_EP_Flush                                  build/debug/stm32f2xx_hal_pcd.o
                                                  build/debug/usbd_conf.o
HAL_PCD_EP_GetRxCount                             build/debug/stm32f2xx_hal_pcd.o
                                                  build/debug/usbd_conf.o
HAL_PCD_EP_Open                                   build/debug/stm32f2xx_hal_pcd.o
                                                  build/debug/usbd_conf.o
HAL_PCD_EP_Receive                                build/debug/stm32f2xx_hal_pcd.o
                                                  build/debug/usbd_conf.o
HAL_PCD_EP_SetStall                               build/debug/stm32f2xx_hal_pcd.o
                                                  build/debug/usbd_conf.o
HAL_PCD_EP_Transmit                               build/debug/stm32f2xx_hal_pcd.o
                                                  build/debug/usbd_conf.o
HAL_PCD_GetState                                  build/debug/stm32f2xx_hal_pcd.o
HAL_PCD_IRQHandler                                build/debug/stm32f2xx_hal_pcd.o
                                                  build/debug/stm32f2xx_it.o
HAL_PCD_ISOINIncompleteCallback                   build/debug/usbd_conf.o
                                                  build/debug/stm32f2xx_hal_pcd.o
HAL_PCD_ISOOUTIncompleteCallback                  build/debug/usbd_conf.o
                                                  build/debug/stm32f2xx_hal_pcd.o
HAL_PCD_Init                                      build/debug/stm32f2xx_hal_pcd.o
                                                  build/debug/usbd_conf.o
HAL_PCD_MspDeInit                                 build/debug/usbd_conf.o
                                                  build/debug/stm32f2xx_hal_pcd.o
HAL_PCD_MspInit                                   build/debug/usbd_conf.o
                                                  build/debug/stm32f2xx_hal_pcd.o
HAL_PCD_ResetCallback                             build/debug/usbd_conf.o
                                                  build/debug/stm32f2xx_hal_pcd.o
HAL_PCD_ResumeCallback                            build/debug/usbd_conf.o
                                                  build/debug/stm32f2xx_hal_pcd.o
HAL_PCD_SOFCallback                               build/debug/usbd_conf.o
                                                  build/debug/stm32f2xx_hal_pcd.o
HAL_PCD_SetAddress                                build/debug/stm32f2xx_hal_pcd.o
                                                  build/debug/usbd_conf.o
HAL_PCD_SetupStageCallback                        build/debug/usbd_conf.o
                                                  build/debug/stm32f2xx_hal_pcd.o
HAL_PCD_Start                                     build/debug/stm32f2xx_hal_pcd.o
                                                  build/debug/usbd_conf.o
HAL_PCD_Stop                                      build/debug/stm32f2xx_hal_pcd.o
                                                  build/debug/usbd_conf.o
HAL_PCD_SuspendCallback                           build/debug/usbd_conf.o
                                                  build/debug/stm32f2xx_hal_pcd.o
HAL_PCD_WKUP_IRQHandler                           build/debug/stm32f2xx_hal_pcd.o
HAL_PWREx_DisableBkUpReg                          build/debug/stm32f2xx_hal_pwr_ex.o
HAL_PWREx_DisableFlashPowerDown                   build/debug/stm32f2xx_hal_pwr_ex.o
HAL_PWREx_EnableBkUpReg                           build/debug/stm32f2xx_hal_pwr_ex.o
HAL_PWREx_EnableFlashPowerDown                    build/debug/stm32f2xx_hal_pwr_ex.o
HAL_PWR_ConfigPVD                                 build/debug/stm32f2xx_hal_pwr.o
HAL_PWR_DeInit                                    build/debug/stm32f2xx_hal_pwr.o
HAL_PWR_DisableBkUpAccess                         build/debug/stm32f2xx_hal_pwr.o
HAL_PWR_DisablePVD                                build/debug/stm32f2xx_hal_pwr.o
HAL_PWR_DisableSEVOnPend                          build/debug/stm32f2xx_hal_pwr.o
HAL_PWR_DisableSleepOnExit                        build/debug/stm32f2xx_hal_pwr.o
HAL_PWR_DisableWakeUpPin                          build/debug/stm32f2xx_hal_pwr.o
HAL_PWR_EnableBkUpAccess                          build/debug/stm32f2xx_hal_pwr.o
HAL_PWR_EnablePVD                                 build/debug/stm32f2xx_hal_pwr.o
HAL_PWR_EnableSEVOnPend                           build/debug/stm32f2xx_hal_pwr.o
HAL_PWR_EnableSleepOnExit                         build/debug/stm32f2xx_hal_pwr.o
HAL_PWR_EnableWakeUpPin                           build/debug/stm32f2xx_hal_pwr.o
HAL_PWR_EnterSLEEPMode                            build/debug/stm32f2xx_hal_pwr.o
HAL_PWR_EnterSTANDBYMode                          build/debug/stm32f2xx_hal_pwr.o
HAL_PWR_EnterSTOPMode                             build/debug/stm32f2xx_hal_pwr.o
HAL_PWR_PVDCallback                               build/debug/stm32f2xx_hal_pwr.o
HAL_PWR_PVD_IRQHandler                            build/debug/stm32f2xx_hal_pwr.o
HAL_RCCEx_DisablePLLI2S                           build/debug/stm32f2xx_hal_rcc_ex.o
HAL_RCCEx_EnablePLLI2S                            build/debug/stm32f2xx_hal_rcc_ex.o
HAL_RCCEx_GetPeriphCLKConfig                      build/debug/stm32f2xx_hal_rcc_ex.o
HAL_RCCEx_PeriphCLKConfig                         build/debug/stm32f2xx_hal_rcc_ex.o
HAL_RCC_CSSCallback                               build/debug/stm32f2xx_hal_rcc.o
HAL_RCC_ClockConfig                               build/debug/stm32f2xx_hal_rcc.o
HAL_RCC_DeInit                                    build/debug/stm32f2xx_hal_rcc.o
HAL_RCC_DisableCSS                                build/debug/stm32f2xx_hal_rcc.o
HAL_RCC_EnableCSS                                 build/debug/stm32f2xx_hal_rcc.o
HAL_RCC_GetClockConfig                            build/debug/stm32f2xx_hal_rcc.o
HAL_RCC_GetHCLKFreq                               build/debug/stm32f2xx_hal_rcc.o
                                                  build/debug/stm32f2xx_hal_pcd.o
HAL_RCC_GetOscConfig                              build/debug/stm32f2xx_hal_rcc.o
HAL_RCC_GetPCLK1Freq                              build/debug/stm32f2xx_hal_rcc.o
HAL_RCC_GetPCLK2Freq                              build/debug/stm32f2xx_hal_rcc.o
HAL_RCC_GetSysClockFreq                           build/debug/stm32f2xx_hal_rcc.o
HAL_RCC_MCOConfig                                 build/debug/stm32f2xx_hal_rcc.o
HAL_RCC_NMI_IRQHandler                            build/debug/stm32f2xx_hal_rcc.o
HAL_RCC_OscConfig                                 build/debug/stm32f2xx_hal_rcc.o
HAL_ResumeTick                                    build/debug/stm32f2xx_hal.o
HAL_SYSTICK_CLKSourceConfig                       build/debug/stm32f2xx_hal_cortex.o
HAL_SYSTICK_Callback                              build/debug/stm32f2xx_hal_cortex.o
HAL_SYSTICK_Config                                build/debug/stm32f2xx_hal_cortex.o
                                                  build/debug/stm32f2xx_hal.o
HAL_SYSTICK_IRQHandler                            build/debug/stm32f2xx_hal_cortex.o
HAL_SetTickFreq                                   build/debug/stm32f2xx_hal.o
HAL_SuspendTick                                   build/debug/stm32f2xx_hal.o
HASH_RNG_IRQHandler                               build/debug/startup_stm32f207xx.o
HardFault_Handler                                 build/debug/stm32f2xx_it.o
I2C1_ER_IRQHandler                                build/debug/startup_stm32f207xx.o
I2C1_EV_IRQHandler                                build/debug/startup_stm32f207xx.o
I2C2_ER_IRQHandler                                build/debug/startup_stm32f207xx.o
I2C2_EV_IRQHandler                                build/debug/startup_stm32f207xx.o
I2C3_ER_IRQHandler                                build/debug/startup_stm32f207xx.o
I2C3_EV_IRQHandler                                build/debug/startup_stm32f207xx.o
LL_EXTI_DeInit                                    build/debug/stm32f2xx_ll_exti.o
LL_EXTI_Init                                      build/debug/stm32f2xx_ll_exti.o
LL_EXTI_StructInit                                build/debug/stm32f2xx_ll_exti.o
LL_GPIO_DeInit                                    build/debug/stm32f2xx_ll_gpio.o
LL_GPIO_Init                                      build/debug/stm32f2xx_ll_gpio.o
LL_GPIO_StructInit                                build/debug/stm32f2xx_ll_gpio.o
LL_Init1msTick                                    build/debug/stm32f2xx_ll_utils.o
LL_PLL_ConfigSystemClock_HSE                      build/debug/stm32f2xx_ll_utils.o
LL_PLL_ConfigSystemClock_HSI                      build/debug/stm32f2xx_ll_utils.o
LL_RCC_DeInit                                     build/debug/stm32f2xx_ll_rcc.o
LL_RCC_GetI2SClockFreq                            build/debug/stm32f2xx_ll_rcc.o
LL_RCC_GetSystemClocksFreq                        build/debug/stm32f2xx_ll_rcc.o
LL_SetFlashLatency                                build/debug/stm32f2xx_ll_utils.o
LL_SetSystemCoreClock                             build/debug/stm32f2xx_ll_utils.o
                                                  build/debug/main.o
LL_mDelay                                         build/debug/stm32f2xx_ll_utils.o
MX_USB_DEVICE_Init                                build/debug/usb_device.o
                                                  build/debug/main.o
MemManage_Handler                                 build/debug/stm32f2xx_it.o
NMI_Handler                                       build/debug/stm32f2xx_it.o
OTG_FS_IRQHandler                                 build/debug/stm32f2xx_it.o
OTG_FS_WKUP_IRQHandler                            build/debug/startup_stm32f207xx.o
OTG_HS_EP1_IN_IRQHandler                          build/debug/startup_stm32f207xx.o
OTG_HS_EP1_OUT_IRQHandler                         build/debug/startup_stm32f207xx.o
OTG_HS_IRQHandler                                 build/debug/startup_stm32f207xx.o
OTG_HS_WKUP_IRQHandler                            build/debug/startup_stm32f207xx.o
PVD_IRQHandler                                    build/debug/startup_stm32f207xx.o
PendSV_Handler                                    build/debug/stm32f2xx_it.o
RCC_GetHCLKClockFreq                              build/debug/stm32f2xx_ll_rcc.o
RCC_GetPCLK1ClockFreq                             build/debug/stm32f2xx_ll_rcc.o
RCC_GetPCLK2ClockFreq                             build/debug/stm32f2xx_ll_rcc.o
RCC_GetSystemClockFreq                            build/debug/stm32f2xx_ll_rcc.o
RCC_IRQHandler                                    build/debug/startup_stm32f207xx.o
RCC_PLLI2S_GetFreqDomain_I2S                      build/debug/stm32f2xx_ll_rcc.o
RCC_PLL_GetFreqDomain_48M                         build/debug/stm32f2xx_ll_rcc.o
RCC_PLL_GetFreqDomain_SYS                         build/debug/stm32f2xx_ll_rcc.o
RTC_Alarm_IRQHandler                              build/debug/startup_stm32f207xx.o
RTC_WKUP_IRQHandler                               build/debug/startup_stm32f207xx.o
Reset_Handler                                     build/debug/startup_stm32f207xx.o
SDIO_IRQHandler                                   build/debug/startup_stm32f207xx.o
SPI1_IRQHandler                                   build/debug/startup_stm32f207xx.o
SPI2_IRQHandler                                   build/debug/startup_stm32f207xx.o
SPI3_IRQHandler                                   build/debug/startup_stm32f207xx.o
SVC_Handler                                       build/debug/stm32f2xx_it.o
SysTick_Handler                                   build/debug/stm32f2xx_it.o
SystemClock_Config                                build/debug/main.o
SystemCoreClock                                   build/debug/system_stm32f2xx.o
                                                  build/debug/stm32f2xx_ll_utils.o
                                                  build/debug/stm32f2xx_hal_rcc.o
                                                  build/debug/stm32f2xx_hal_dma.o
                                                  build/debug/stm32f2xx_hal.o
SystemCoreClockUpdate                             build/debug/system_stm32f2xx.o
SystemInit                                        build/debug/system_stm32f2xx.o
                                                  build/debug/startup_stm32f207xx.o
TAMP_STAMP_IRQHandler                             build/debug/startup_stm32f207xx.o
TIM1_BRK_TIM9_IRQHandler                          build/debug/startup_stm32f207xx.o
TIM1_CC_IRQHandler                                build/debug/startup_stm32f207xx.o
TIM1_TRG_COM_TIM11_IRQHandler                     build/debug/startup_stm32f207xx.o
TIM1_UP_TIM10_IRQHandler                          build/debug/startup_stm32f207xx.o
TIM2_IRQHandler                                   build/debug/startup_stm32f207xx.o
TIM3_IRQHandler                                   build/debug/startup_stm32f207xx.o
TIM4_IRQHandler                                   build/debug/startup_stm32f207xx.o
TIM5_IRQHandler                                   build/debug/startup_stm32f207xx.o
TIM6_DAC_IRQHandler                               build/debug/startup_stm32f207xx.o
TIM7_IRQHandler                                   build/debug/startup_stm32f207xx.o
TIM8_BRK_TIM12_IRQHandler                         build/debug/startup_stm32f207xx.o
TIM8_CC_IRQHandler                                build/debug/startup_stm32f207xx.o
TIM8_TRG_COM_TIM14_IRQHandler                     build/debug/startup_stm32f207xx.o
TIM8_UP_TIM13_IRQHandler                          build/debug/startup_stm32f207xx.o
UART4_IRQHandler                                  build/debug/startup_stm32f207xx.o
UART5_IRQHandler                                  build/debug/startup_stm32f207xx.o
USART1_IRQHandler                                 build/debug/startup_stm32f207xx.o
USART2_IRQHandler                                 build/debug/startup_stm32f207xx.o
USART3_IRQHandler                                 build/debug/startup_stm32f207xx.o
USART6_IRQHandler                                 build/debug/startup_stm32f207xx.o
USBD_CDC                                          build/debug/usbd_cdc.o
                                                  build/debug/usb_device.o
USBD_CDC_CfgFSDesc                                build/debug/usbd_cdc.o