Component: ARM Compiler 5.06 update 6 (build 750) Tool: armlink [4d35ed]

==============================================================================

Section Cross References

    startup_stm32f207xx.o(STACK) refers (Special) to heapauxi.o(.text) for __use_two_region_memory
    startup_stm32f207xx.o(HEAP) refers (Special) to heapauxi.o(.text) for __use_two_region_memory
    startup_stm32f207xx.o(RESET) refers (Special) to heapauxi.o(.text) for __use_two_region_memory
    startup_stm32f207xx.o(RESET) refers to startup_stm32f207xx.o(STACK) for __initial_sp
    startup_stm32f207xx.o(RESET) refers to startup_stm32f207xx.o(.text) for Reset_Handler
    startup_stm32f207xx.o(RESET) refers to stm32f2xx_it.o(i.NMI_Handler) for NMI_Handler
    startup_stm32f207xx.o(RESET) refers to stm32f2xx_it.o(i.HardFault_Handler) for HardFault_Handler
    startup_stm32f207xx.o(RESET) refers to stm32f2xx_it.o(i.MemManage_Handler) for MemManage_Handler
    startup_stm32f207xx.o(RESET) refers to stm32f2xx_it.o(i.BusFault_Handler) for BusFault_Handler
    startup_stm32f207xx.o(RESET) refers to stm32f2xx_it.o(i.UsageFault_Handler) for UsageFault_Handler
    startup_stm32f207xx.o(RESET) refers to stm32f2xx_it.o(i.SVC_Handler) for SVC_Handler
    startup_stm32f207xx.o(RESET) refers to stm32f2xx_it.o(i.DebugMon_Handler) for DebugMon_Handler
    startup_stm32f207xx.o(RESET) refers to stm32f2xx_it.o(i.PendSV_Handler) for PendSV_Handler
    startup_stm32f207xx.o(RESET) refers to stm32f2xx_it.o(i.SysTick_Handler) for SysTick_Handler
    startup_stm32f207xx.o(RESET) refers to stm32f2xx_it.o(i.OTG_FS_IRQHandler) for OTG_FS_IRQHandler
    startup_stm32f207xx.o(.text) refers (Special) to heapauxi.o(.text) for __use_two_region_memory
    startup_stm32f207xx.o(.text) refers to system_stm32f2xx.o(i.SystemInit) for SystemInit
    startup_stm32f207xx.o(.text) refers to __main.o(!!!main) for __main
    startup_stm32f207xx.o(.text) refers to startup_stm32f207xx.o(HEAP) for Heap_Mem
    startup_stm32f207xx.o(.text) refers to startup_stm32f207xx.o(STACK) for Stack_Mem
    main.o(i.SystemClock_Config) refers to stm32f2xx_ll_utils.o(i.LL_SetSystemCoreClock) for LL_SetSystemCoreClock
    main.o(i.SystemClock_Config) refers to stm32f2xx_hal.o(i.HAL_InitTick) for HAL_InitTick
    main.o(i.main) refers to stm32f2xx_hal.o(i.HAL_Init) for HAL_Init
    main.o(i.main) refers to main.o(i.SystemClock_Config) for SystemClock_Config
    main.o(i.main) refers to main.o(i.LL_AHB1_GRP1_EnableClock) for LL_AHB1_GRP1_EnableClock
    main.o(i.main) refers to usb_device.o(i.MX_USB_DEVICE_Init) for MX_USB_DEVICE_Init
    stm32f2xx_it.o(i.OTG_FS_IRQHandler) refers to stm32f2xx_hal_pcd.o(i.HAL_PCD_IRQHandler) for HAL_PCD_IRQHandler
    stm32f2xx_it.o(i.OTG_FS_IRQHandler) refers to usbd_conf.o(.bss) for hpcd_USB_OTG_FS
    stm32f2xx_it.o(i.SysTick_Handler) refers to stm32f2xx_hal.o(i.HAL_IncTick) for HAL_IncTick
    usb_device.o(i.MX_USB_DEVICE_Init) refers to usbd_core.o(i.USBD_Init) for USBD_Init
    usb_device.o(i.MX_USB_DEVICE_Init) refers to main.o(i.Error_Handler) for Error_Handler
    usb_device.o(i.MX_USB_DEVICE_Init) refers to usbd_core.o(i.USBD_RegisterClass) for USBD_RegisterClass
    usb_device.o(i.MX_USB_DEVICE_Init) refers to usbd_cdc.o(i.USBD_CDC_RegisterInterface) for USBD_CDC_RegisterInterface
    usb_device.o(i.MX_USB_DEVICE_Init) refers to usbd_core.o(i.USBD_Start) for USBD_Start
    usb_device.o(i.MX_USB_DEVICE_Init) refers to usbd_desc.o(.data) for FS_Desc
    usb_device.o(i.MX_USB_DEVICE_Init) refers to usb_device.o(.bss) for .bss
    usb_device.o(i.MX_USB_DEVICE_Init) refers to usbd_cdc.o(.data) for USBD_CDC
    usb_device.o(i.MX_USB_DEVICE_Init) refers to usbd_cdc_if.o(.data) for USBD_Interface_fops_FS
    usbd_desc.o(i.USBD_FS_ConfigStrDescriptor) refers to usbd_ctlreq.o(i.USBD_GetString) for USBD_GetString
    usbd_desc.o(i.USBD_FS_ConfigStrDescriptor) refers to usbd_desc.o(.bss) for .bss
    usbd_desc.o(i.USBD_FS_DeviceDescriptor) refers to usbd_desc.o(.data) for .data
    usbd_desc.o(i.USBD_FS_InterfaceStrDescriptor) refers to usbd_ctlreq.o(i.USBD_GetString) for USBD_GetString
    usbd_desc.o(i.USBD_FS_InterfaceStrDescriptor) refers to usbd_desc.o(.bss) for .bss
    usbd_desc.o(i.USBD_FS_LangIDStrDescriptor) refers to usbd_desc.o(.data) for .data
    usbd_desc.o(i.USBD_FS_ManufacturerStrDescriptor) refers to usbd_ctlreq.o(i.USBD_GetString) for USBD_GetString
    usbd_desc.o(i.USBD_FS_ManufacturerStrDescriptor) refers to usbd_desc.o(.bss) for .bss
    usbd_desc.o(i.USBD_FS_ProductStrDescriptor) refers to usbd_ctlreq.o(i.USBD_GetString) for USBD_GetString
    usbd_desc.o(i.USBD_FS_ProductStrDescriptor) refers to usbd_desc.o(.bss) for .bss
    usbd_desc.o(i.USBD_FS_SerialStrDescriptor) refers to usbd_desc.o(i.IntToUnicode) for IntToUnicode
    usbd_desc.o(i.USBD_FS_SerialStrDescriptor) refers to usbd_desc.o(.data) for .data
    usbd_desc.o(.data) refers to usbd_desc.o(i.USBD_FS_DeviceDescriptor) for USBD_FS_DeviceDescriptor
[...]
    i.CDC_Control_FS                         0x08000602   Section        0  usbd_cdc_if.o(i.CDC_Control_FS)
    CDC_Control_FS                           0x08000603   Thumb Code     4  usbd_cdc_if.o(i.CDC_Control_FS)
    i.CDC_DeInit_FS                          0x08000606   Section        0  usbd_cdc_if.o(i.CDC_DeInit_FS)
    CDC_DeInit_FS                            0x08000607   Thumb Code     4  usbd_cdc_if.o(i.CDC_DeInit_FS)
    i.CDC_Init_FS                            0x0800060c   Section        0  usbd_cdc_if.o(i.CDC_Init_FS)
    CDC_Init_FS                              0x0800060d   Thumb Code    24  usbd_cdc_if.o(i.CDC_Init_FS)
    i.CDC_Receive_FS                         0x08000630   Section        0  usbd_cdc_if.o(i.CDC_Receive_FS)
    CDC_Receive_FS                           0x08000631   Thumb Code    20  usbd_cdc_if.o(i.CDC_Receive_FS)
    i.DebugMon_Handler                       0x08000648   Section        0  stm32f2xx_it.o(i.DebugMon_Handler)
    i.Error_Handler                          0x0800064a   Section        0  main.o(i.Error_Handler)
    i.HAL_Delay                              0x08000650   Section        0  stm32f2xx_hal.o(i.HAL_Delay)
    i.HAL_GPIO_Init                          0x08000674   Section        0  stm32f2xx_hal_gpio.o(i.HAL_GPIO_Init)
    i.HAL_GetTick                            0x080008fc   Section        0  stm32f2xx_hal.o(i.HAL_GetTick)
    i.HAL_IncTick                            0x08000908   Section        0  stm32f2xx_hal.o(i.HAL_IncTick)
    i.HAL_Init                               0x08000918   Section        0  stm32f2xx_hal.o(i.HAL_Init)
    i.HAL_InitTick                           0x0800094c   Section        0  stm32f2xx_hal.o(i.HAL_InitTick)
    i.HAL_MspInit                            0x0800098c   Section        0  stm32f2xx_hal_msp.o(i.HAL_MspInit)
    i.HAL_NVIC_EnableIRQ                     0x080009bc   Section        0  stm32f2xx_hal_cortex.o(i.HAL_NVIC_EnableIRQ)
    i.HAL_NVIC_SetPriority                   0x080009d8   Section        0  stm32f2xx_hal_cortex.o(i.HAL_NVIC_SetPriority)
    i.HAL_NVIC_SetPriorityGrouping           0x08000a18   Section        0  stm32f2xx_hal_cortex.o(i.HAL_NVIC_SetPriorityGrouping)
    i.HAL_PCDEx_SetRxFiFo                    0x08000a3c   Section        0  stm32f2xx_hal_pcd_ex.o(i.HAL_PCDEx_SetRxFiFo)
    i.HAL_PCDEx_SetTxFiFo                    0x08000a44   Section        0  stm32f2xx_hal_pcd_ex.o(i.HAL_PCDEx_SetTxFiFo)
    i.HAL_PCD_ConnectCallback                0x08000a88   Section        0  usbd_conf.o(i.HAL_PCD_ConnectCallback)
    i.HAL_PCD_DataInStageCallback            0x08000a90   Section        0  usbd_conf.o(i.HAL_PCD_DataInStageCallback)
    i.HAL_PCD_DataOutStageCallback           0x08000aa2   Section        0  usbd_conf.o(i.HAL_PCD_DataOutStageCallback)
    i.HAL_PCD_DisconnectCallback             0x08000ab6   Section        0  usbd_conf.o(i.HAL_PCD_DisconnectCallback)
    i.HAL_PCD_EP_Close                       0x08000abe   Section        0  stm32f2xx_hal_pcd.o(i.HAL_PCD_EP_Close)
    i.HAL_PCD_EP_ClrStall                    0x08000b0a   Section        0  stm32f2xx_hal_pcd.o(i.HAL_PCD_EP_ClrStall)
    i.HAL_PCD_EP_GetRxCount                  0x08000b66   Section        0  stm32f2xx_hal_pcd.o(i.HAL_PCD_EP_GetRxCount)
    i.HAL_PCD_EP_Open                        0x08000b78   Section        0  stm32f2xx_hal_pcd.o(i.HAL_PCD_EP_Open)
    i.HAL_PCD_EP_Receive                     0x08000bd8   Section        0  stm32f2xx_hal_pcd.o(i.HAL_PCD_EP_Receive)
    i.HAL_PCD_EP_SetStall                    0x08000c20   Section        0  stm32f2xx_hal_pcd.o(i.HAL_PCD_EP_SetStall)
    i.HAL_PCD_EP_Transmit                    0x08000c94   Section        0  stm32f2xx_hal_pcd.o(i.HAL_PCD_EP_Transmit)
    i.HAL_PCD_IRQHandler                     0x08000cd4   Section        0  stm32f2xx_hal_pcd.o(i.HAL_PCD_IRQHandler)
    i.HAL_PCD_ISOINIncompleteCallback        0x080010f0   Section        0  usbd_conf.o(i.HAL_PCD_ISOINIncompleteCallback)
    i.HAL_PCD_ISOOUTIncompleteCallback       0x080010f8   Section        0  usbd_conf.o(i.HAL_PCD_ISOOUTIncompleteCallback)
    i.HAL_PCD_Init                           0x08001100   Section        0  stm32f2xx_hal_pcd.o(i.HAL_PCD_Init)
    i.HAL_PCD_MspInit                        0x080011e4   Section        0  usbd_conf.o(i.HAL_PCD_MspInit)
    i.HAL_PCD_ResetCallback                  0x08001268   Section        0  usbd_conf.o(i.HAL_PCD_ResetCallback)
    i.HAL_PCD_ResumeCallback                 0x08001294   Section        0  usbd_conf.o(i.HAL_PCD_ResumeCallback)
    i.HAL_PCD_SOFCallback                    0x0800129c   Section        0  usbd_conf.o(i.HAL_PCD_SOFCallback)
    i.HAL_PCD_SetAddress                     0x080012a4   Section        0  stm32f2xx_hal_pcd.o(i.HAL_PCD_SetAddress)
    i.HAL_PCD_SetupStageCallback             0x080012cc   Section        0  usbd_conf.o(i.HAL_PCD_SetupStageCallback)
    i.HAL_PCD_Start                          0x080012da   Section        0  stm32f2xx_hal_pcd.o(i.HAL_PCD_Start)
    i.HAL_PCD_SuspendCallback                0x08001304   Section        0  usbd_conf.o(i.HAL_PCD_SuspendCallback)
    i.HAL_RCC_GetHCLKFreq                    0x08001334   Section        0  stm32f2xx_hal_rcc.o(i.HAL_RCC_GetHCLKFreq)
    i.HAL_SYSTICK_Config                     0x08001340   Section        0  stm32f2xx_hal_cortex.o(i.HAL_SYSTICK_Config)
    i.HardFault_Handler                      0x08001368   Section        0  stm32f2xx_it.o(i.HardFault_Handler)
    i.IntToUnicode                           0x0800136c   Section        0  usbd_desc.o(i.IntToUnicode)
    IntToUnicode                             0x0800136d   Thumb Code    56  usbd_desc.o(i.IntToUnicode)
    i.LL_AHB1_GRP1_EnableClock               0x080013a4   Section        0  main.o(i.LL_AHB1_GRP1_EnableClock)
    LL_AHB1_GRP1_EnableClock                 0x080013a5   Thumb Code    18  main.o(i.LL_AHB1_GRP1_EnableClock)
    i.LL_SetSystemCoreClock                  0x080013bc   Section        0  stm32f2xx_ll_utils.o(i.LL_SetSystemCoreClock)
    i.MX_USB_DEVICE_Init                     0x080013c8   Section        0  usb_device.o(i.MX_USB_DEVICE_Init)
    i.MemManage_Handler                      0x0800141c   Section        0  stm32f2xx_it.o(i.MemManage_Handler)
    i.NMI_Handler                            0x0800141e   Section        0  stm32f2xx_it.o(i.NMI_Handler)
    i.OTG_FS_IRQHandler                      0x08001420   Section        0  stm32f2xx_it.o(i.OTG_FS_IRQHandler)
    i.PCD_EP_OutXfrComplete_int              0x0800142c   Section        0  stm32f2xx_hal_pcd.o(i.PCD_EP_OutXfrComplete_int)
    PCD_EP_OutXfrComplete_int                0x0800142d   Thumb Code   196  stm32f2xx_hal_pcd.o(i.PCD_EP_OutXfrComplete_int)
    i.PCD_WriteEmptyTxFifo                   0x080014f8   Section        0  stm32f2xx_hal_pcd.o(i.PCD_WriteEmptyTxFifo)
    PCD_WriteEmptyTxFifo                     0x080014f9   Thumb Code   162  stm32f2xx_hal_pcd.o(i.PCD_WriteEmptyTxFifo)
    i.PendSV_Handler                         0x0800159a   Section        0  stm32f2xx_it.o(i.PendSV_Handler)
    i.SVC_Handler                            0x0800159c   Section        0  stm32f2xx_it.o(i.SVC_Handler)
    i.SysTick_Handler                        0x0800159e   Section        0  stm32f2xx_it.o(i.SysTick_Handler)
    i.SystemClock_Config                     0x080015a4   Section        0  main.o(i.SystemClock_Config)
    i.SystemInit                             0x0800166c   Section        0  system_stm32f2xx.o(i.SystemInit)
    i.USBD_CDC_DataIn                        0x0800166e   Section        0  usbd_cdc.o(i.USBD_CDC_DataIn)
    USBD_CDC_DataIn                          0x0800166f   Thumb Code    74  usbd_cdc.o(i.USBD_CDC_DataIn)
    i.USBD_CDC_DataOut                       0x080016b8   Section        0  usbd_cdc.o(i.USBD_CDC_DataOut)
    USBD_CDC_DataOut                         0x080016b9   Thumb Code    46  usbd_cdc.o(i.USBD_CDC_DataOut)
    i.USBD_CDC_DeInit                        0x080016e6   Section        0  usbd_cdc.o(i.USBD_CDC_DeInit)
    USBD_CDC_DeInit                          0x080016e7   Thumb Code    68  usbd_cdc.o(i.USBD_CDC_DeInit)
    i.USBD_CDC_EP0_RxReady                   0x0800172a   Section        0  usbd_cdc.o(i.USBD_CDC_EP0_RxReady)
    USBD_CDC_EP0_RxReady                     0x0800172b   Thumb Code    36  usbd_cdc.o(i.USBD_CDC_EP0_RxReady)
    i.USBD_CDC_GetDeviceQualifierDescriptor  0x08001750   Section        0  usbd_cdc.o(i.USBD_CDC_GetDeviceQualifierDescriptor)
    i.USBD_CDC_GetFSCfgDesc                  0x0800175c   Section        0  usbd_cdc.o(i.USBD_CDC_GetFSCfgDesc)
    USBD_CDC_GetFSCfgDesc                    0x0800175d   Thumb Code     8  usbd_cdc.o(i.USBD_CDC_GetFSCfgDesc)
    i.USBD_CDC_GetHSCfgDesc                  0x08001768   Section        0  usbd_cdc.o(i.USBD_CDC_GetHSCfgDesc)
    USBD_CDC_GetHSCfgDesc                    0x08001769   Thumb Code     8  usbd_cdc.o(i.USBD_CDC_GetHSCfgDesc)
    i.USBD_CDC_GetOtherSpeedCfgDesc          0x08001774   Section        0  usbd_cdc.o(i.USBD_CDC_GetOtherSpeedCfgDesc)
    USBD_CDC_GetOtherSpeedCfgDesc            0x08001775   Thumb Code     8  usbd_cdc.o(i.USBD_CDC_GetOtherSpeedCfgDesc)
    i.USBD_CDC_Init                          0x08001780   Section        0  usbd_cdc.o(i.USBD_CDC_Init)
    USBD_CDC_Init                            0x08001781   Thumb Code   148  usbd_cdc.o(i.USBD_CDC_Init)
    i.USBD_CDC_ReceivePacket                 0x08001814   Section        0  usbd_cdc.o(i.USBD_CDC_ReceivePacket)
    i.USBD_CDC_RegisterInterface             0x0800183c   Section        0  usbd_cdc.o(i.USBD_CDC_RegisterInterface)
    i.USBD_CDC_SetRxBuffer                   0x0800184c   Section        0  usbd_cdc.o(i.USBD_CDC_SetRxBuffer)
    i.USBD_CDC_SetTxBuffer                   0x08001858   Section        0  usbd_cdc.o(i.USBD_CDC_SetTxBuffer)
    i.USBD_CDC_Setup                         0x08001868   Section        0  usbd_cdc.o(i.USBD_CDC_Setup)
    USBD_CDC_Setup                           0x08001869   Thumb Code   172  usbd_cdc.o(i.USBD_CDC_Setup)
    i.USBD_ClrClassConfig                    0x08001914   Section        0  usbd_core.o(i.USBD_ClrClassConfig)
    i.USBD_CtlContinueRx                     0x08001922   Section        0  usbd_ioreq.o(i.USBD_CtlContinueRx)
    i.USBD_CtlContinueSendData               0x08001932   Section        0  usbd_ioreq.o(i.USBD_CtlContinueSendData)
    i.USBD_CtlError                          0x08001942   Section        0  usbd_ctlreq.o(i.USBD_CtlError)
    i.USBD_CtlPrepareRx                      0x08001958   Section        0  usbd_ioreq.o(i.USBD_CtlPrepareRx)
    i.USBD_CtlReceiveStatus                  0x08001976   Section        0  usbd_ioreq.o(i.USBD_CtlReceiveStatus)
    i.USBD_CtlSendData                       0x0800198c   Section        0  usbd_ioreq.o(i.USBD_CtlSendData)
    i.USBD_CtlSendStatus                     0x080019a6   Section        0  usbd_ioreq.o(i.USBD_CtlSendStatus)
    i.USBD_FS_ConfigStrDescriptor            0x080019bc   Section        0  usbd_desc.o(i.USBD_FS_ConfigStrDescriptor)
    i.USBD_FS_DeviceDescriptor               0x080019dc   Section        0  usbd_desc.o(i.USBD_FS_DeviceDescriptor)
    i.USBD_FS_InterfaceStrDescriptor         0x080019e8   Section        0  usbd_desc.o(i.USBD_FS_InterfaceStrDescriptor)
    i.USBD_FS_LangIDStrDescriptor            0x08001a0c   Section        0  usbd_desc.o(i.USBD_FS_LangIDStrDescriptor)
    i.USBD_FS_ManufacturerStrDescriptor      0x08001a18   Section        0  usbd_desc.o(i.USBD_FS_ManufacturerStrDescriptor)
    i.USBD_FS_ProductStrDescriptor           0x08001a40   Section        0  usbd_desc.o(i.USBD_FS_ProductStrDescriptor)
    i.USBD_FS_SerialStrDescriptor            0x08001a6c   Section        0  usbd_desc.o(i.USBD_FS_SerialStrDescriptor)
    i.USBD_GetDescriptor                     0x08001aa4   Section        0  usbd_ctlreq.o(i.USBD_GetDescriptor)
    USBD_GetDescriptor                       0x08001aa5   Thumb Code   232  usbd_ctlreq.o(i.USBD_GetDescriptor)
    i.USBD_GetString                         0x08001b8c   Section        0  usbd_ctlreq.o(i.USBD_GetString)
    i.USBD_Get_USB_Status                    0x08001bd4   Section        0  usbd_conf.o(i.USBD_Get_USB_Status)
    i.USBD_Init                              0x08001bec   Section        0  usbd_core.o(i.USBD_Init)
    i.USBD_LL_ClearStallEP                   0x08001c16   Section        0  usbd_conf.o(i.USBD_LL_ClearStallEP)
    i.USBD_LL_CloseEP                        0x08001c28   Section        0  usbd_conf.o(i.USBD_LL_CloseEP)
    i.USBD_LL_DataInStage                    0x08001c3a   Section        0  usbd_core.o(i.USBD_LL_DataInStage)
    i.USBD_LL_DataOutStage                   0x08001d00   Section        0  usbd_core.o(i.USBD_LL_DataOutStage)
    i.USBD_LL_DevConnected                   0x08001d82   Section        0  usbd_core.o(i.USBD_LL_DevConnected)
    i.USBD_LL_DevDisconnected                0x08001d86   Section        0  usbd_core.o(i.USBD_LL_DevDisconnected)
    i.USBD_LL_GetRxDataSize                  0x08001d9c   Section        0  usbd_conf.o(i.USBD_LL_GetRxDataSize)
    i.USBD_LL_Init                           0x08001da4   Section        0  usbd_conf.o(i.USBD_LL_Init)
    i.USBD_LL_IsStallEP                      0x08001e00   Section        0  usbd_conf.o(i.USBD_LL_IsStallEP)
    i.USBD_LL_IsoINIncomplete                0x08001e20   Section        0  usbd_core.o(i.USBD_LL_IsoINIncomplete)
    i.USBD_LL_IsoOUTIncomplete               0x08001e24   Section        0  usbd_core.o(i.USBD_LL_IsoOUTIncomplete)
    i.USBD_LL_OpenEP                         0x08001e28   Section        0  usbd_conf.o(i.USBD_LL_OpenEP)
    i.USBD_LL_PrepareReceive                 0x08001e40   Section        0  usbd_conf.o(i.USBD_LL_PrepareReceive)
    i.USBD_LL_Reset                          0x08001e52   Section        0  usbd_core.o(i.USBD_LL_Reset)
    i.USBD_LL_Resume                         0x08001ea2   Section        0  usbd_core.o(i.USBD_LL_Resume)
    i.USBD_LL_SOF                            0x08001eb6   Section        0  usbd_core.o(i.USBD_LL_SOF)
    i.USBD_LL_SetSpeed                       0x08001ece   Section        0  usbd_core.o(i.USBD_LL_SetSpeed)
    i.USBD_LL_SetUSBAddress                  0x08001ed4   Section        0  usbd_conf.o(i.USBD_LL_SetUSBAddress)
    i.USBD_LL_SetupStage                     0x08001ee6   Section        0  usbd_core.o(i.USBD_LL_SetupStage)
    i.USBD_LL_StallEP                        0x08001f40   Section        0  usbd_conf.o(i.USBD_LL_StallEP)
    i.USBD_LL_Start                          0x08001f52   Section        0  usbd_conf.o(i.USBD_LL_Start)
    i.USBD_LL_Suspend                        0x08001f64   Section        0  usbd_core.o(i.USBD_LL_Suspend)
    i.USBD_LL_Transmit                       0x08001f76   Section        0  usbd_conf.o(i.USBD_LL_Transmit)
    i.USBD_ParseSetupRequest                 0x08001f88   Section        0  usbd_ctlreq.o(i.USBD_ParseSetupRequest)
    i.USBD_RegisterClass                     0x08001fb0   Section        0  usbd_core.o(i.USBD_RegisterClass)
    i.USBD_SetClassConfig                    0x08001fc0   Section        0  usbd_core.o(i.USBD_SetClassConfig)
    i.USBD_SetConfig                         0x08001fd8   Section        0  usbd_ctlreq.o(i.USBD_SetConfig)
    USBD_SetConfig                           0x08001fd9   Thumb Code   128  usbd_ctlreq.o(i.USBD_SetConfig)
    i.USBD_Start                             0x0800205c   Section        0  usbd_core.o(i.USBD_Start)
    i.USBD_StdDevReq                         0x08002066   Section        0  usbd_ctlreq.o(i.USBD_StdDevReq)
    i.USBD_StdEPReq                          0x08002178   Section        0  usbd_ctlreq.o(i.USBD_StdEPReq)
    i.USBD_StdItfReq                         0x080022c8   Section        0  usbd_ctlreq.o(i.USBD_StdItfReq)
    i.USB_ActivateEndpoint                   0x08002318   Section        0  stm32f2xx_ll_usb.o(i.USB_ActivateEndpoint)
    i.USB_ActivateSetup                      0x08002398   Section        0  stm32f2xx_ll_usb.o(i.USB_ActivateSetup)
    i.USB_CoreInit                           0x080023b4   Section        0  stm32f2xx_ll_usb.o(i.USB_CoreInit)
    i.USB_CoreReset                          0x08002420   Section        0  stm32f2xx_ll_usb.o(i.USB_CoreReset)
    USB_CoreReset                            0x08002421   Thumb Code    50  stm32f2xx_ll_usb.o(i.USB_CoreReset)
    i.USB_DeactivateEndpoint                 0x08002458   Section        0  stm32f2xx_ll_usb.o(i.USB_DeactivateEndpoint)
    i.USB_DevConnect                         0x08002524   Section        0  stm32f2xx_ll_usb.o(i.USB_DevConnect)
    i.USB_DevDisconnect                      0x08002540   Section        0  stm32f2xx_ll_usb.o(i.USB_DevDisconnect)
    i.USB_DevInit                            0x0800255c   Section        0  stm32f2xx_ll_usb.o(i.USB_DevInit)
    i.USB_DisableGlobalInt                   0x080026d0   Section        0  stm32f2xx_ll_usb.o(i.USB_DisableGlobalInt)
    i.USB_EP0StartXfer                       0x080026dc   Section        0  stm32f2xx_ll_usb.o(i.USB_EP0StartXfer)
    i.USB_EP0_OutStart                       0x080027f4   Section        0  stm32f2xx_ll_usb.o(i.USB_EP0_OutStart)
    i.USB_EPClearStall                       0x0800284c   Section        0  stm32f2xx_ll_usb.o(i.USB_EPClearStall)
    i.USB_EPSetStall                         0x080028a4   Section        0  stm32f2xx_ll_usb.o(i.USB_EPSetStall)
    i.USB_EPStartXfer                        0x080028fc   Section        0  stm32f2xx_ll_usb.o(i.USB_EPStartXfer)
    i.USB_EnableGlobalInt                    0x08002ae4   Section        0  stm32f2xx_ll_usb.o(i.USB_EnableGlobalInt)
    i.USB_FlushRxFifo                        0x08002af0   Section        0  stm32f2xx_ll_usb.o(i.USB_FlushRxFifo)
    i.USB_FlushTxFifo                        0x08002b10   Section        0  stm32f2xx_ll_usb.o(i.USB_FlushTxFifo)
    i.USB_GetDevSpeed                        0x08002b34   Section        0  stm32f2xx_ll_usb.o(i.USB_GetDevSpeed)
    i.USB_GetMode                            0x08002b4e   Section        0  stm32f2xx_ll_usb.o(i.USB_GetMode)
    i.USB_ReadDevAllInEpInterrupt            0x08002b56   Section        0  stm32f2xx_ll_usb.o(i.USB_ReadDevAllInEpInterrupt)
    i.USB_ReadDevAllOutEpInterrupt           0x08002b64   Section        0  stm32f2xx_ll_usb.o(i.USB_ReadDevAllOutEpInterrupt)
    i.USB_ReadDevInEPInterrupt               0x08002b72   Section        0  stm32f2xx_ll_usb.o(i.USB_ReadDevInEPInterrupt)
    i.USB_ReadDevOutEPInterrupt              0x08002b96   Section        0  stm32f2xx_ll_usb.o(i.USB_ReadDevOutEPInterrupt)
    i.USB_ReadInterrupts                     0x08002ba6   Section        0  stm32f2xx_ll_usb.o(i.USB_ReadInterrupts)
    i.USB_ReadPacket                         0x08002bae   Section        0  stm32f2xx_ll_usb.o(i.USB_ReadPacket)
    i.USB_SetCurrentMode                     0x08002bec   Section        0  stm32f2xx_ll_usb.o(i.USB_SetCurrentMode)
    i.USB_SetDevAddress                      0x08002c48   Section        0  stm32f2xx_ll_usb.o(i.USB_SetDevAddress)
    i.USB_SetTurnaroundTime                  0x08002c6c   Section        0  stm32f2xx_ll_usb.o(i.USB_SetTurnaroundTime)
    i.USB_WritePacket                        0x08002d54   Section        0  stm32f2xx_ll_usb.o(i.USB_WritePacket)
    i.UsageFault_Handler                     0x08002d7c   Section        0  stm32f2xx_it.o(i.UsageFault_Handler)
    i.__NVIC_SetPriority                     0x08002d7e   Section        0  stm32f2xx_hal_cortex.o(i.__NVIC_SetPriority)
    __NVIC_SetPriority                       0x08002d7f   Thumb Code    32  stm32f2xx_hal_cortex.o(i.__NVIC_SetPriority)
    i.main                                   0x08002d9e   Section        0  main.o(i.main)
    .data                                    0x20000000   Section       28  usbd_desc.o(.data)
    .data                                    0x2000001c   Section       50  usbd_desc.o(.data)
    .data                                    0x20000050   Section       16  usbd_cdc_if.o(.data)
    .data                                    0x20000060   Section       12  stm32f2xx_hal.o(.data)
    .data                                    0x2000006c   Section        4  system_stm32f2xx.o(.data)
    .data                                    0x20000070   Section        1  usbd_ctlreq.o(.data)
    cfgidx                                   0x20000070   Data           1  usbd_ctlreq.o(.data)
    .data                                    0x20000074   Section      215  usbd_cdc.o(.data)
    USBD_CDC_DeviceQualifierDesc             0x20000074   Data          10  usbd_cdc.o(.data)
    .data                                    0x2000014c   Section       56  usbd_cdc.o(.data)
    .bss                                     0x20000184   Section      708  usb_device.o(.bss)
    .bss                                     0x20000448   Section      512  usbd_desc.o(.bss)
    .bss                                     0x20000648   Section     4096  usbd_cdc_if.o(.bss)
    .bss                                     0x20001648   Section     1024  usbd_conf.o(.bss)
    .bss                                     0x20001a48   Section       96  libspace.o(.bss)
    HEAP                                     0x20001aa8   Section     8192  startup_stm32f207xx.o(HEAP)
    Heap_Mem                                 0x20001aa8   Data        8192  startup_stm32f207xx.o(HEAP)
    STACK                                    0x20003aa8   Section    16384  startup_stm32f207xx.o(STACK)
    Stack_Mem                                0x20003aa8   Data       16384  startup_stm32f207xx.o(STACK)
    __initial_sp                             0x20007aa8   Data           0  startup_stm32f207xx.o(STACK)

    Global Symbols

    Symbol Name                              Value     Ov Type        Size  Object(Section)

    BuildAttributes$$THM_ISAv4$P$D$K$B$S$PE$A:L22UL41UL21$X:L11$S22US41US21$IEEE1$IW$USESV6$~STKCKD$USESV7$~SHL$OTIME$ROPI$EBA8$UX$STANDARDLIB$REQ8$PRES8$EABIv2 0x00000000   Number         0  anon$$obj.o ABSOLUTE
    __ARM_use_no_argv                        0x00000000   Number         0  main.o ABSOLUTE
    __ARM_exceptions_init                     - Undefined Weak Reference
    __alloca_initialize                       - Undefined Weak Reference
    __arm_preinit_                            - Undefined Weak Reference
    __cpp_initialize__aeabi_                  - Undefined Weak Reference
    __cxa_finalize                            - Undefined Weak Reference
    __rt_locale                               - Undefined Weak Reference
    __sigvec_lookup                           - Undefined Weak Reference
    __user_heap_extent                        - Undefined Weak Reference
    _atexit_init                              - Undefined Weak Reference
    _call_atexit_fns                          - Undefined Weak Reference
    _clock_init                               - Undefined Weak Reference
    _fp_trap_init                             - Undefined Weak Reference
    _fp_trap_shutdown                         - Undefined Weak Reference
    _get_lc_collate                           - Undefined Weak Reference
    _get_lc_ctype                             - Undefined Weak Reference
    _get_lc_monetary                          - Undefined Weak Reference
    _get_lc_numeric                           - Undefined Weak Reference
    _get_lc_time                              - Undefined Weak Reference
    _getenv_init                              - Undefined Weak Reference
    _handle_redirection                       - Undefined Weak Reference
    _initio                                   - Undefined Weak Reference
    _mutex_acquire                            - Undefined Weak Reference
    _mutex_free                               - Undefined Weak Reference
    _mutex_release                            - Undefined Weak Reference
    _rand_init                                - Undefined Weak Reference
    _signal_finish                            - Undefined Weak Reference
    _signal_init                              - Undefined Weak Reference
    _terminateio                              - Undefined Weak Reference
    __Vectors_Size                           0x00000184   Number         0  startup_stm32f207xx.o ABSOLUTE
    __Vectors                                0x08000000   Data           4  startup_stm32f207xx.o(RESET)
    __Vectors_End                            0x08000184   Data           0  startup_stm32f207xx.o(RESET)
    __main                                   0x08000185   Thumb Code     8  __main.o(!!!main)
    __scatterload                            0x0800018d   Thumb Code     0  __scatter.o(!!!scatter)
    __scatterload_rt2                        0x0800018d   Thumb Code    44  __scatter.o(!!!scatter)
    __scatterload_rt2_thumb_only             0x0800018d   Thumb Code     0  __scatter.o(!!!scatter)
    __scatterload_null                       0x0800019b   Thumb Code     0  __scatter.o(!!!scatter)
    __decompress                             0x080001c1   Thumb Code    90  __dczerorl2.o(!!dczerorl2)
    __decompress1                            0x080001c1   Thumb Code     0  __dczerorl2.o(!!dczerorl2)
    __scatterload_zeroinit                   0x0800021d   Thumb Code    28  __scatter_zi.o(!!handler_zi)
    __rt_lib_init                            0x08000239   Thumb Code     0  libinit.o(.ARM.Collect$$libinit$$00000000)
    __rt_lib_init_fp_1                       0x0800023b   Thumb Code     0  libinit2.o(.ARM.Collect$$libinit$$00000002)
    __rt_lib_init_heap_2                     0x0800023b   Thumb Code     0  libinit2.o(.ARM.Collect$$libinit$$00000005)
    __rt_lib_init_preinit_1                  0x0800023b   Thumb Code     0  libinit2.o(.ARM.Collect$$libinit$$00000004)
    __rt_lib_init_alloca_1                   0x08000243   Thumb Code     0  libinit2.o(.ARM.Collect$$libinit$$0000002E)
    __rt_lib_init_argv_1                     0x08000243   Thumb Code     0  libinit2.o(.ARM.Collect$$libinit$$0000002C)
    __rt_lib_init_atexit_1                   0x08000243   Thumb Code     0  libinit2.o(.ARM.Collect$$libinit$$0000001B)
    __rt_lib_init_clock_1                    0x08000243   Thumb Code     0  libinit2.o(.ARM.Collect$$libinit$$00000021)
    __rt_lib_init_cpp_1                      0x08000243   Thumb Code     0  libinit2.o(.ARM.Collect$$libinit$$00000032)
    __rt_lib_init_exceptions_1               0x08000243   Thumb Code     0  libinit2.o(.ARM.Collect$$libinit$$00000030)
    __rt_lib_init_fp_trap_1                  0x08000243   Thumb Code     0  libinit2.o(.ARM.Collect$$libinit$$0000001F)
    __rt_lib_init_getenv_1                   0x08000243   Thumb Code     0  libinit2.o(.ARM.Collect$$libinit$$00000023)
    __rt_lib_init_heap_1                     0x08000243   Thumb Code     0  libinit2.o(.ARM.Collect$$libinit$$0000000A)
    __rt_lib_init_lc_collate_1               0x08000243   Thumb Code     0  libinit2.o(.ARM.Collect$$libinit$$00000011)
    __rt_lib_init_lc_ctype_1                 0x08000243   Thumb Code     0  libinit2.o(.ARM.Collect$$libinit$$00000013)
    __rt_lib_init_lc_monetary_1              0x08000243   Thumb Code     0  libinit2.o(.ARM.Collect$$libinit$$00000015)
    __rt_lib_init_lc_numeric_1               0x08000243   Thumb Code     0  libinit2.o(.ARM.Collect$$libinit$$00000017)
    __rt_lib_init_lc_time_1                  0x08000243   Thumb Code     0  libinit2.o(.ARM.Collect$$libinit$$00000019)
    __rt_lib_init_rand_1                     0x08000243   Thumb Code     0  libinit2.o(.ARM.Collect$$libinit$$0000000E)
    __rt_lib_init_return                     0x08000243   Thumb Code     0  libinit2.o(.ARM.Collect$$libinit$$00000033)
    __rt_lib_init_signal_1                   0x08000243   Thumb Code     0  libinit2.o(.ARM.Collect$$libinit$$0000001D)
    __rt_lib_init_stdio_1                    0x08000243   Thumb Code     0  libinit2.o(.ARM.Collect$$libinit$$00000025)
    __rt_lib_init_user_alloc_1               0x08000243   Thumb Code     0  libinit2.o(.ARM.Collect$$libinit$$0000000C)
    __rt_lib_shutdown                        0x08000245   Thumb Code     0  libshutdown.o(.ARM.Collect$$libshutdown$$00000000)
    __rt_lib_shutdown_cpp_1                  0x08000247   Thumb Code     0  libshutdown2.o(.ARM.Collect$$libshutdown$$00000002)
    __rt_lib_shutdown_fp_trap_1              0x08000247   Thumb Code     0  libshutdown2.o(.ARM.Collect$$libshutdown$$00000007)
    __rt_lib_shutdown_heap_1                 0x08000247   Thumb Code     0  libshutdown2.o(.ARM.Collect$$libshutdown$$0000000F)
    __rt_lib_shutdown_return                 0x08000247   Thumb Code     0  libshutdown2.o(.ARM.Collect$$libshutdown$$00000010)
    __rt_lib_shutdown_signal_1               0x08000247   Thumb Code     0  libshutdown2.o(.ARM.Collect$$libshutdown$$0000000A)
    __rt_lib_shutdown_stdio_1                0x08000247   Thumb Code     0  libshutdown2.o(.ARM.Collect$$libshutdown$$00000004)
    __rt_lib_shutdown_user_alloc_1           0x08000247   Thumb Code     0  libshutdown2.o(.ARM.Collect$$libshutdown$$0000000C)
    __rt_entry                               0x08000249   Thumb Code     0  __rtentry.o(.ARM.Collect$$rtentry$$00000000)
    __rt_entry_presh_1                       0x08000249   Thumb Code     0  __rtentry2.o(.ARM.Collect$$rtentry$$00000002)
    __rt_entry_sh                            0x08000249   Thumb Code     0  __rtentry4.o(.ARM.Collect$$rtentry$$00000004)
    __rt_entry_li                            0x0800024f   Thumb Code     0  __rtentry2.o(.ARM.Collect$$rtentry$$0000000A)
    __rt_entry_postsh_1                      0x0800024f   Thumb Code     0  __rtentry2.o(.ARM.Collect$$rtentry$$00000009)
    __rt_entry_main                          0x08000253   Thumb Code     0  __rtentry2.o(.ARM.Collect$$rtentry$$0000000D)
    __rt_entry_postli_1                      0x08000253   Thumb Code     0  __rtentry2.o(.ARM.Collect$$rtentry$$0000000C)
    __rt_exit                                0x0800025b   Thumb Code     0  rtexit.o(.ARM.Collect$$rtexit$$00000000)
    __rt_exit_ls                             0x0800025d   Thumb Code     0  rtexit2.o(.ARM.Collect$$rtexit$$00000003)
    __rt_exit_prels_1                        0x0800025d   Thumb Code     0  rtexit2.o(.ARM.Collect$$rtexit$$00000002)
    __rt_exit_exit                           0x08000261   Thumb Code     0  rtexit2.o(.ARM.Collect$$rtexit$$00000004)
    Reset_Handler                            0x08000269   Thumb Code     8  startup_stm32f207xx.o(.text)
    _maybe_terminate_alloc                   0x08000269   Thumb Code     0  maybetermalloc1.o(.emb_text)
    ADC_IRQHandler                           0x08000283   Thumb Code     0  startup_stm32f207xx.o(.text)
    CAN1_RX0_IRQHandler                      0x08000283   Thumb Code     0  startup_stm32f207xx.o(.text)
    CAN1_RX1_IRQHandler                      0x08000283   Thumb Code     0  startup_stm32f207xx.o(.text)
    CAN1_SCE_IRQHandler                      0x08000283   Thumb Code     0  startup_stm32f207xx.o(.text)
    CAN1_TX_IRQHandler                       0x08000283   Thumb Code     0  startup_stm32f207xx.o(.text)
    CAN2_RX0_IRQHandler                      0x08000283   Thumb Code     0  startup_stm32f207xx.o(.text)
    CAN2_RX1_IRQHandler                      0x08000283   Thumb Code     0  startup_stm32f207xx.o(.text)
    CAN2_SCE_IRQHandler                      0x08000283   Thumb Code     0  startup_stm32f207xx.o(.text)
    CAN2_TX_IRQHandler                       0x08000283   Thumb Code     0  startup_stm32f207xx.o(.text)
    DCMI_IRQHandler                          0x08000283   Thumb Code     0  startup_stm32f207xx.o(.text)
    DMA1_Stream0_IRQHandler                  0x08000283   Thumb Code     0  startup_stm32f207xx.o(.text)
    DMA1_Stream1_IRQHandler                  0x08000283   Thumb Code     0  startup_stm32f207xx.o(.text)
    DMA1_Stream2_IRQHandler                  0x08000283   Thumb Code     0  startup_stm32f207xx.o(.text)
    DMA1_Stream3_IRQHandler                  0x08000283   Thumb Code     0  startup_stm32f207xx.o(.text)
    DMA1_Stream4_IRQHandler                  0x08000283   Thumb Code     0  startup_stm32f207xx.o(.text)
    DMA1_Stream5_IRQHandler                  0x08000283   Thumb Code     0  startup_stm32f207xx.o(.text)
    DMA1_Stream6_IRQHandler                  0x08000283   Thumb Code     0  startup_stm32f207xx.o(.text)
    DMA1_Stream7_IRQHandler                  0x08000283   Thumb Code     0  startup_stm32f207xx.o(.text)
    DMA2_Stream0_IRQHandler                  0x08000283   Thumb Code     0  startup_stm32f207xx.o(.text)
    DMA2_Stream1_IRQHandler                  0x08000283   Thumb Code     0  startup_stm32f207xx.o(.text)
    DMA2_Stream2_IRQHandler                  0x08000283   Thumb Code     0  startup_stm32f207xx.o(.text)
    DMA2_Stream3_IRQHandler                  0x08000283   Thumb Code     0  startup_stm32f207xx.o(.text)
    DMA2_Stream4_IRQHandler                  0x08000283   Thumb Code     0  startup_stm32f207xx.o(.text)
    DMA2_Stream5_IRQHandler                  0x08000283   Thumb Code     0  startup_stm32f207xx.o(.text)
    DMA2_Stream6_IRQHandler                  0x08000283   Thumb Code     0  startup_stm32f207xx.o(.text)
    DMA2_Stream7_IRQHandler                  0x08000283   Thumb Code     0  startup_stm32f207xx.o(.text)
    ETH_IRQHandler                           0x08000283   Thumb Code     0  startup_stm32f207xx.o(.text)
    ETH_WKUP_IRQHandler                      0x08000283   Thumb Code     0  startup_stm32f207xx.o(.text)
    EXTI0_IRQHandler                         0x08000283   Thumb Code     0  startup_stm32f207xx.o(.text)
    EXTI15_10_IRQHandler                     0x08000283   Thumb Code     0  startup_stm32f207xx.o(.text)
    EXTI1_IRQHandler                         0x08000283   Thumb Code     0  startup_stm32f207xx.o(.text)
    EXTI2_IRQHandler                         0x08000283   Thumb Code     0  startup_stm32f207xx.o(.text)
    EXTI3_IRQHandler                         0x08000283   Thumb Code     0  startup_stm32f207xx.o(.text)
    EXTI4_IRQHandler                         0x08000283   Thumb Code     0  startup_stm32f207xx.o(.text)
    EXTI9_5_IRQHandler                       0x08000283   Thumb Code     0  startup_stm32f207xx.o(.text)
    FLASH_IRQHandler                         0x08000283   Thumb Code     0  startup_stm32f207xx.o(.text)
    FSMC_IRQHandler                          0x08000283   Thumb Code     0  startup_stm32f207xx.o(.text)
    HASH_RNG_IRQHandler                      0x08000283   Thumb Code     0  startup_stm32f207xx.o(.text)
    I2C1_ER_IRQHandler                       0x08000283   Thumb Code     0  startup_stm32f207xx.o(.text)
    I2C1_EV_IRQHandler                       0x08000283   Thumb Code     0  startup_stm32f207xx.o(.text)
    I2C2_ER_IRQHandler                       0x08000283   Thumb Code     0  startup_stm32f207xx.o(.text)
    I2C2_EV_IRQHandler                       0x08000283   Thumb Code     0  startup_stm32f207xx.o(.text)
    I2C3_ER_IRQHandler                       0x08000283   Thumb Code     0  startup_stm32f207xx.o(.text)
    I2C3_EV_IRQHandler                       0x08000283   Thumb Code     0  startup_stm32f207xx.o(.text)
    OTG_FS_WKUP_IRQHandler                   0x08000283   Thumb Code     0  startup_stm32f207xx.o(.text)
    OTG_HS_EP1_IN_IRQHandler                 0x08000283   Thumb Code     0  startup_stm32f207xx.o(.text)
    OTG_HS_EP1_OUT_IRQHandler                0x08000283   Thumb Code     0  startup_stm32f207xx.o(.text)
    OTG_HS_IRQHandler                        0x08000283   Thumb Code     0  startup_stm32f207xx.o(.text)
    OTG_HS_WKUP_IRQHandler                   0x08000283   Thumb Code     0  startup_stm32f207xx.o(.text)
    PVD_IRQHandler                           0x08000283   Thumb Code     0  startup_stm32f207xx.o(.text)
    RCC_IRQHandler                           0x08000283   Thumb Code     0  startup_stm32f207xx.o(.text)
    RTC_Alarm_IRQHandler                     0x08000283   Thumb Code     0  startup_stm32f207xx.o(.text)
    RTC_WKUP_IRQHandler                      0x08000283   Thumb Code     0  startup_stm32f207xx.o(.text)
    SDIO_IRQHandler                          0x08000283   Thumb Code     0  startup_stm32f207xx.o(.text)
    SPI1_IRQHandler                          0x08000283   Thumb Code     0  startup_stm32f207xx.o(.text)
    SPI2_IRQHandler                          0x08000283   Thumb Code     0  startup_stm32f207xx.o(.text)
    SPI3_IRQHandler                          0x08000283   Thumb Code     0  startup_stm32f207xx.o(.text)
    TAMP_STAMP_IRQHandler                    0x08000283   Thumb Code     0  startup_stm32f207xx.o(.text)
    TIM1_BRK_TIM9_IRQHandler                 0x08000283   Thumb Code     0  startup_stm32f207xx.o(.text)
    TIM1_CC_IRQHandler                       0x08000283   Thumb Code     0  startup_stm32f207xx.o(.text)
    TIM1_TRG_COM_TIM11_IRQHandler            0x08000283   Thumb Code     0  startup_stm32f207xx.o(.text)
    TIM1_UP_TIM10_IRQHandler                 0x08000283   Thumb Code     0  startup_stm32f207xx.o(.text)
    TIM2_IRQHandler                          0x08000283   Thumb Code     0  startup_stm32f207xx.o(.text)
    TIM3_IRQHandler                          0x08000283   Thumb Code     0  startup_stm32f207xx.o(.text)
    TIM4_IRQHandler                          0x08000283   Thumb Code     0  startup_stm32f207xx.o(.text)
    TIM5_IRQHandler                          0x08000283   Thumb Code     0  startup_stm32f207xx.o(.text)
    TIM6_DAC_IRQHandler                      0x08000283   Thumb Code     0  startup_stm32f207xx.o(.text)
    TIM7_IRQHandler                          0x08000283   Thumb Code     0  startup_stm32f207xx.o(.text)
    TIM8_BRK_TIM12_IRQHandler                0x08000283   Thumb Code     0  startup_stm32f207xx.o(.text)
    TIM8_CC_IRQHandler                       0x08000283   Thumb Code     0  startup_stm32f207xx.o(.text)
    TIM8_TRG_COM_TIM14_IRQHandler            0x08000283   Thumb Code     0  startup_stm32f207xx.o(.text)
    TIM8_UP_TIM13_IRQHandler                 0x08000283   Thumb Code     0  startup_stm32f207xx.o(.text)
    UART4_IRQHandler                         0x08000283   Thumb Code     0  startup_stm32f207xx.o(.text)
    UART5_IRQHandler                         0x08000283   Thumb Code     0  startup_stm32f207xx.o(.text)
    USART1_IRQHandler                        0x08000283   Thumb Code     0  startup_stm32f207xx.o(.text)
    USART2_IRQHandler                        0x08000283   Thumb Code     0  startup_stm32f207xx.o(.text)
    USART3_IRQHandler                        0x08000283   Thumb Code     0  startup_stm32f207xx.o(.text)
    USART6_IRQHandler                        0x08000283   Thumb Code     0  startup_stm32f207xx.o(.text)
    WWDG_IRQHandler                          0x08000283   Thumb Code     0  startup_stm32f207xx.o(.text)
    __user_initial_stackheap                 0x08000285   Thumb Code     0  startup_stm32f207xx.o(.text)
    malloc                                   0x080002a9   Thumb Code    94  h1_alloc.o(.text)
    free                                     0x08000307   Thumb Code    78  h1_free.o(.text)
    __aeabi_memcpy4                          0x08000355   Thumb Code     0  rt_memcpy_w.o(.text)
    __aeabi_memcpy8                          0x08000355   Thumb Code     0  rt_memcpy_w.o(.text)
    __rt_memcpy_w                            0x08000355   Thumb Code   100  rt_memcpy_w.o(.text)
    _memcpy_lastbytes_aligned                0x0800039d   Thumb Code     0  rt_memcpy_w.o(.text)
    __aeabi_memclr4                          0x080003b9   Thumb Code     0  rt_memclr_w.o(.text)
    __aeabi_memclr8                          0x080003b9   Thumb Code     0  rt_memclr_w.o(.text)
    __rt_memclr_w                            0x080003b9   Thumb Code    78  rt_memclr_w.o(.text)
    _memset_w                                0x080003bd   Thumb Code     0  rt_memclr_w.o(.text)
    __use_two_region_memory                  0x08000407   Thumb Code     2  heapauxi.o(.text)
    __rt_heap_escrow                         0x08000409   Thumb Code     2  heapauxi.o(.text)
    __rt_heap_expand                         0x0800040b   Thumb Code     2  heapauxi.o(.text)
    __rt_heap_descriptor                     0x0800040d   Thumb Code     8  rt_heap_descriptor_intlibspace.o(.text)
    __use_no_heap                            0x08000415   Thumb Code     2  hguard.o(.text)
    __heap$guard                             0x08000417   Thumb Code     2  hguard.o(.text)
    _terminate_user_alloc                    0x08000419   Thumb Code     2  init_alloc.o(.text)
    _init_user_alloc                         0x0800041b   Thumb Code     2  init_alloc.o(.text)
    __Heap_Full                              0x0800041d   Thumb Code    34  init_alloc.o(.text)
    __Heap_Broken                            0x0800043f   Thumb Code     6  init_alloc.o(.text)
    _init_alloc                              0x08000445   Thumb Code    94  init_alloc.o(.text)
    __Heap_Initialize                        0x080004a3   Thumb Code    10  h1_init.o(.text)
    __Heap_DescSize                          0x080004ad   Thumb Code     4  h1_init.o(.text)
    __user_libspace                          0x080004b1   Thumb Code     8  libspace.o(.text)
    __user_perproc_libspace                  0x080004b1   Thumb Code     0  libspace.o(.text)
    __user_perthread_libspace                0x080004b1   Thumb Code     0  libspace.o(.text)
    __Heap_ProvideMemory                     0x080004b9   Thumb Code    52  h1_extend.o(.text)
    __rt_SIGRTMEM                            0x080004ed   Thumb Code    14  defsig_rtmem_outer.o(.text)
    __I$use$semihosting                      0x080004fb   Thumb Code     0  use_no_semi.o(.text)
    __use_no_semihosting_swi                 0x080004fb   Thumb Code     2  use_no_semi.o(.text)
    __semihosting_library_function           0x080004fd   Thumb Code     0  indicate_semi.o(.text)
    __user_setup_stackheap                   0x080004fd   Thumb Code    74  sys_stackheap_outer.o(.text)
    exit                                     0x08000547   Thumb Code    18  exit.o(.text)
    __sig_exit                               0x08000559   Thumb Code    10  defsig_exit.o(.text)
    __rt_SIGRTMEM_inner                      0x08000565   Thumb Code    22  defsig_rtmem_inner.o(.text)
    _sys_exit                                0x080005b5   Thumb Code     8  sys_exit.o(.text)
    __default_signal_display                 0x080005c1   Thumb Code    50  defsig_general.o(.text)
    _ttywrch                                 0x080005f3   Thumb Code    14  sys_wrch.o(.text)
    BusFault_Handler                         0x08000601   Thumb Code     2  stm32f2xx_it.o(i.BusFault_Handler)
    DebugMon_Handler                         0x08000649   Thumb Code     2  stm32f2xx_it.o(i.DebugMon_Handler)
    Error_Handler                            0x0800064b   Thumb Code     4  main.o(i.Error_Handler)
    HAL_Delay                                0x08000651   Thumb Code    32  stm32f2xx_hal.o(i.HAL_Delay)
    HAL_GPIO_Init                            0x08000675   Thumb Code   598  stm32f2xx_hal_gpio.o(i.HAL_GPIO_Init)
    HAL_GetTick                              0x080008fd   Thumb Code     6  stm32f2xx_hal.o(i.HAL_GetTick)
    HAL_IncTick                              0x08000909   Thumb Code    12  stm32f2xx_hal.o(i.HAL_IncTick)
    HAL_Init                                 0x08000919   Thumb Code    48  stm32f2xx_hal.o(i.HAL_Init)
    HAL_InitTick                             0x0800094d   Thumb Code    54  stm32f2xx_hal.o(i.HAL_InitTick)
    HAL_MspInit                              0x0800098d   Thumb Code    42  stm32f2xx_hal_msp.o(i.HAL_MspInit)
    HAL_NVIC_EnableIRQ                       0x080009bd   Thumb Code    26  stm32f2xx_hal_cortex.o(i.HAL_NVIC_EnableIRQ)
    HAL_NVIC_SetPriority                     0x080009d9   Thumb Code    60  stm32f2xx_hal_cortex.o(i.HAL_NVIC_SetPriority)
    HAL_NVIC_SetPriorityGrouping             0x08000a19   Thumb Code    26  stm32f2xx_hal_cortex.o(i.HAL_NVIC_SetPriorityGrouping)
    HAL_PCDEx_SetRxFiFo                      0x08000a3d   Thumb Code     8  stm32f2xx_hal_pcd_ex.o(i.HAL_PCDEx_SetRxFiFo)
    HAL_PCDEx_SetTxFiFo                      0x08000a45   Thumb Code    68  stm32f2xx_hal_pcd_ex.o(i.HAL_PCDEx_SetTxFiFo)
    HAL_PCD_ConnectCallback                  0x08000a89   Thumb Code     8  usbd_conf.o(i.HAL_PCD_ConnectCallback)
    HAL_PCD_DataInStageCallback              0x08000a91   Thumb Code    18  usbd_conf.o(i.HAL_PCD_DataInStageCallback)
    HAL_PCD_DataOutStageCallback             0x08000aa3   Thumb Code    20  usbd_conf.o(i.HAL_PCD_DataOutStageCallback)
    HAL_PCD_DisconnectCallback               0x08000ab7   Thumb Code     8  usbd_conf.o(i.HAL_PCD_DisconnectCallback)
    HAL_PCD_EP_Close                         0x08000abf   Thumb Code    76  stm32f2xx_hal_pcd.o(i.HAL_PCD_EP_Close)
    HAL_PCD_EP_ClrStall                      0x08000b0b   Thumb Code    92  stm32f2xx_hal_pcd.o(i.HAL_PCD_EP_ClrStall)
    HAL_PCD_EP_GetRxCount                    0x08000b67   Thumb Code    18  stm32f2xx_hal_pcd.o(i.HAL_PCD_EP_GetRxCount)
    HAL_PCD_EP_Open                          0x08000b79   Thumb Code    96  stm32f2xx_hal_pcd.o(i.HAL_PCD_EP_Open)
    HAL_PCD_EP_Receive                       0x08000bd9   Thumb Code    72  stm32f2xx_hal_pcd.o(i.HAL_PCD_EP_Receive)
    HAL_PCD_EP_SetStall                      0x08000c21   Thumb Code   116  stm32f2xx_hal_pcd.o(i.HAL_PCD_EP_SetStall)
    HAL_PCD_EP_Transmit                      0x08000c95   Thumb Code    64  stm32f2xx_hal_pcd.o(i.HAL_PCD_EP_Transmit)
    HAL_PCD_IRQHandler                       0x08000cd5   Thumb Code  1046  stm32f2xx_hal_pcd.o(i.HAL_PCD_IRQHandler)
    HAL_PCD_ISOINIncompleteCallback          0x080010f1   Thumb Code     8  usbd_conf.o(i.HAL_PCD_ISOINIncompleteCallback)
    HAL_PCD_ISOOUTIncompleteCallback         0x080010f9   Thumb Code     8  usbd_conf.o(i.HAL_PCD_ISOOUTIncompleteCallback)
    HAL_PCD_Init                             0x08001101   Thumb Code   226  stm32f2xx_hal_pcd.o(i.HAL_PCD_Init)
    HAL_PCD_MspInit                          0x080011e5   Thumb Code   122  usbd_conf.o(i.HAL_PCD_MspInit)
    HAL_PCD_ResetCallback                    0x08001269   Thumb Code    44  usbd_conf.o(i.HAL_PCD_ResetCallback)
    HAL_PCD_ResumeCallback                   0x08001295   Thumb Code     8  usbd_conf.o(i.HAL_PCD_ResumeCallback)
    HAL_PCD_SOFCallback                      0x0800129d   Thumb Code     8  usbd_conf.o(i.HAL_PCD_SOFCallback)
    HAL_PCD_SetAddress                       0x080012a5   Thumb Code    40  stm32f2xx_hal_pcd.o(i.HAL_PCD_SetAddress)
    HAL_PCD_SetupStageCallback               0x080012cd   Thumb Code    14  usbd_conf.o(i.HAL_PCD_SetupStageCallback)
    HAL_PCD_Start                            0x080012db   Thumb Code    42  stm32f2xx_hal_pcd.o(i.HAL_PCD_Start)
    HAL_PCD_SuspendCallback                  0x08001305   Thumb Code    44  usbd_conf.o(i.HAL_PCD_SuspendCallback)
    HAL_RCC_GetHCLKFreq                      0x08001335   Thumb Code     6  stm32f2xx_hal_rcc.o(i.HAL_RCC_GetHCLKFreq)
    HAL_SYSTICK_Config                       0x08001341   Thumb Code    40  stm32f2xx_hal_cortex.o(i.HAL_SYSTICK_Config)
    HardFault_Handler                        0x08001369   Thumb Code     2  stm32f2xx_it.o(i.HardFault_Handler)
    LL_SetSystemCoreClock                    0x080013bd   Thumb Code     6  stm32f2xx_ll_utils.o(i.LL_SetSystemCoreClock)
    MX_USB_DEVICE_Init                       0x080013c9   Thumb Code    66  usb_device.o(i.MX_USB_DEVICE_Init)
    MemManage_Handler                        0x0800141d   Thumb Code     2  stm32f2xx_it.o(i.MemManage_Handler)
    NMI_Handler                              0x0800141f   Thumb Code     2  stm32f2xx_it.o(i.NMI_Handler)
    OTG_FS_IRQHandler                        0x08001421   Thumb Code     6  stm32f2xx_it.o(i.OTG_FS_IRQHandler)
    PendSV_Handler                           0x0800159b   Thumb Code     2  stm32f2xx_it.o(i.PendSV_Handler)
    SVC_Handler                              0x0800159d   Thumb Code     2  stm32f2xx_it.o(i.SVC_Handler)
    SysTick_Handler                          0x0800159f   Thumb Code     4  stm32f2xx_it.o(i.SysTick_Handler)
    SystemClock_Config                       0x080015a5   Thumb Code   172  main.o(i.SystemClock_Config)
    SystemInit                               0x0800166d   Thumb Code     2  system_stm32f2xx.o(i.SystemInit)
    USBD_CDC_GetDeviceQualifierDescriptor    0x08001751   Thumb Code     8  usbd_cdc.o(i.USBD_CDC_GetDeviceQualifierDescriptor)
    USBD_CDC_ReceivePacket                   0x08001815   Thumb Code    40  usbd_cdc.o(i.USBD_CDC_ReceivePacket)
    USBD_CDC_RegisterInterface               0x0800183d   Thumb Code    16  usbd_cdc.o(i.USBD_CDC_RegisterInterface)
    USBD_CDC_SetRxBuffer                     0x0800184d   Thumb Code    12  usbd_cdc.o(i.USBD_CDC_SetRxBuffer)
    USBD_CDC_SetTxBuffer                     0x08001859   Thumb Code    16  usbd_cdc.o(i.USBD_CDC_SetTxBuffer)
    USBD_ClrClassConfig                      0x08001915   Thumb Code    14  usbd_core.o(i.USBD_ClrClassConfig)
    USBD_CtlContinueRx                       0x08001923   Thumb Code    16  usbd_ioreq.o(i.USBD_CtlContinueRx)
    USBD_CtlContinueSendData                 0x08001933   Thumb Code    16  usbd_ioreq.o(i.USBD_CtlContinueSendData)
    USBD_CtlError                            0x08001943   Thumb Code    22  usbd_ctlreq.o(i.USBD_CtlError)
    USBD_CtlPrepareRx                        0x08001959   Thumb Code    30  usbd_ioreq.o(i.USBD_CtlPrepareRx)
    USBD_CtlReceiveStatus                    0x08001977   Thumb Code    22  usbd_ioreq.o(i.USBD_CtlReceiveStatus)
    USBD_CtlSendData                         0x0800198d   Thumb Code    26  usbd_ioreq.o(i.USBD_CtlSendData)
    USBD_CtlSendStatus                       0x080019a7   Thumb Code    22  usbd_ioreq.o(i.USBD_CtlSendStatus)
    USBD_FS_ConfigStrDescriptor              0x080019bd   Thumb Code    16  usbd_desc.o(i.USBD_FS_ConfigStrDescriptor)
    USBD_FS_DeviceDescriptor                 0x080019dd   Thumb Code     8  usbd_desc.o(i.USBD_FS_DeviceDescriptor)
    USBD_FS_InterfaceStrDescriptor           0x080019e9   Thumb Code    16  usbd_desc.o(i.USBD_FS_InterfaceStrDescriptor)
    USBD_FS_LangIDStrDescriptor              0x08001a0d   Thumb Code     8  usbd_desc.o(i.USBD_FS_LangIDStrDescriptor)
    USBD_FS_ManufacturerStrDescriptor        0x08001a19   Thumb Code    16  usbd_desc.o(i.USBD_FS_ManufacturerStrDescriptor)
    USBD_FS_ProductStrDescriptor             0x08001a41   Thumb Code    16  usbd_desc.o(i.USBD_FS_ProductStrDescriptor)
    USBD_FS_SerialStrDescriptor              0x08001a6d   Thumb Code    48  usbd_desc.o(i.USBD_FS_SerialStrDescriptor)
    USBD_GetString                           0x08001b8d   Thumb Code    72  usbd_ctlreq.o(i.USBD_GetString)
    USBD_Get_USB_Status                      0x08001bd5   Thumb Code    24  usbd_conf.o(i.USBD_Get_USB_Status)
    USBD_Init                                0x08001bed   Thumb Code    42  usbd_core.o(i.USBD_Init)
    USBD_LL_ClearStallEP                     0x08001c17   Thumb Code    18  usbd_conf.o(i.USBD_LL_ClearStallEP)
    USBD_LL_CloseEP                          0x08001c29   Thumb Code    18  usbd_conf.o(i.USBD_LL_CloseEP)
    USBD_LL_DataInStage                      0x08001c3b   Thumb Code   198  usbd_core.o(i.USBD_LL_DataInStage)
    USBD_LL_DataOutStage                     0x08001d01   Thumb Code   130  usbd_core.o(i.USBD_LL_DataOutStage)
    USBD_LL_DevConnected                     0x08001d83   Thumb Code     4  usbd_core.o(i.USBD_LL_DevConnected)
    USBD_LL_DevDisconnected                  0x08001d87   Thumb Code    22  usbd_core.o(i.USBD_LL_DevDisconnected)
    USBD_LL_GetRxDataSize                    0x08001d9d   Thumb Code     8  usbd_conf.o(i.USBD_LL_GetRxDataSize)
    USBD_LL_Init                             0x08001da5   Thumb Code    88  usbd_conf.o(i.USBD_LL_Init)
    USBD_LL_IsStallEP                        0x08001e01   Thumb Code    32  usbd_conf.o(i.USBD_LL_IsStallEP)
    USBD_LL_IsoINIncomplete                  0x08001e21   Thumb Code     4  usbd_core.o(i.USBD_LL_IsoINIncomplete)
    USBD_LL_IsoOUTIncomplete                 0x08001e25   Thumb Code     4  usbd_core.o(i.USBD_LL_IsoOUTIncomplete)
    USBD_LL_OpenEP                           0x08001e29   Thumb Code    24  usbd_conf.o(i.USBD_LL_OpenEP)
    USBD_LL_PrepareReceive                   0x08001e41   Thumb Code    18  usbd_conf.o(i.USBD_LL_PrepareReceive)
    USBD_LL_Reset                            0x08001e53   Thumb Code    80  usbd_core.o(i.USBD_LL_Reset)
    USBD_LL_Resume                           0x08001ea3   Thumb Code    20  usbd_core.o(i.USBD_LL_Resume)
    USBD_LL_SOF                              0x08001eb7   Thumb Code    24  usbd_core.o(i.USBD_LL_SOF)
    USBD_LL_SetSpeed                         0x08001ecf   Thumb Code     6  usbd_core.o(i.USBD_LL_SetSpeed)
    USBD_LL_SetUSBAddress                    0x08001ed5   Thumb Code    18  usbd_conf.o(i.USBD_LL_SetUSBAddress)
    USBD_LL_SetupStage                       0x08001ee7   Thumb Code    90  usbd_core.o(i.USBD_LL_SetupStage)
    USBD_LL_StallEP                          0x08001f41   Thumb Code    18  usbd_conf.o(i.USBD_LL_StallEP)
    USBD_LL_Start                            0x08001f53   Thumb Code    18  usbd_conf.o(i.USBD_LL_Start)
    USBD_LL_Suspend                          0x08001f65   Thumb Code    18  usbd_core.o(i.USBD_LL_Suspend)
    USBD_LL_Transmit                         0x08001f77   Thumb Code    18  usbd_conf.o(i.USBD_LL_Transmit)
    USBD_ParseSetupRequest                   0x08001f89   Thumb Code    40  usbd_ctlreq.o(i.USBD_ParseSetupRequest)
    USBD_RegisterClass                       0x08001fb1   Thumb Code    16  usbd_core.o(i.USBD_RegisterClass)
    USBD_SetClassConfig                      0x08001fc1   Thumb Code    22  usbd_core.o(i.USBD_SetClassConfig)
    USBD_Start                               0x0800205d   Thumb Code    10  usbd_core.o(i.USBD_Start)
    USBD_StdDevReq                           0x08002067   Thumb Code   274  usbd_ctlreq.o(i.USBD_StdDevReq)
    USBD_StdEPReq                            0x08002179   Thumb Code   336  usbd_ctlreq.o(i.USBD_StdEPReq)
    USBD_StdItfReq                           0x080022c9   Thumb Code    78  usbd_ctlreq.o(i.USBD_StdItfReq)
    USB_ActivateEndpoint                     0x08002319   Thumb Code   122  stm32f2xx_ll_usb.o(i.USB_ActivateEndpoint)
    USB_ActivateSetup                        0x08002399   Thumb Code    28  stm32f2xx_ll_usb.o(i.USB_ActivateSetup)
    USB_CoreInit                             0x080023b5   Thumb Code   102  stm32f2xx_ll_usb.o(i.USB_CoreInit)
    USB_DeactivateEndpoint                   0x08002459   Thumb Code   194  stm32f2xx_ll_usb.o(i.USB_DeactivateEndpoint)
    USB_DevConnect                           0x08002525   Thumb Code    28  stm32f2xx_ll_usb.o(i.USB_DevConnect)
    USB_DevDisconnect                        0x08002541   Thumb Code    28  stm32f2xx_ll_usb.o(i.USB_DevDisconnect)
    USB_DevInit                              0x0800255d   Thumb Code   362  stm32f2xx_ll_usb.o(i.USB_DevInit)
    USB_DisableGlobalInt                     0x080026d1   Thumb Code    12  stm32f2xx_ll_usb.o(i.USB_DisableGlobalInt)
    USB_EP0StartXfer                         0x080026dd   Thumb Code   276  stm32f2xx_ll_usb.o(i.USB_EP0StartXfer)
    USB_EP0_OutStart                         0x080027f5   Thumb Code    84  stm32f2xx_ll_usb.o(i.USB_EP0_OutStart)
    USB_EPClearStall                         0x0800284d   Thumb Code    88  stm32f2xx_ll_usb.o(i.USB_EPClearStall)
    USB_EPSetStall                           0x080028a5   Thumb Code    88  stm32f2xx_ll_usb.o(i.USB_EPSetStall)
    USB_EPStartXfer                          0x080028fd   Thumb Code   482  stm32f2xx_ll_usb.o(i.USB_EPStartXfer)
    USB_EnableGlobalInt                      0x08002ae5   Thumb Code    12  stm32f2xx_ll_usb.o(i.USB_EnableGlobalInt)
    USB_FlushRxFifo                          0x08002af1   Thumb Code    28  stm32f2xx_ll_usb.o(i.USB_FlushRxFifo)
    USB_FlushTxFifo                          0x08002b11   Thumb Code    32  stm32f2xx_ll_usb.o(i.USB_FlushTxFifo)
    USB_GetDevSpeed                          0x08002b35   Thumb Code    26  stm32f2xx_ll_usb.o(i.USB_GetDevSpeed)
    USB_GetMode                              0x08002b4f   Thumb Code     8  stm32f2xx_ll_usb.o(i.USB_GetMode)
    USB_ReadDevAllInEpInterrupt              0x08002b57   Thumb Code    14  stm32f2xx_ll_usb.o(i.USB_ReadDevAllInEpInterrupt)
    USB_ReadDevAllOutEpInterrupt             0x08002b65   Thumb Code    14  stm32f2xx_ll_usb.o(i.USB_ReadDevAllOutEpInterrupt)
    USB_ReadDevInEPInterrupt                 0x08002b73   Thumb Code    36  stm32f2xx_ll_usb.o(i.USB_ReadDevInEPInterrupt)
    USB_ReadDevOutEPInterrupt                0x08002b97   Thumb Code    16  stm32f2xx_ll_usb.o(i.USB_ReadDevOutEPInterrupt)
    USB_ReadInterrupts                       0x08002ba7   Thumb Code     8  stm32f2xx_ll_usb.o(i.USB_ReadInterrupts)
    USB_ReadPacket                           0x08002baf   Thumb Code    62  stm32f2xx_ll_usb.o(i.USB_ReadPacket)
    USB_SetCurrentMode                       0x08002bed   Thumb Code    92  stm32f2xx_ll_usb.o(i.USB_SetCurrentMode)
    USB_SetDevAddress                        0x08002c49   Thumb Code    34  stm32f2xx_ll_usb.o(i.USB_SetDevAddress)
    USB_SetTurnaroundTime                    0x08002c6d   Thumb Code   158  stm32f2xx_ll_usb.o(i.USB_SetTurnaroundTime)
    USB_WritePacket                          0x08002d55   Thumb Code    40  stm32f2xx_ll_usb.o(i.USB_WritePacket)
    UsageFault_Handler                       0x08002d7d   Thumb Code     2  stm32f2xx_it.o(i.UsageFault_Handler)
    main                                     0x08002d9f   Thumb Code    26  main.o(i.main)
    Region$$Table$$Base                      0x08002db8   Number         0  anon$$obj.o(Region$$Table)
    Region$$Table$$Limit                     0x08002dd8   Number         0  anon$$obj.o(Region$$Table)
    FS_Desc                                  0x20000000   Data          28  usbd_desc.o(.data)
    USBD_LangIDDesc                          0x2000001c   Data           4  usbd_desc.o(.data)
    USBD_FS_DeviceDesc                       0x20000020   Data          18  usbd_desc.o(.data)
    USBD_StringSerial                        0x20000034   Data          26  usbd_desc.o(.data)
    USBD_Interface_fops_FS                   0x20000050   Data          16  usbd_cdc_if.o(.data)
    uwTickFreq                               0x20000060   Data           1  stm32f2xx_hal.o(.data)
    uwTickPrio                               0x20000064   Data           4  stm32f2xx_hal.o(.data)
    uwTick                                   0x20000068   Data           4  stm32f2xx_hal.o(.data)
    SystemCoreClock                          0x2000006c   Data           4  system_stm32f2xx.o(.data)
    USBD_CDC_CfgHSDesc                       0x20000080   Data          67  usbd_cdc.o(.data)
    USBD_CDC_CfgFSDesc                       0x200000c4   Data          67  usbd_cdc.o(.data)
    USBD_CDC_OtherSpeedCfgDesc               0x20000108   Data          67  usbd_cdc.o(.data)
    USBD_CDC                                 0x2000014c   Data          56  usbd_cdc.o(.data)
    hUsbDeviceFS                             0x20000184   Data         708  usb_device.o(.bss)
    USBD_StrDesc                             0x20000448   Data         512  usbd_desc.o(.bss)
    UserRxBufferFS                           0x20000648   Data        2048  usbd_cdc_if.o(.bss)
    UserTxBufferFS                           0x20000e48   Data        2048  usbd_cdc_if.o(.bss)
    hpcd_USB_OTG_FS                          0x20001648   Data        1024  usbd_conf.o(.bss)
    __libspace_start                         0x20001a48   Data          96  libspace.o(.bss)
    __temporary_stack_top$libspace           0x20001aa8   Data           0  libspace.o(.bss)



==============================================================================

Memory Map of the image

  Image Entry point : 0x08000185

  Load Region LR_IROM1 (Base: 0x08000000, Size: 0x00002f5c, Max: 0x00100000, ABSOLUTE, COMPRESSED[0x00002e98])

    Execution Region ER_IROM1 (Exec base: 0x08000000, Load base: 0x08000000, Size: 0x00002dd8, Max: 0x00100000, ABSOLUTE)

    Exec Addr    Load Addr    Size         Type   Attr      Idx    E Section Name        Object

    0x08000000   0x08000000   0x00000184   Data   RO            3    RESET               startup_stm32f207xx.o
    0x08000184   0x08000184   0x00000008   Code   RO         3107  * !!!main             c_w.l(__main.o)
    0x0800018c   0x0800018c   0x00000034   Code   RO         3320    !!!scatter          c_w.l(__scatter.o)
    0x080001c0   0x080001c0   0x0000005a   Code   RO         3318    !!dczerorl2         c_w.l(__dczerorl2.o)
    0x0800021a   0x0800021a   0x00000002   PAD
    0x0800021c   0x0800021c   0x0000001c   Code   RO         3322    !!handler_zi        c_w.l(__scatter_zi.o)
    0x08000238   0x08000238   0x00000002   Code   RO         3257    .ARM.Collect$$libinit$$00000000  c_w.l(libinit.o)
    0x0800023a   0x0800023a   0x00000000   Code   RO         3144    .ARM.Collect$$libinit$$00000002  c_w.l(libinit2.o)
    0x0800023a   0x0800023a   0x00000000   Code   RO         3146    .ARM.Collect$$libinit$$00000004  c_w.l(libinit2.o)
    0x0800023a   0x0800023a   0x00000008   Code   RO         3147    .ARM.Collect$$libinit$$00000005  c_w.l(libinit2.o)
    0x08000242   0x08000242   0x00000000   Code   RO         3149    .ARM.Collect$$libinit$$0000000A  c_w.l(libinit2.o)
    0x08000242   0x08000242   0x00000000   Code   RO         3151    .ARM.Collect$$libinit$$0000000C  c_w.l(libinit2.o)
    0x08000242   0x08000242   0x00000000   Code   RO         3153    .ARM.Collect$$libinit$$0000000E  c_w.l(libinit2.o)
    0x08000242   0x08000242   0x00000000   Code   RO         3156    .ARM.Collect$$libinit$$00000011  c_w.l(libinit2.o)
    0x08000242   0x08000242   0x00000000   Code   RO         3158    .ARM.Collect$$libinit$$00000013  c_w.l(libinit2.o)
    0x08000242   0x08000242   0x00000000   Code   RO         3160    .ARM.Collect$$libinit$$00000015  c_w.l(libinit2.o)
    0x08000242   0x08000242   0x00000000   Code   RO         3162    .ARM.Collect$$libinit$$00000017  c_w.l(libinit2.o)
    0x08000242   0x08000242   0x00000000   Code   RO         3164    .ARM.Collect$$libinit$$00000019  c_w.l(libinit2.o)
    0x08000242   0x08000242   0x00000000   Code   RO         3166    .ARM.Collect$$libinit$$0000001B  c_w.l(libinit2.o)
    0x08000242   0x08000242   0x00000000   Code   RO         3168    .ARM.Collect$$libinit$$0000001D  c_w.l(libinit2.o)
    0x08000242   0x08000242   0x00000000   Code   RO         3170    .ARM.Collect$$libinit$$0000001F  c_w.l(libinit2.o)
    0x08000242   0x08000242   0x00000000   Code   RO         3172    .ARM.Collect$$libinit$$00000021  c_w.l(libinit2.o)
    0x08000242   0x08000242   0x00000000   Code   RO         3174    .ARM.Collect$$libinit$$00000023  c_w.l(libinit2.o)
    0x08000242   0x08000242   0x00000000   Code   RO         3176    .ARM.Collect$$libinit$$00000025  c_w.l(libinit2.o)
    0x08000242   0x08000242   0x00000000   Code   RO         3180    .ARM.Collect$$libinit$$0000002C  c_w.l(libinit2.o)
    0x08000242   0x08000242   0x00000000   Code   RO         3182    .ARM.Collect$$libinit$$0000002E  c_w.l(libinit2.o)
    0x08000242   0x08000242   0x00000000   Code   RO         3184    .ARM.Collect$$libinit$$00000030  c_w.l(libinit2.o)
    0x08000242   0x08000242   0x00000000   Code   RO         3186    .ARM.Collect$$libinit$$00000032  c_w.l(libinit2.o)
    0x08000242   0x08000242   0x00000002   Code   RO         3187    .ARM.Collect$$libinit$$00000033  c_w.l(libinit2.o)
    0x08000244   0x08000244   0x00000002   Code   RO         3315    .ARM.Collect$$libshutdown$$00000000  c_w.l(libshutdown.o)
    0x08000246   0x08000246   0x00000000   Code   RO         3273    .ARM.Collect$$libshutdown$$00000002  c_w.l(libshutdown2.o)
    0x08000246   0x08000246   0x00000000   Code   RO         3275    .ARM.Collect$$libshutdown$$00000004  c_w.l(libshutdown2.o)
    0x08000246   0x08000246   0x00000000   Code   RO         3278    .ARM.Collect$$libshutdown$$00000007  c_w.l(libshutdown2.o)
    0x08000246   0x08000246   0x00000000   Code   RO         3281    .ARM.Collect$$libshutdown$$0000000A  c_w.l(libshutdown2.o)
    0x08000246   0x08000246   0x00000000   Code   RO         3283    .ARM.Collect$$libshutdown$$0000000C  c_w.l(libshutdown2.o)
    0x08000246   0x08000246   0x00000000   Code   RO         3286    .ARM.Collect$$libshutdown$$0000000F  c_w.l(libshutdown2.o)
    0x08000246   0x08000246   0x00000002   Code   RO         3287    .ARM.Collect$$libshutdown$$00000010  c_w.l(libshutdown2.o)
    0x08000248   0x08000248   0x00000000   Code   RO         3111    .ARM.Collect$$rtentry$$00000000  c_w.l(__rtentry.o)
    0x08000248   0x08000248   0x00000000   Code   RO         3194    .ARM.Collect$$rtentry$$00000002  c_w.l(__rtentry2.o)
    0x08000248   0x08000248   0x00000006   Code   RO         3206    .ARM.Collect$$rtentry$$00000004  c_w.l(__rtentry4.o)
    0x0800024e   0x0800024e   0x00000000   Code   RO         3196    .ARM.Collect$$rtentry$$00000009  c_w.l(__rtentry2.o)
    0x0800024e   0x0800024e   0x00000004   Code   RO         3197    .ARM.Collect$$rtentry$$0000000A  c_w.l(__rtentry2.o)
    0x08000252   0x08000252   0x00000000   Code   RO         3199    .ARM.Collect$$rtentry$$0000000C  c_w.l(__rtentry2.o)
    0x08000252   0x08000252   0x00000008   Code   RO         3200    .ARM.Collect$$rtentry$$0000000D  c_w.l(__rtentry2.o)
    0x0800025a   0x0800025a   0x00000002   Code   RO         3260    .ARM.Collect$$rtexit$$00000000  c_w.l(rtexit.o)
    0x0800025c   0x0800025c   0x00000000   Code   RO         3291    .ARM.Collect$$rtexit$$00000002  c_w.l(rtexit2.o)
    0x0800025c   0x0800025c   0x00000004   Code   RO         3292    .ARM.Collect$$rtexit$$00000003  c_w.l(rtexit2.o)
    0x08000260   0x08000260   0x00000006   Code   RO         3293    .ARM.Collect$$rtexit$$00000004  c_w.l(rtexit2.o)
    0x08000266   0x08000266   0x00000002   PAD
    0x08000268   0x08000268   0x00000000   Code   RO         3212    .emb_text           c_w.l(maybetermalloc1.o)
    0x08000268   0x08000268   0x00000040   Code   RO            4    .text               startup_stm32f207xx.o
    0x080002a8   0x080002a8   0x0000005e   Code   RO         3041    .text               c_w.l(h1_alloc.o)
    0x08000306   0x08000306   0x0000004e   Code   RO         3043    .text               c_w.l(h1_free.o)
    0x08000354   0x08000354   0x00000064   Code   RO         3101    .text               c_w.l(rt_memcpy_w.o)
    0x080003b8   0x080003b8   0x0000004e   Code   RO         3103    .text               c_w.l(rt_memclr_w.o)
    0x08000406   0x08000406   0x00000006   Code   RO         3105    .text               c_w.l(heapauxi.o)
    0x0800040c   0x0800040c   0x00000008   Code   RO         3119    .text               c_w.l(rt_heap_descriptor_intlibspace.o)
    0x08000414   0x08000414   0x00000004   Code   RO         3121    .text               c_w.l(hguard.o)
    0x08000418   0x08000418   0x0000008a   Code   RO         3123    .text               c_w.l(init_alloc.o)
    0x080004a2   0x080004a2   0x0000000e   Code   RO         3127    .text               c_w.l(h1_init.o)
    0x080004b0   0x080004b0   0x00000008   Code   RO         3190    .text               c_w.l(libspace.o)
    0x080004b8   0x080004b8   0x00000034   Code   RO         3214    .text               c_w.l(h1_extend.o)
    0x080004ec   0x080004ec   0x0000000e   Code   RO         3218    .text               c_w.l(defsig_rtmem_outer.o)
    0x080004fa   0x080004fa   0x00000002   Code   RO         3229    .text               c_w.l(use_no_semi.o)
    0x080004fc   0x080004fc   0x00000000   Code   RO         3231    .text               c_w.l(indicate_semi.o)
    0x080004fc   0x080004fc   0x0000004a   Code   RO         3232    .text               c_w.l(sys_stackheap_outer.o)
    0x08000546   0x08000546   0x00000012   Code   RO         3238    .text               c_w.l(exit.o)
    0x08000558   0x08000558   0x0000000a   Code   RO         3240    .text               c_w.l(defsig_exit.o)
    0x08000562   0x08000562   0x00000002   PAD
    0x08000564   0x08000564   0x00000050   Code   RO         3246    .text               c_w.l(defsig_rtmem_inner.o)
    0x080005b4   0x080005b4   0x0000000c   Code   RO         3258    .text               c_w.l(sys_exit.o)
    0x080005c0   0x080005c0   0x00000032   Code   RO         3268    .text               c_w.l(defsig_general.o)
    0x080005f2   0x080005f2   0x0000000e   Code   RO         3288    .text               c_w.l(sys_wrch.o)
    0x08000600   0x08000600   0x00000002   Code   RO          194    i.BusFault_Handler  stm32f2xx_it.o
    0x08000602   0x08000602   0x00000004   Code   RO          443    i.CDC_Control_FS    usbd_cdc_if.o
    0x08000606   0x08000606   0x00000004   Code   RO          444    i.CDC_DeInit_FS     usbd_cdc_if.o
    0x0800060a   0x0800060a   0x00000002   PAD
    0x0800060c   0x0800060c   0x00000024   Code   RO          445    i.CDC_Init_FS       usbd_cdc_if.o
    0x08000630   0x08000630   0x00000018   Code   RO          446    i.CDC_Receive_FS    usbd_cdc_if.o
    0x08000648   0x08000648   0x00000002   Code   RO          195    i.DebugMon_Handler  stm32f2xx_it.o
    0x0800064a   0x0800064a   0x00000004   Code   RO           13    i.Error_Handler     main.o
    0x0800064e   0x0800064e   0x00000002   PAD
    0x08000650   0x08000650   0x00000024   Code   RO         1512    i.HAL_Delay         stm32f2xx_hal.o
    0x08000674   0x08000674   0x00000288   Code   RO         2313    i.HAL_GPIO_Init     stm32f2xx_hal_gpio.o
    0x080008fc   0x080008fc   0x0000000c   Code   RO         1518    i.HAL_GetTick       stm32f2xx_hal.o
    0x08000908   0x08000908   0x00000010   Code   RO         1524    i.HAL_IncTick       stm32f2xx_hal.o
    0x08000918   0x08000918   0x00000034   Code   RO         1525    i.HAL_Init          stm32f2xx_hal.o
    0x0800094c   0x0800094c   0x00000040   Code   RO         1526    i.HAL_InitTick      stm32f2xx_hal.o
    0x0800098c   0x0800098c   0x00000030   Code   RO          285    i.HAL_MspInit       stm32f2xx_hal_msp.o
    0x080009bc   0x080009bc   0x0000001a   Code   RO         1840    i.HAL_NVIC_EnableIRQ  stm32f2xx_hal_cortex.o
    0x080009d6   0x080009d6   0x00000002   PAD
    0x080009d8   0x080009d8   0x00000040   Code   RO         1846    i.HAL_NVIC_SetPriority  stm32f2xx_hal_cortex.o
    0x08000a18   0x08000a18   0x00000024   Code   RO         1847    i.HAL_NVIC_SetPriorityGrouping  stm32f2xx_hal_cortex.o
    0x08000a3c   0x08000a3c   0x00000008   Code   RO          744    i.HAL_PCDEx_SetRxFiFo  stm32f2xx_hal_pcd_ex.o
    0x08000a44   0x08000a44   0x00000044   Code   RO          745    i.HAL_PCDEx_SetTxFiFo  stm32f2xx_hal_pcd_ex.o
    0x08000a88   0x08000a88   0x00000008   Code   RO          495    i.HAL_PCD_ConnectCallback  usbd_conf.o
    0x08000a90   0x08000a90   0x00000012   Code   RO          496    i.HAL_PCD_DataInStageCallback  usbd_conf.o
    0x08000aa2   0x08000aa2   0x00000014   Code   RO          497    i.HAL_PCD_DataOutStageCallback  usbd_conf.o
    0x08000ab6   0x08000ab6   0x00000008   Code   RO          498    i.HAL_PCD_DisconnectCallback  usbd_conf.o
    0x08000abe   0x08000abe   0x0000004c   Code   RO          793    i.HAL_PCD_EP_Close  stm32f2xx_hal_pcd.o
    0x08000b0a   0x08000b0a   0x0000005c   Code   RO          794    i.HAL_PCD_EP_ClrStall  stm32f2xx_hal_pcd.o
    0x08000b66   0x08000b66   0x00000012   Code   RO          796    i.HAL_PCD_EP_GetRxCount  stm32f2xx_hal_pcd.o
    0x08000b78   0x08000b78   0x00000060   Code   RO          797    i.HAL_PCD_EP_Open   stm32f2xx_hal_pcd.o
    0x08000bd8   0x08000bd8   0x00000048   Code   RO          798    i.HAL_PCD_EP_Receive  stm32f2xx_hal_pcd.o
    0x08000c20   0x08000c20   0x00000074   Code   RO          799    i.HAL_PCD_EP_SetStall  stm32f2xx_hal_pcd.o
    0x08000c94   0x08000c94   0x00000040   Code   RO          800    i.HAL_PCD_EP_Transmit  stm32f2xx_hal_pcd.o
    0x08000cd4   0x08000cd4   0x0000041c   Code   RO          802    i.HAL_PCD_IRQHandler  stm32f2xx_hal_pcd.o
    0x080010f0   0x080010f0   0x00000008   Code   RO          499    i.HAL_PCD_ISOINIncompleteCallback  usbd_conf.o
    0x080010f8   0x080010f8   0x00000008   Code   RO          500    i.HAL_PCD_ISOOUTIncompleteCallback  usbd_conf.o
    0x08001100   0x08001100   0x000000e2   Code   RO          805    i.HAL_PCD_Init      stm32f2xx_hal_pcd.o
    0x080011e2   0x080011e2   0x00000002   PAD
    0x080011e4   0x080011e4   0x00000084   Code   RO          502    i.HAL_PCD_MspInit   usbd_conf.o
    0x08001268   0x08001268   0x0000002c   Code   RO          503    i.HAL_PCD_ResetCallback  usbd_conf.o
    0x08001294   0x08001294   0x00000008   Code   RO          504    i.HAL_PCD_ResumeCallback  usbd_conf.o
    0x0800129c   0x0800129c   0x00000008   Code   RO          505    i.HAL_PCD_SOFCallback  usbd_conf.o
    0x080012a4   0x080012a4   0x00000028   Code   RO          811    i.HAL_PCD_SetAddress  stm32f2xx_hal_pcd.o
    0x080012cc   0x080012cc   0x0000000e   Code   RO          506    i.HAL_PCD_SetupStageCallback  usbd_conf.o
    0x080012da   0x080012da   0x0000002a   Code   RO          813    i.HAL_PCD_Start     stm32f2xx_hal_pcd.o
    0x08001304   0x08001304   0x00000030   Code   RO          507    i.HAL_PCD_SuspendCallback  usbd_conf.o
    0x08001334   0x08001334   0x0000000c   Code   RO         1697    i.HAL_RCC_GetHCLKFreq  stm32f2xx_hal_rcc.o
    0x08001340   0x08001340   0x00000028   Code   RO         1851    i.HAL_SYSTICK_Config  stm32f2xx_hal_cortex.o
    0x08001368   0x08001368   0x00000002   Code   RO          196    i.HardFault_Handler  stm32f2xx_it.o
    0x0800136a   0x0800136a   0x00000002   PAD
    0x0800136c   0x0800136c   0x00000038   Code   RO          357    i.IntToUnicode      usbd_desc.o
    0x080013a4   0x080013a4   0x00000018   Code   RO           14    i.LL_AHB1_GRP1_EnableClock  main.o
    0x080013bc   0x080013bc   0x0000000c   Code   RO         1391    i.LL_SetSystemCoreClock  stm32f2xx_ll_utils.o
    0x080013c8   0x080013c8   0x00000054   Code   RO          309    i.MX_USB_DEVICE_Init  usb_device.o
    0x0800141c   0x0800141c   0x00000002   Code   RO          197    i.MemManage_Handler  stm32f2xx_it.o
    0x0800141e   0x0800141e   0x00000002   Code   RO          198    i.NMI_Handler       stm32f2xx_it.o
    0x08001420   0x08001420   0x0000000c   Code   RO          199    i.OTG_FS_IRQHandler  stm32f2xx_it.o
    0x0800142c   0x0800142c   0x000000cc   Code   RO          817    i.PCD_EP_OutXfrComplete_int  stm32f2xx_hal_pcd.o
    0x080014f8   0x080014f8   0x000000a2   Code   RO          818    i.PCD_WriteEmptyTxFifo  stm32f2xx_hal_pcd.o
    0x0800159a   0x0800159a   0x00000002   Code   RO          200    i.PendSV_Handler    stm32f2xx_it.o
    0x0800159c   0x0800159c   0x00000002   Code   RO          201    i.SVC_Handler       stm32f2xx_it.o
    0x0800159e   0x0800159e   0x00000004   Code   RO          202    i.SysTick_Handler   stm32f2xx_it.o
    0x080015a2   0x080015a2   0x00000002   PAD
    0x080015a4   0x080015a4   0x000000c8   Code   RO           15    i.SystemClock_Config  main.o
    0x0800166c   0x0800166c   0x00000002   Code   RO         2632    i.SystemInit        system_stm32f2xx.o
    0x0800166e   0x0800166e   0x0000004a   Code   RO         2932    i.USBD_CDC_DataIn   usbd_cdc.o
    0x080016b8   0x080016b8   0x0000002e   Code   RO         2933    i.USBD_CDC_DataOut  usbd_cdc.o
    0x080016e6   0x080016e6   0x00000044   Code   RO         2934    i.USBD_CDC_DeInit   usbd_cdc.o
    0x0800172a   0x0800172a   0x00000024   Code   RO         2935    i.USBD_CDC_EP0_RxReady  usbd_cdc.o
    0x0800174e   0x0800174e   0x00000002   PAD
    0x08001750   0x08001750   0x0000000c   Code   RO         2936    i.USBD_CDC_GetDeviceQualifierDescriptor  usbd_cdc.o
    0x0800175c   0x0800175c   0x0000000c   Code   RO         2937    i.USBD_CDC_GetFSCfgDesc  usbd_cdc.o
    0x08001768   0x08001768   0x0000000c   Code   RO         2938    i.USBD_CDC_GetHSCfgDesc  usbd_cdc.o
    0x08001774   0x08001774   0x0000000c   Code   RO         2939    i.USBD_CDC_GetOtherSpeedCfgDesc  usbd_cdc.o
    0x08001780   0x08001780   0x00000094   Code   RO         2940    i.USBD_CDC_Init     usbd_cdc.o
    0x08001814   0x08001814   0x00000028   Code   RO         2941    i.USBD_CDC_ReceivePacket  usbd_cdc.o
    0x0800183c   0x0800183c   0x00000010   Code   RO         2942    i.USBD_CDC_RegisterInterface  usbd_cdc.o
    0x0800184c   0x0800184c   0x0000000c   Code   RO         2943    i.USBD_CDC_SetRxBuffer  usbd_cdc.o
    0x08001858   0x08001858   0x00000010   Code   RO         2944    i.USBD_CDC_SetTxBuffer  usbd_cdc.o
    0x08001868   0x08001868   0x000000ac   Code   RO         2945    i.USBD_CDC_Setup    usbd_cdc.o
    0x08001914   0x08001914   0x0000000e   Code   RO         2669    i.USBD_ClrClassConfig  usbd_core.o
    0x08001922   0x08001922   0x00000010   Code   RO         2872    i.USBD_CtlContinueRx  usbd_ioreq.o
    0x08001932   0x08001932   0x00000010   Code   RO         2873    i.USBD_CtlContinueSendData  usbd_ioreq.o
    0x08001942   0x08001942   0x00000016   Code   RO         2807    i.USBD_CtlError     usbd_ctlreq.o
    0x08001958   0x08001958   0x0000001e   Code   RO         2874    i.USBD_CtlPrepareRx  usbd_ioreq.o
    0x08001976   0x08001976   0x00000016   Code   RO         2875    i.USBD_CtlReceiveStatus  usbd_ioreq.o
    0x0800198c   0x0800198c   0x0000001a   Code   RO         2876    i.USBD_CtlSendData  usbd_ioreq.o
    0x080019a6   0x080019a6   0x00000016   Code   RO         2877    i.USBD_CtlSendStatus  usbd_ioreq.o
    0x080019bc   0x080019bc   0x00000020   Code   RO          358    i.USBD_FS_ConfigStrDescriptor  usbd_desc.o
    0x080019dc   0x080019dc   0x0000000c   Code   RO          359    i.USBD_FS_DeviceDescriptor  usbd_desc.o
    0x080019e8   0x080019e8   0x00000024   Code   RO          360    i.USBD_FS_InterfaceStrDescriptor  usbd_desc.o
    0x08001a0c   0x08001a0c   0x0000000c   Code   RO          361    i.USBD_FS_LangIDStrDescriptor  usbd_desc.o
    0x08001a18   0x08001a18   0x00000028   Code   RO          362    i.USBD_FS_ManufacturerStrDescriptor  usbd_desc.o
    0x08001a40   0x08001a40   0x0000002c   Code   RO          363    i.USBD_FS_ProductStrDescriptor  usbd_desc.o
    0x08001a6c   0x08001a6c   0x00000038   Code   RO          364    i.USBD_FS_SerialStrDescriptor  usbd_desc.o
    0x08001aa4   0x08001aa4   0x000000e8   Code   RO         2808    i.USBD_GetDescriptor  usbd_ctlreq.o
    0x08001b8c   0x08001b8c   0x00000048   Code   RO         2809    i.USBD_GetString    usbd_ctlreq.o
    0x08001bd4   0x08001bd4   0x00000018   Code   RO          508    i.USBD_Get_USB_Status  usbd_conf.o
    0x08001bec   0x08001bec   0x0000002a   Code   RO         2671    i.USBD_Init         usbd_core.o
    0x08001c16   0x08001c16   0x00000012   Code   RO          509    i.USBD_LL_ClearStallEP  usbd_conf.o
    0x08001c28   0x08001c28   0x00000012   Code   RO          510    i.USBD_LL_CloseEP   usbd_conf.o
    0x08001c3a   0x08001c3a   0x000000c6   Code   RO         2672    i.USBD_LL_DataInStage  usbd_core.o
    0x08001d00   0x08001d00   0x00000082   Code   RO         2673    i.USBD_LL_DataOutStage  usbd_core.o
    0x08001d82   0x08001d82   0x00000004   Code   RO         2674    i.USBD_LL_DevConnected  usbd_core.o
    0x08001d86   0x08001d86   0x00000016   Code   RO         2675    i.USBD_LL_DevDisconnected  usbd_core.o
    0x08001d9c   0x08001d9c   0x00000008   Code   RO          514    i.USBD_LL_GetRxDataSize  usbd_conf.o
    0x08001da4   0x08001da4   0x0000005c   Code   RO          515    i.USBD_LL_Init      usbd_conf.o
    0x08001e00   0x08001e00   0x00000020   Code   RO          516    i.USBD_LL_IsStallEP  usbd_conf.o
    0x08001e20   0x08001e20   0x00000004   Code   RO         2676    i.USBD_LL_IsoINIncomplete  usbd_core.o
    0x08001e24   0x08001e24   0x00000004   Code   RO         2677    i.USBD_LL_IsoOUTIncomplete  usbd_core.o
    0x08001e28   0x08001e28   0x00000018   Code   RO          517    i.USBD_LL_OpenEP    usbd_conf.o
    0x08001e40   0x08001e40   0x00000012   Code   RO          518    i.USBD_LL_PrepareReceive  usbd_conf.o
    0x08001e52   0x08001e52   0x00000050   Code   RO         2678    i.USBD_LL_Reset     usbd_core.o
    0x08001ea2   0x08001ea2   0x00000014   Code   RO         2679    i.USBD_LL_Resume    usbd_core.o
    0x08001eb6   0x08001eb6   0x00000018   Code   RO         2680    i.USBD_LL_SOF       usbd_core.o
    0x08001ece   0x08001ece   0x00000006   Code   RO         2681    i.USBD_LL_SetSpeed  usbd_core.o
    0x08001ed4   0x08001ed4   0x00000012   Code   RO          519    i.USBD_LL_SetUSBAddress  usbd_conf.o
    0x08001ee6   0x08001ee6   0x0000005a   Code   RO         2682    i.USBD_LL_SetupStage  usbd_core.o
    0x08001f40   0x08001f40   0x00000012   Code   RO          520    i.USBD_LL_StallEP   usbd_conf.o
    0x08001f52   0x08001f52   0x00000012   Code   RO          521    i.USBD_LL_Start     usbd_conf.o
    0x08001f64   0x08001f64   0x00000012   Code   RO         2683    i.USBD_LL_Suspend   usbd_core.o
    0x08001f76   0x08001f76   0x00000012   Code   RO          523    i.USBD_LL_Transmit  usbd_conf.o
    0x08001f88   0x08001f88   0x00000028   Code   RO         2810    i.USBD_ParseSetupRequest  usbd_ctlreq.o
    0x08001fb0   0x08001fb0   0x00000010   Code   RO         2684    i.USBD_RegisterClass  usbd_core.o
    0x08001fc0   0x08001fc0   0x00000016   Code   RO         2686    i.USBD_SetClassConfig  usbd_core.o
    0x08001fd6   0x08001fd6   0x00000002   PAD
    0x08001fd8   0x08001fd8   0x00000084   Code   RO         2811    i.USBD_SetConfig    usbd_ctlreq.o
    0x0800205c   0x0800205c   0x0000000a   Code   RO         2687    i.USBD_Start        usbd_core.o
    0x08002066   0x08002066   0x00000112   Code   RO         2812    i.USBD_StdDevReq    usbd_ctlreq.o
    0x08002178   0x08002178   0x00000150   Code   RO         2813    i.USBD_StdEPReq     usbd_ctlreq.o
    0x080022c8   0x080022c8   0x0000004e   Code   RO         2814    i.USBD_StdItfReq    usbd_ctlreq.o
    0x08002316   0x08002316   0x00000002   PAD
    0x08002318   0x08002318   0x00000080   Code   RO         1011    i.USB_ActivateEndpoint  stm32f2xx_ll_usb.o
    0x08002398   0x08002398   0x0000001c   Code   RO         1013    i.USB_ActivateSetup  stm32f2xx_ll_usb.o
    0x080023b4   0x080023b4   0x0000006c   Code   RO         1015    i.USB_CoreInit      stm32f2xx_ll_usb.o
    0x08002420   0x08002420   0x00000038   Code   RO         1016    i.USB_CoreReset     stm32f2xx_ll_usb.o
    0x08002458   0x08002458   0x000000cc   Code   RO         1019    i.USB_DeactivateEndpoint  stm32f2xx_ll_usb.o
    0x08002524   0x08002524   0x0000001c   Code   RO         1020    i.USB_DevConnect    stm32f2xx_ll_usb.o
    0x08002540   0x08002540   0x0000001c   Code   RO         1021    i.USB_DevDisconnect  stm32f2xx_ll_usb.o
    0x0800255c   0x0800255c   0x00000174   Code   RO         1022    i.USB_DevInit       stm32f2xx_ll_usb.o
    0x080026d0   0x080026d0   0x0000000c   Code   RO         1023    i.USB_DisableGlobalInt  stm32f2xx_ll_usb.o
    0x080026dc   0x080026dc   0x00000118   Code   RO         1026    i.USB_EP0StartXfer  stm32f2xx_ll_usb.o
    0x080027f4   0x080027f4   0x00000058   Code   RO         1027    i.USB_EP0_OutStart  stm32f2xx_ll_usb.o
    0x0800284c   0x0800284c   0x00000058   Code   RO         1028    i.USB_EPClearStall  stm32f2xx_ll_usb.o
    0x080028a4   0x080028a4   0x00000058   Code   RO         1029    i.USB_EPSetStall    stm32f2xx_ll_usb.o
    0x080028fc   0x080028fc   0x000001e8   Code   RO         1030    i.USB_EPStartXfer   stm32f2xx_ll_usb.o
    0x08002ae4   0x08002ae4   0x0000000c   Code   RO         1031    i.USB_EnableGlobalInt  stm32f2xx_ll_usb.o
    0x08002af0   0x08002af0   0x00000020   Code   RO         1032    i.USB_FlushRxFifo   stm32f2xx_ll_usb.o
    0x08002b10   0x08002b10   0x00000024   Code   RO         1033    i.USB_FlushTxFifo   stm32f2xx_ll_usb.o
    0x08002b34   0x08002b34   0x0000001a   Code   RO         1035    i.USB_GetDevSpeed   stm32f2xx_ll_usb.o
    0x08002b4e   0x08002b4e   0x00000008   Code   RO         1037    i.USB_GetMode       stm32f2xx_ll_usb.o
    0x08002b56   0x08002b56   0x0000000e   Code   RO         1044    i.USB_ReadDevAllInEpInterrupt  stm32f2xx_ll_usb.o
    0x08002b64   0x08002b64   0x0000000e   Code   RO         1045    i.USB_ReadDevAllOutEpInterrupt  stm32f2xx_ll_usb.o
    0x08002b72   0x08002b72   0x00000024   Code   RO         1046    i.USB_ReadDevInEPInterrupt  stm32f2xx_ll_usb.o
    0x08002b96   0x08002b96   0x00000010   Code   RO         1047    i.USB_ReadDevOutEPInterrupt  stm32f2xx_ll_usb.o
    0x08002ba6   0x08002ba6   0x00000008   Code   RO         1048    i.USB_ReadInterrupts  stm32f2xx_ll_usb.o
    0x08002bae   0x08002bae   0x0000003e   Code   RO         1049    i.USB_ReadPacket    stm32f2xx_ll_usb.o
    0x08002bec   0x08002bec   0x0000005c   Code   RO         1051    i.USB_SetCurrentMode  stm32f2xx_ll_usb.o
    0x08002c48   0x08002c48   0x00000022   Code   RO         1052    i.USB_SetDevAddress  stm32f2xx_ll_usb.o
    0x08002c6a   0x08002c6a   0x00000002   PAD
    0x08002c6c   0x08002c6c   0x000000e8   Code   RO         1054    i.USB_SetTurnaroundTime  stm32f2xx_ll_usb.o
    0x08002d54   0x08002d54   0x00000028   Code   RO         1057    i.USB_WritePacket   stm32f2xx_ll_usb.o
    0x08002d7c   0x08002d7c   0x00000002   Code   RO          203    i.UsageFault_Handler  stm32f2xx_it.o
    0x08002d7e   0x08002d7e   0x00000020   Code   RO         1853    i.__NVIC_SetPriority  stm32f2xx_hal_cortex.o
    0x08002d9e   0x08002d9e   0x0000001a   Code   RO           16    i.main              main.o
    0x08002db8   0x08002db8   0x00000020   Data   RO         3316    Region$$Table       anon$$obj.o


    Execution Region RW_IRAM1 (Exec base: 0x20000000, Load base: 0x08002dd8, Size: 0x00007aa8, Max: 0x0001c000, ABSOLUTE, COMPRESSED[0x000000c0])

    Exec Addr    Load Addr    Size         Type   Attr      Idx    E Section Name        Object

    0x20000000   COMPRESSED   0x0000001c   Data   RW          366    .data               usbd_desc.o
    0x2000001c   COMPRESSED   0x00000032   Data   RW          367    .data               usbd_desc.o
    0x2000004e   COMPRESSED   0x00000002   PAD
    0x20000050   COMPRESSED   0x00000010   Data   RW          449    .data               usbd_cdc_if.o
    0x20000060   COMPRESSED   0x0000000c   Data   RW         1532    .data               stm32f2xx_hal.o
    0x2000006c   COMPRESSED   0x00000004   Data   RW         2635    .data               system_stm32f2xx.o
    0x20000070   COMPRESSED   0x00000001   Data   RW         2815    .data               usbd_ctlreq.o
    0x20000071   COMPRESSED   0x00000003   PAD
    0x20000074   COMPRESSED   0x000000d7   Data   RW         2947    .data               usbd_cdc.o
    0x2000014b   COMPRESSED   0x00000001   PAD
    0x2000014c   COMPRESSED   0x00000038   Data   RW         2948    .data               usbd_cdc.o
    0x20000184        -       0x000002c4   Zero   RW          310    .bss                usb_device.o
    0x20000448        -       0x00000200   Zero   RW          365    .bss                usbd_desc.o
    0x20000648        -       0x00001000   Zero   RW          448    .bss                usbd_cdc_if.o
    0x20001648        -       0x00000400   Zero   RW          524    .bss                usbd_conf.o
    0x20001a48        -       0x00000060   Zero   RW         3191    .bss                c_w.l(libspace.o)
    0x20001aa8        -       0x00002000   Zero   RW            2    HEAP                startup_stm32f207xx.o
    0x20003aa8        -       0x00004000   Zero   RW            1    STACK               startup_stm32f207xx.o


    Execution Region RW_IRAM2 (Exec base: 0x2001c000, Load base: 0x08002e98, Size: 0x00000000, Max: 0x00004000, ABSOLUTE)

    **** No section assigned to this execution region ****


==============================================================================

Image component sizes


      Code (inc. data)   RO Data    RW Data    ZI Data      Debug   Object Name

       254         34          0          0          0     646836   main.o
        64         26        388          0      24576        796   startup_stm32f207xx.o
       180         28          0         12          0       8957   stm32f2xx_hal.o
       198         14          0          0          0      30547   stm32f2xx_hal_cortex.o
       648         50          0          0          0       1612   stm32f2xx_hal_gpio.o
        48          6          0          0          0        806   stm32f2xx_hal_msp.o
      2260         14          0          0          0      12033   stm32f2xx_hal_pcd.o
        76          0          0          0          0       1744   stm32f2xx_hal_pcd_ex.o
        12          6          0          0          0       1130   stm32f2xx_hal_rcc.o
        32          6          0          0          0       4154   stm32f2xx_it.o
      2658        134          0          0          0      21696   stm32f2xx_ll_usb.o
        12          6          0          0          0       6688   stm32f2xx_ll_utils.o
         2          0          0          4          0       1071   system_stm32f2xx.o
        84         18          0          0        708       2499   usb_device.o
       676         16          0        271          0      12036   usbd_cdc.o
        68         16          0         16       4096       2518   usbd_cdc_if.o
       630         18          0          0       1024      14540   usbd_conf.o
       704          0          0          0          0      11501   usbd_core.o
      1186         28          0          1          0       7780   usbd_ctlreq.o
       288        104          0         78        512       5777   usbd_desc.o
       132          0          0          0          0       4220   usbd_ioreq.o

    ----------------------------------------------------------------------
     10232        524        420        388      30916     798941   Object Totals
         0          0         32          0          0          0   (incl. Generated)
        20          0          0          6          0          0   (incl. Padding)

    ----------------------------------------------------------------------

      Code (inc. data)   RO Data    RW Data    ZI Data      Debug   Library Member Name

        90          0          0          0          0          0   __dczerorl2.o
         8          0          0          0          0         68   __main.o
         0          0          0          0          0          0   __rtentry.o
        12          0          0          0          0          0   __rtentry2.o
         6          0          0          0          0          0   __rtentry4.o
        52          8          0          0          0          0   __scatter.o
        28          0          0          0          0          0   __scatter_zi.o
        10          0          0          0          0         68   defsig_exit.o
        50          0          0          0          0         88   defsig_general.o
        80         58          0          0          0         76   defsig_rtmem_inner.o
        14          0          0          0          0         80   defsig_rtmem_outer.o
        18          0          0          0          0         80   exit.o
        94          0          0          0          0         80   h1_alloc.o
        52          0          0          0          0         68   h1_extend.o
        78          0          0          0          0         80   h1_free.o
        14          0          0          0          0         84   h1_init.o
         6          0          0          0          0        152   heapauxi.o
         4          0          0          0          0        136   hguard.o
         0          0          0          0          0          0   indicate_semi.o
       138          0          0          0          0        168   init_alloc.o
         2          0          0          0          0          0   libinit.o
        10          0          0          0          0          0   libinit2.o
         2          0          0          0          0          0   libshutdown.o
         2          0          0          0          0          0   libshutdown2.o
         8          4          0          0         96         68   libspace.o
         0          0          0          0          0          0   maybetermalloc1.o
         8          4          0          0          0         68   rt_heap_descriptor_intlibspace.o
        78          0          0          0          0         80   rt_memclr_w.o
       100          0          0          0          0         80   rt_memcpy_w.o
         2          0          0          0          0          0   rtexit.o
        10          0          0          0          0          0   rtexit2.o
        12          4          0          0          0         68   sys_exit.o
        74          0          0          0          0         80   sys_stackheap_outer.o
        14          0          0          0          0         76   sys_wrch.o
         2          0          0          0          0         68   use_no_semi.o

    ----------------------------------------------------------------------
      1084         78          0          0         96       1816   Library Totals
         6          0          0          0          0          0   (incl. Padding)

    ----------------------------------------------------------------------

      Code (inc. data)   RO Data    RW Data    ZI Data      Debug   Library Name

      1078         78          0          0         96       1816   c_w.l

    ----------------------------------------------------------------------
      1084         78          0          0         96       1816   Library Totals

    ----------------------------------------------------------------------

==============================================================================


      Code (inc. data)   RO Data    RW Data    ZI Data      Debug   

     11316        602        420        388      31012     792069   Grand Totals
     11316        602        420        192      31012     792069   ELF Image Totals (compressed)
     11316        602        420        192          0          0   ROM Totals

==============================================================================

    Total RO  Size (Code + RO Data)                11736 (  11.46kB)
    Total RW  Size (RW Data + ZI Data)             31400 (  30.66kB)
    Total ROM Size (Code + RO Data + RW Data)      11928 (  11.65kB)

==============================================================================

