<html>
<body>
<pre>
<h1>µVision Build Log</h1>
<h2>Tool Versions:</h2>
IDE-Version: µVision V5.37.0.0
Copyright (C) 2022 ARM Ltd and ARM Germany GmbH. All rights reserved.
License Information: a a, a, LIC=----
 
Tool Versions:
Toolchain:       MDK-Lite  Version: 5.37.0.0
Toolchain Path:  C:\Keil_v5\ARM\ARMCC\Bin
C Compiler:      Armcc.exe V5.06 update 6 (build 750)
Assembler:       Armasm.exe V5.06 update 6 (build 750)
Linker/Locator:  ArmLink.exe V5.06 update 6 (build 750)
Library Manager: ArmAr.exe V5.06 update 6 (build 750)
Hex Converter:   FromElf.exe V5.06 update 6 (build 750)
CPU DLL:         SARMCM3.DLL V5.37.0.0
Dialog DLL:      DCM.DLL V1.17.5.0
Target DLL:      STLink\ST-LINKIII-KEIL_SWO.dll V3.0.9.0
Dialog DLL:      TCM.DLL V1.56.1.0
 
<h2>Project:</h2>
D:\temp\TE-STM32F207\usb_cdc\usb_cdc\MDK-ARM\usb_cdc.uvprojx
Project File Date:  12/17/2022

<h2>Output:</h2>
*** Using Compiler 'V5.06 update 6 (build 750)', folder: 'C:\Keil_v5\ARM\ARMCC\Bin'
Build target 'usb_cdc'
compiling stm32f2xx_hal_msp.c...
compiling stm32f2xx_it.c...
compiling main.c...
compiling usb_device.c...
compiling usbd_cdc_if.c...
compiling usbd_desc.c...
compiling stm32f2xx_hal_pcd_ex.c...
compiling stm32f2xx_ll_gpio.c...
compiling usbd_conf.c...
compiling stm32f2xx_hal_pcd.c...
compiling stm32f2xx_ll_usb.c...
compiling stm32f2xx_ll_rcc.c...
compiling stm32f2xx_ll_exti.c...
compiling stm32f2xx_ll_utils.c...
compiling stm32f2xx_hal.c...
compiling stm32f2xx_hal_rcc_ex.c...
compiling stm32f2xx_hal_rcc.c...
compiling stm32f2xx_hal_cortex.c...
compiling stm32f2xx_hal_flash.c...
compiling stm32f2xx_hal_flash_ex.c...
compiling stm32f2xx_hal_pwr.c...
compiling stm32f2xx_hal_pwr_ex.c...
compiling stm32f2xx_hal_gpio.c...
compiling stm32f2xx_hal_dma.c...
compiling stm32f2xx_hal_tim.c...
compiling stm32f2xx_hal_dma_ex.c...
compiling stm32f2xx_hal_exti.c...
compiling stm32f2xx_hal_tim_ex.c...
compiling system_stm32f2xx.c...
compiling usbd_core.c...
compiling usbd_ctlreq.c...
compiling usbd_ioreq.c...
compiling usbd_cdc.c...
linking...
Program Size: Code=11316 RO-data=420 RW-data=388 ZI-data=31012  
FromELF: creating hex file...
"usb_cdc\usb_cdc.axf" - 0 Error(s), 0 Warning(s).

<h2>Software Packages used:</h2>

Package Vendor: ARM
                http://www.keil.com/pack/ARM.CMSIS.5.9.0.pack
                ARM.CMSIS.5.9.0
                CMSIS (Common Microcontroller Software Interface Standard)
   * Component: CORE Version: 5.6.0

Package Vendor: Keil
                http://www.keil.com/pack/Keil.STM32F2xx_DFP.2.10.0.pack
                Keil.STM32F2xx_DFP.2.10.0
                STMicroelectronics STM32F2 Series Device Support, Drivers and Examples

<h2>Collection of Component include folders:</h2>
  ./RTE/_usb_cdc
  C:/Users/Artem/AppData/Local/Arm/Packs/ARM/CMSIS/5.9.0/CMSIS/Core/Include
  C:/Users/Artem/AppData/Local/Arm/Packs/Keil/STM32F2xx_DFP/2.10.0/Drivers/CMSIS/Device/ST/STM32F2xx/Include

<h2>Collection of Component Files used:</h2>

   * Component: ARM::CMSIS:CORE:5.6.0
      Include file:  CMSIS/Core/Include/tz_context.h
Build Time Elapsed:  00:00:46
</pre>
</body>
</html>
